ARM GAS  C:\Users\VIDCOM~1\AppData\Local\Temp\cc0ryqef.s 			page 1


   1              		.cpu cortex-m3
   2              		.arch armv7-m
   3              		.fpu softvfp
   4              		.eabi_attribute 20, 1
   5              		.eabi_attribute 21, 1
   6              		.eabi_attribute 23, 3
   7              		.eabi_attribute 24, 1
   8              		.eabi_attribute 25, 1
   9              		.eabi_attribute 26, 1
  10              		.eabi_attribute 30, 1
  11              		.eabi_attribute 34, 1
  12              		.eabi_attribute 18, 4
  13              		.file	"BSP_ICA2D13.c"
  14              		.text
  15              	.Ltext0:
  16              		.cfi_sections	.debug_frame
  17              		.file 1 "Drivers/BSP/BSP_ICA2D13.c"
  18              		.section	.text.bsp_init,"ax",%progbits
  19              		.align	1
  20              		.global	bsp_init
  21              		.syntax unified
  22              		.thumb
  23              		.thumb_func
  25              	bsp_init:
  26              	.LFB574:
   1:Drivers/BSP/BSP_ICA2D13.c **** 
   2:Drivers/BSP/BSP_ICA2D13.c **** #include "BSP_ICA2D13.h"
   3:Drivers/BSP/BSP_ICA2D13.c **** 
   4:Drivers/BSP/BSP_ICA2D13.c **** // #include "adc.h"
   5:Drivers/BSP/BSP_ICA2D13.c **** #include "usart.h"
   6:Drivers/BSP/BSP_ICA2D13.c **** 
   7:Drivers/BSP/BSP_ICA2D13.c **** 
   8:Drivers/BSP/BSP_ICA2D13.c **** void bsp_init()
   9:Drivers/BSP/BSP_ICA2D13.c **** {
  27              		.loc 1 9 1 view -0
  28              		.cfi_startproc
  29              		@ args = 0, pretend = 0, frame = 0
  30              		@ frame_needed = 0, uses_anonymous_args = 0
  31              		@ link register save eliminated.
  10:Drivers/BSP/BSP_ICA2D13.c **** //   USART1->RTOR |= 10 << USART_RTOR_RTO_Pos;
  11:Drivers/BSP/BSP_ICA2D13.c **** //   huart3.Instance->CR1 |= USART_CR1_RTOIE;
  12:Drivers/BSP/BSP_ICA2D13.c **** //   huart3.Instance->CR2 |= USART_CR2_RTOEN;
  13:Drivers/BSP/BSP_ICA2D13.c **** //   HAL_DMA_Start(huart3.hdmarx, (uint32_t)&huart3.Instance->RDR, (uint32_t)modbusStruct._BuferRxT
  14:Drivers/BSP/BSP_ICA2D13.c **** //   huart3.Instance->CR3 |= USART_CR3_DMAR;
  15:Drivers/BSP/BSP_ICA2D13.c **** }
  32              		.loc 1 15 1 view .LVU1
  33 0000 7047     		bx	lr
  34              		.cfi_endproc
  35              	.LFE574:
  37              		.text
  38              	.Letext0:
  39              		.file 2 "c:\\vscode\\vscodestmtools\\arm-none-eabi-gcc\\12.2.1-1.2.1\\.content\\arm-none-eabi\\inc
  40              		.file 3 "c:\\vscode\\vscodestmtools\\arm-none-eabi-gcc\\12.2.1-1.2.1\\.content\\arm-none-eabi\\inc
  41              		.file 4 "Drivers/STM32F1xx_HAL_Driver/Inc/stm32f1xx_ll_tim.h"
  42              		.file 5 "Drivers/STM32F1xx_HAL_Driver/Inc/stm32f1xx_ll_dma.h"
ARM GAS  C:\Users\VIDCOM~1\AppData\Local\Temp\cc0ryqef.s 			page 2


DEFINED SYMBOLS
                            *ABS*:0000000000000000 BSP_ICA2D13.c
C:\Users\VIDCOM~1\AppData\Local\Temp\cc0ryqef.s:19     .text.bsp_init:0000000000000000 $t
C:\Users\VIDCOM~1\AppData\Local\Temp\cc0ryqef.s:25     .text.bsp_init:0000000000000000 bsp_init

NO UNDEFINED SYMBOLS
