Archive member included to satisfy reference by file (symbol)

c:/vscode/vscodestmtools/arm-none-eabi-gcc/12.2.1-1.2.1/.content/bin/../lib/gcc/arm-none-eabi/12.2.1/../../../../arm-none-eabi/lib/thumb/v7-m/nofp\libc_nano.a(libc_a-atexit.o)
                              c:/vscode/vscodestmtools/arm-none-eabi-gcc/12.2.1-1.2.1/.content/bin/../lib/gcc/arm-none-eabi/12.2.1/../../../../arm-none-eabi/lib/thumb/v7-m/nofp/crt0.o (atexit)
c:/vscode/vscodestmtools/arm-none-eabi-gcc/12.2.1-1.2.1/.content/bin/../lib/gcc/arm-none-eabi/12.2.1/../../../../arm-none-eabi/lib/thumb/v7-m/nofp\libc_nano.a(libc_a-exit.o)
                              c:/vscode/vscodestmtools/arm-none-eabi-gcc/12.2.1-1.2.1/.content/bin/../lib/gcc/arm-none-eabi/12.2.1/../../../../arm-none-eabi/lib/thumb/v7-m/nofp/crt0.o (exit)
c:/vscode/vscodestmtools/arm-none-eabi-gcc/12.2.1-1.2.1/.content/bin/../lib/gcc/arm-none-eabi/12.2.1/../../../../arm-none-eabi/lib/thumb/v7-m/nofp\libc_nano.a(libc_a-findfp.o)
                              c:/vscode/vscodestmtools/arm-none-eabi-gcc/12.2.1-1.2.1/.content/bin/../lib/gcc/arm-none-eabi/12.2.1/../../../../arm-none-eabi/lib/thumb/v7-m/nofp\libc_nano.a(libc_a-exit.o) (__stdio_exit_handler)
c:/vscode/vscodestmtools/arm-none-eabi-gcc/12.2.1-1.2.1/.content/bin/../lib/gcc/arm-none-eabi/12.2.1/../../../../arm-none-eabi/lib/thumb/v7-m/nofp\libc_nano.a(libc_a-fwalk.o)
                              c:/vscode/vscodestmtools/arm-none-eabi-gcc/12.2.1-1.2.1/.content/bin/../lib/gcc/arm-none-eabi/12.2.1/../../../../arm-none-eabi/lib/thumb/v7-m/nofp\libc_nano.a(libc_a-findfp.o) (_fwalk_sglue)
c:/vscode/vscodestmtools/arm-none-eabi-gcc/12.2.1-1.2.1/.content/bin/../lib/gcc/arm-none-eabi/12.2.1/../../../../arm-none-eabi/lib/thumb/v7-m/nofp\libc_nano.a(libc_a-sscanf.o)
                              build_ICA2D13_ZNT/param.o (sscanf)
c:/vscode/vscodestmtools/arm-none-eabi-gcc/12.2.1-1.2.1/.content/bin/../lib/gcc/arm-none-eabi/12.2.1/../../../../arm-none-eabi/lib/thumb/v7-m/nofp\libc_nano.a(libc_a-stdio.o)
                              c:/vscode/vscodestmtools/arm-none-eabi-gcc/12.2.1-1.2.1/.content/bin/../lib/gcc/arm-none-eabi/12.2.1/../../../../arm-none-eabi/lib/thumb/v7-m/nofp\libc_nano.a(libc_a-findfp.o) (__sread)
c:/vscode/vscodestmtools/arm-none-eabi-gcc/12.2.1-1.2.1/.content/bin/../lib/gcc/arm-none-eabi/12.2.1/../../../../arm-none-eabi/lib/thumb/v7-m/nofp\libc_nano.a(libc_a-memset.o)
                              c:/vscode/vscodestmtools/arm-none-eabi-gcc/12.2.1-1.2.1/.content/bin/../lib/gcc/arm-none-eabi/12.2.1/../../../../arm-none-eabi/lib/thumb/v7-m/nofp/crt0.o (memset)
c:/vscode/vscodestmtools/arm-none-eabi-gcc/12.2.1-1.2.1/.content/bin/../lib/gcc/arm-none-eabi/12.2.1/../../../../arm-none-eabi/lib/thumb/v7-m/nofp\libc_nano.a(libc_a-strchr.o)
                              build_ICA2D13_ZNT/param.o (strchr)
c:/vscode/vscodestmtools/arm-none-eabi-gcc/12.2.1-1.2.1/.content/bin/../lib/gcc/arm-none-eabi/12.2.1/../../../../arm-none-eabi/lib/thumb/v7-m/nofp\libc_nano.a(libc_a-strncmp.o)
                              build_ICA2D13_ZNT/param.o (strncmp)
c:/vscode/vscodestmtools/arm-none-eabi-gcc/12.2.1-1.2.1/.content/bin/../lib/gcc/arm-none-eabi/12.2.1/../../../../arm-none-eabi/lib/thumb/v7-m/nofp\libc_nano.a(libc_a-strncpy.o)
                              build_ICA2D13_ZNT/param.o (strncpy)
c:/vscode/vscodestmtools/arm-none-eabi-gcc/12.2.1-1.2.1/.content/bin/../lib/gcc/arm-none-eabi/12.2.1/../../../../arm-none-eabi/lib/thumb/v7-m/nofp\libc_nano.a(libc_a-closer.o)
                              c:/vscode/vscodestmtools/arm-none-eabi-gcc/12.2.1-1.2.1/.content/bin/../lib/gcc/arm-none-eabi/12.2.1/../../../../arm-none-eabi/lib/thumb/v7-m/nofp\libc_nano.a(libc_a-stdio.o) (_close_r)
c:/vscode/vscodestmtools/arm-none-eabi-gcc/12.2.1-1.2.1/.content/bin/../lib/gcc/arm-none-eabi/12.2.1/../../../../arm-none-eabi/lib/thumb/v7-m/nofp\libc_nano.a(libc_a-reent.o)
                              c:/vscode/vscodestmtools/arm-none-eabi-gcc/12.2.1-1.2.1/.content/bin/../lib/gcc/arm-none-eabi/12.2.1/../../../../arm-none-eabi/lib/thumb/v7-m/nofp\libc_nano.a(libc_a-closer.o) (errno)
c:/vscode/vscodestmtools/arm-none-eabi-gcc/12.2.1-1.2.1/.content/bin/../lib/gcc/arm-none-eabi/12.2.1/../../../../arm-none-eabi/lib/thumb/v7-m/nofp\libc_nano.a(libc_a-impure.o)
                              c:/vscode/vscodestmtools/arm-none-eabi-gcc/12.2.1-1.2.1/.content/bin/../lib/gcc/arm-none-eabi/12.2.1/../../../../arm-none-eabi/lib/thumb/v7-m/nofp\libc_nano.a(libc_a-sscanf.o) (_impure_ptr)
c:/vscode/vscodestmtools/arm-none-eabi-gcc/12.2.1-1.2.1/.content/bin/../lib/gcc/arm-none-eabi/12.2.1/../../../../arm-none-eabi/lib/thumb/v7-m/nofp\libc_nano.a(libc_a-lseekr.o)
                              c:/vscode/vscodestmtools/arm-none-eabi-gcc/12.2.1-1.2.1/.content/bin/../lib/gcc/arm-none-eabi/12.2.1/../../../../arm-none-eabi/lib/thumb/v7-m/nofp\libc_nano.a(libc_a-stdio.o) (_lseek_r)
[...]
Memory Configuration

Name             Origin             Length             Attributes
RAM              0x0000000020000000 0x0000000000005000 xrw
FLASH            0x0000000008000000 0x0000000000010000 xr
*default*        0x0000000000000000 0xffffffffffffffff

Linker script and memory map

LOAD c:/vscode/vscodestmtools/arm-none-eabi-gcc/12.2.1-1.2.1/.content/bin/../lib/gcc/arm-none-eabi/12.2.1/thumb/v7-m/nofp/crti.o
LOAD c:/vscode/vscodestmtools/arm-none-eabi-gcc/12.2.1-1.2.1/.content/bin/../lib/gcc/arm-none-eabi/12.2.1/thumb/v7-m/nofp/crtbegin.o
LOAD c:/vscode/vscodestmtools/arm-none-eabi-gcc/12.2.1-1.2.1/.content/bin/../lib/gcc/arm-none-eabi/12.2.1/../../../../arm-none-eabi/lib/thumb/v7-m/nofp/crt0.o
LOAD build_ICA2D13_ZNT/startup_stm32f103xb.o
LOAD build_ICA2D13_ZNT/main.o
LOAD build_ICA2D13_ZNT/gpio.o
LOAD build_ICA2D13_ZNT/freertos.o
LOAD build_ICA2D13_ZNT/dma.o
LOAD build_ICA2D13_ZNT/spi.o
LOAD build_ICA2D13_ZNT/tim.o
LOAD build_ICA2D13_ZNT/stm32f1xx_it.o
LOAD build_ICA2D13_ZNT/stm32f1xx_hal_msp.o
LOAD build_ICA2D13_ZNT/stm32f1xx_hal_timebase_tim.o
LOAD build_ICA2D13_ZNT/stm32f1xx_hal_gpio_ex.o
LOAD build_ICA2D13_ZNT/stm32f1xx_ll_gpio.o
LOAD build_ICA2D13_ZNT/stm32f1xx_hal.o
LOAD build_ICA2D13_ZNT/stm32f1xx_hal_rcc.o
LOAD build_ICA2D13_ZNT/stm32f1xx_hal_rcc_ex.o
LOAD build_ICA2D13_ZNT/stm32f1xx_hal_gpio.o
LOAD build_ICA2D13_ZNT/stm32f1xx_hal_dma.o
LOAD build_ICA2D13_ZNT/stm32f1xx_hal_cortex.o
LOAD build_ICA2D13_ZNT/stm32f1xx_hal_pwr.o
LOAD build_ICA2D13_ZNT/stm32f1xx_hal_flash.o
LOAD build_ICA2D13_ZNT/stm32f1xx_hal_flash_ex.o
LOAD build_ICA2D13_ZNT/stm32f1xx_hal_exti.o
LOAD build_ICA2D13_ZNT/stm32f1xx_ll_rcc.o
LOAD build_ICA2D13_ZNT/stm32f1xx_ll_utils.o
LOAD build_ICA2D13_ZNT/stm32f1xx_ll_exti.o
LOAD build_ICA2D13_ZNT/stm32f1xx_hal_spi.o
LOAD build_ICA2D13_ZNT/stm32f1xx_hal_tim.o
LOAD build_ICA2D13_ZNT/stm32f1xx_hal_tim_ex.o
LOAD build_ICA2D13_ZNT/system_stm32f1xx.o
LOAD build_ICA2D13_ZNT/croutine.o
LOAD build_ICA2D13_ZNT/event_groups.o
LOAD build_ICA2D13_ZNT/list.o
LOAD build_ICA2D13_ZNT/queue.o
LOAD build_ICA2D13_ZNT/stream_buffer.o
LOAD build_ICA2D13_ZNT/tasks.o
LOAD build_ICA2D13_ZNT/timers.o
LOAD build_ICA2D13_ZNT/cmsis_os2.o
LOAD build_ICA2D13_ZNT/port.o
LOAD build_ICA2D13_ZNT/stm32f1xx_ll_tim.o
LOAD build_ICA2D13_ZNT/stm32f1xx_ll_dma.o
LOAD build_ICA2D13_ZNT/heap_2.o
LOAD build_ICA2D13_ZNT/usart.o
LOAD build_ICA2D13_ZNT/stm32f1xx_hal_uart.o
LOAD build_ICA2D13_ZNT/w5500.o
LOAD build_ICA2D13_ZNT/socket.o
LOAD build_ICA2D13_ZNT/wizchip_conf.o
LOAD build_ICA2D13_ZNT/dhcp.o
LOAD build_ICA2D13_ZNT/param.o
LOAD build_ICA2D13_ZNT/BSP_ICA2D13.o
LOAD build_ICA2D13_ZNT/ModbusSS.o
LOAD build_ICA2D13_ZNT/Eth.o
LOAD c:/vscode/vscodestmtools/arm-none-eabi-gcc/12.2.1-1.2.1/.content/bin/../lib/gcc/arm-none-eabi/12.2.1/../../../../arm-none-eabi/lib/thumb/v7-m/nofp\libc_nano.a
LOAD c:/vscode/vscodestmtools/arm-none-eabi-gcc/12.2.1-1.2.1/.content/bin/../lib/gcc/arm-none-eabi/12.2.1/../../../../arm-none-eabi/lib/thumb/v7-m/nofp\libm.a
LOAD c:/vscode/vscodestmtools/arm-none-eabi-gcc/12.2.1-1.2.1/.content/bin/../lib/gcc/arm-none-eabi/12.2.1/../../../../arm-none-eabi/lib/thumb/v7-m/nofp\libnosys.a
START GROUP
LOAD c:/vscode/vscodestmtools/arm-none-eabi-gcc/12.2.1-1.2.1/.content/bin/../lib/gcc/arm-none-eabi/12.2.1/thumb/v7-m/nofp\libgcc.a
LOAD c:/vscode/vscodestmtools/arm-none-eabi-gcc/12.2.1-1.2.1/.content/bin/../lib/gcc/arm-none-eabi/12.2.1/../../../../arm-none-eabi/lib/thumb/v7-m/nofp\libc_nano.a
END GROUP
START GROUP
LOAD c:/vscode/vscodestmtools/arm-none-eabi-gcc/12.2.1-1.2.1/.content/bin/../lib/gcc/arm-none-eabi/12.2.1/thumb/v7-m/nofp\libgcc.a
LOAD c:/vscode/vscodestmtools/arm-none-eabi-gcc/12.2.1-1.2.1/.content/bin/../lib/gcc/arm-none-eabi/12.2.1/../../../../arm-none-eabi/lib/thumb/v7-m/nofp\libc_nano.a
END GROUP
LOAD c:/vscode/vscodestmtools/arm-none-eabi-gcc/12.2.1-1.2.1/.content/bin/../lib/gcc/arm-none-eabi/12.2.1/thumb/v7-m/nofp/crtend.o
LOAD c:/vscode/vscodestmtools/arm-none-eabi-gcc/12.2.1-1.2.1/.content/bin/../lib/gcc/arm-none-eabi/12.2.1/thumb/v7-m/nofp/crtn.o
                0x0000000020005000                _estack = (ORIGIN (RAM) + LENGTH (RAM))
                0x0000000000000000                _Min_Heap_Size = 0x0
                0x0000000000001400                _Min_Stack_Size = 0x1400

.isr_vector     0x0000000008000000      0x10c
                0x0000000008000000                . = ALIGN (0x4)
 *(.isr_vector)
 .isr_vector    0x0000000008000000      0x10c build_ICA2D13_ZNT/startup_stm32f103xb.o
                0x0000000008000000                g_pfnVectors
                0x000000000800010c                . = ALIGN (0x4)

.text           0x0000000008000110     0x5e24
                0x0000000008000110                . = ALIGN (0x4)
 *(.text)
 *(.text*)
 .text.__do_global_dtors_aux
                0x0000000008000110       0x24 c:/vscode/vscodestmtools/arm-none-eabi-gcc/12.2.1-1.2.1/.content/bin/../lib/gcc/arm-none-eabi/12.2.1/thumb/v7-m/nofp/crtbegin.o
 .text.frame_dummy
                0x0000000008000134       0x1c c:/vscode/vscodestmtools/arm-none-eabi-gcc/12.2.1-1.2.1/.content/bin/../lib/gcc/arm-none-eabi/12.2.1/thumb/v7-m/nofp/crtbegin.o
 .text.Reset_Handler
                0x0000000008000150       0x48 build_ICA2D13_ZNT/startup_stm32f103xb.o
                0x0000000008000150                Reset_Handler
 .text.Default_Handler
                0x0000000008000198        0x2 build_ICA2D13_ZNT/startup_stm32f103xb.o
                0x0000000008000198                RTC_Alarm_IRQHandler
                0x0000000008000198                EXTI2_IRQHandler
                0x0000000008000198                TIM1_CC_IRQHandler
                0x0000000008000198                PVD_IRQHandler
                0x0000000008000198                EXTI3_IRQHandler
                0x0000000008000198                EXTI0_IRQHandler
                0x0000000008000198                I2C2_EV_IRQHandler
                0x0000000008000198                ADC1_2_IRQHandler
                0x0000000008000198                SPI1_IRQHandler
                0x0000000008000198                TAMPER_IRQHandler
                0x0000000008000198                USART3_IRQHandler
                0x0000000008000198                RTC_IRQHandler
                0x0000000008000198                DMA1_Channel7_IRQHandler
                0x0000000008000198                CAN1_RX1_IRQHandler
                0x0000000008000198                I2C1_EV_IRQHandler
                0x0000000008000198                DMA1_Channel6_IRQHandler
                0x0000000008000198                TIM3_IRQHandler
                0x0000000008000198                RCC_IRQHandler
                0x0000000008000198                TIM1_TRG_COM_IRQHandler
                0x0000000008000198                DMA1_Channel1_IRQHandler
                0x0000000008000198                Default_Handler
                0x0000000008000198                EXTI15_10_IRQHandler
                0x0000000008000198                SPI2_IRQHandler
                0x0000000008000198                EXTI4_IRQHandler
                0x0000000008000198                USB_LP_CAN1_RX0_IRQHandler
                0x0000000008000198                USB_HP_CAN1_TX_IRQHandler
                0x0000000008000198                DMA1_Channel3_IRQHandler
                0x0000000008000198                TIM1_UP_IRQHandler
                0x0000000008000198                WWDG_IRQHandler
                0x0000000008000198                TIM2_IRQHandler
                0x0000000008000198                TIM1_BRK_IRQHandler
                0x0000000008000198                EXTI1_IRQHandler
                0x0000000008000198                USART2_IRQHandler
                0x0000000008000198                I2C2_ER_IRQHandler
                0x0000000008000198                DMA1_Channel2_IRQHandler
                0x0000000008000198                CAN1_SCE_IRQHandler
                0x0000000008000198                FLASH_IRQHandler
                0x0000000008000198                I2C1_ER_IRQHandler
                0x0000000008000198                USBWakeUp_IRQHandler
 *fill*         0x000000000800019a        0x2 
 .text.HAL_TIM_PeriodElapsedCallback
                0x000000000800019c       0x18 build_ICA2D13_ZNT/main.o
                0x000000000800019c                HAL_TIM_PeriodElapsedCallback
 .text.Error_Handler
                0x00000000080001b4        0xa build_ICA2D13_ZNT/main.o
                0x00000000080001b4                Error_Handler
 .text.SystemClock_Config
                0x00000000080001be       0x64 build_ICA2D13_ZNT/main.o
                0x00000000080001be                SystemClock_Config
 *fill*         0x0000000008000222        0x2 
 .text.main     0x0000000008000224       0x50 build_ICA2D13_ZNT/main.o
                0x0000000008000224                main
 .text.NVIC_EncodePriority
                0x0000000008000274       0x3e build_ICA2D13_ZNT/gpio.o
 .text.LL_GPIO_SetPinMode
                0x00000000080002b2       0x34 build_ICA2D13_ZNT/gpio.o
 *fill*         0x00000000080002e6        0x2 
 .text.MX_GPIO_Init
                0x00000000080002e8      0x14c build_ICA2D13_ZNT/gpio.o
                0x00000000080002e8                MX_GPIO_Init
 .text._Crc16_mdb
                0x0000000008000434       0x3e build_ICA2D13_ZNT/freertos.o
 .text.StartDefaultTask
                0x0000000008000472        0xc build_ICA2D13_ZNT/freertos.o
                0x0000000008000472                StartDefaultTask
 *fill*         0x000000000800047e        0x2 
 .text.taskLedEntry
                0x0000000008000480       0x3c build_ICA2D13_ZNT/freertos.o
                0x0000000008000480                taskLedEntry
 .text.taskMdbEntry
                0x00000000080004bc       0x60 build_ICA2D13_ZNT/freertos.o
                0x00000000080004bc                taskMdbEntry
 .text.taskNetEntry
                0x000000000800051c       0x74 build_ICA2D13_ZNT/freertos.o
                0x000000000800051c                taskNetEntry
 .text.cbckModbusTcpServer
                0x0000000008000590       0x18 build_ICA2D13_ZNT/freertos.o
                0x0000000008000590                cbckModbusTcpServer
 .text.modbusHoldingReq
                0x00000000080005a8       0xa8 build_ICA2D13_ZNT/freertos.o
                0x00000000080005a8                modbusHoldingReq
 .text.MX_FREERTOS_Init
                0x0000000008000650       0x70 build_ICA2D13_ZNT/freertos.o
                0x0000000008000650                MX_FREERTOS_Init
 .text.HAL_UART_RxCpltCallback
                0x00000000080006c0       0x90 build_ICA2D13_ZNT/freertos.o
                0x00000000080006c0                HAL_UART_RxCpltCallback
 .text.HAL_UART_TxCpltCallback
                0x0000000008000750       0x18 build_ICA2D13_ZNT/freertos.o
                0x0000000008000750                HAL_UART_TxCpltCallback
 .text.MX_DMA_Init
                0x0000000008000768       0x44 build_ICA2D13_ZNT/dma.o
                0x0000000008000768                MX_DMA_Init
 .text.MX_SPI2_Init
                0x00000000080007ac       0x40 build_ICA2D13_ZNT/spi.o
                0x00000000080007ac                MX_SPI2_Init
 .text.HAL_SPI_MspInit
                0x00000000080007ec       0xe0 build_ICA2D13_ZNT/spi.o
                0x00000000080007ec                HAL_SPI_MspInit
 .text.LL_TIM_OC_DisableFast
                0x00000000080008cc       0x64 build_ICA2D13_ZNT/tim.o
 .text.MX_TIM2_Init
                0x0000000008000930       0xf0 build_ICA2D13_ZNT/tim.o
                0x0000000008000930                MX_TIM2_Init
 .text.MX_TIM3_Init
                0x0000000008000a20       0xf8 build_ICA2D13_ZNT/tim.o
                0x0000000008000a20                MX_TIM3_Init
 .text.NMI_Handler
                0x0000000008000b18        0x2 build_ICA2D13_ZNT/stm32f1xx_it.o
                0x0000000008000b18                NMI_Handler
 .text.HardFault_Handler
                0x0000000008000b1a        0x2 build_ICA2D13_ZNT/stm32f1xx_it.o
                0x0000000008000b1a                HardFault_Handler
 .text.MemManage_Handler
                0x0000000008000b1c        0x2 build_ICA2D13_ZNT/stm32f1xx_it.o
                0x0000000008000b1c                MemManage_Handler
 .text.BusFault_Handler
                0x0000000008000b1e        0x2 build_ICA2D13_ZNT/stm32f1xx_it.o
                0x0000000008000b1e                BusFault_Handler
 .text.UsageFault_Handler
                0x0000000008000b20        0x2 build_ICA2D13_ZNT/stm32f1xx_it.o
                0x0000000008000b20                UsageFault_Handler
 .text.DebugMon_Handler
                0x0000000008000b22        0x2 build_ICA2D13_ZNT/stm32f1xx_it.o
                0x0000000008000b22                DebugMon_Handler
 .text.DMA1_Channel4_IRQHandler
                0x0000000008000b24       0x10 build_ICA2D13_ZNT/stm32f1xx_it.o
                0x0000000008000b24                DMA1_Channel4_IRQHandler
 .text.DMA1_Channel5_IRQHandler
                0x0000000008000b34       0x10 build_ICA2D13_ZNT/stm32f1xx_it.o
                0x0000000008000b34                DMA1_Channel5_IRQHandler
 .text.EXTI9_5_IRQHandler
                0x0000000008000b44       0x2c build_ICA2D13_ZNT/stm32f1xx_it.o
                0x0000000008000b44                EXTI9_5_IRQHandler
 .text.TIM4_IRQHandler
                0x0000000008000b70       0x10 build_ICA2D13_ZNT/stm32f1xx_it.o
                0x0000000008000b70                TIM4_IRQHandler
 .text.USART1_IRQHandler
                0x0000000008000b80       0x10 build_ICA2D13_ZNT/stm32f1xx_it.o
                0x0000000008000b80                USART1_IRQHandler
 .text.HAL_MspInit
                0x0000000008000b90       0x54 build_ICA2D13_ZNT/stm32f1xx_hal_msp.o
                0x0000000008000b90                HAL_MspInit
 .text.HAL_InitTick
                0x0000000008000be4       0xa0 build_ICA2D13_ZNT/stm32f1xx_hal_timebase_tim.o
                0x0000000008000be4                HAL_InitTick
 .text.LL_GPIO_SetPinMode
                0x0000000008000c84       0x34 build_ICA2D13_ZNT/stm32f1xx_ll_gpio.o
 .text.LL_GPIO_SetPinSpeed
                0x0000000008000cb8       0x34 build_ICA2D13_ZNT/stm32f1xx_ll_gpio.o
 .text.LL_GPIO_SetPinOutputType
                0x0000000008000cec       0x34 build_ICA2D13_ZNT/stm32f1xx_ll_gpio.o
 .text.LL_GPIO_Init
                0x0000000008000d20       0x96 build_ICA2D13_ZNT/stm32f1xx_ll_gpio.o
                0x0000000008000d20                LL_GPIO_Init
 *fill*         0x0000000008000db6        0x2 
 .text.HAL_Init
                0x0000000008000db8       0x24 build_ICA2D13_ZNT/stm32f1xx_hal.o
                0x0000000008000db8                HAL_Init
 .text.HAL_IncTick
                0x0000000008000ddc       0x18 build_ICA2D13_ZNT/stm32f1xx_hal.o
                0x0000000008000ddc                HAL_IncTick
 .text.HAL_GetTick
                0x0000000008000df4        0xc build_ICA2D13_ZNT/stm32f1xx_hal.o
                0x0000000008000df4                HAL_GetTick
 .text.HAL_Delay
                0x0000000008000e00       0x28 build_ICA2D13_ZNT/stm32f1xx_hal.o
                0x0000000008000e00                HAL_Delay
 .text.HAL_GetUIDw0
                0x0000000008000e28        0xc build_ICA2D13_ZNT/stm32f1xx_hal.o
                0x0000000008000e28                HAL_GetUIDw0
 .text.HAL_GetUIDw1
                0x0000000008000e34        0xc build_ICA2D13_ZNT/stm32f1xx_hal.o
                0x0000000008000e34                HAL_GetUIDw1
 .text.RCC_Delay
                0x0000000008000e40       0x2c build_ICA2D13_ZNT/stm32f1xx_hal_rcc.o
 .text.HAL_RCC_OscConfig
                0x0000000008000e6c      0x410 build_ICA2D13_ZNT/stm32f1xx_hal_rcc.o
                0x0000000008000e6c                HAL_RCC_OscConfig
 .text.HAL_RCC_GetSysClockFreq
                0x000000000800127c       0x70 build_ICA2D13_ZNT/stm32f1xx_hal_rcc.o
                0x000000000800127c                HAL_RCC_GetSysClockFreq
 .text.HAL_RCC_ClockConfig
                0x00000000080012ec      0x16c build_ICA2D13_ZNT/stm32f1xx_hal_rcc.o
                0x00000000080012ec                HAL_RCC_ClockConfig
 .text.HAL_RCC_GetHCLKFreq
                0x0000000008001458        0xc build_ICA2D13_ZNT/stm32f1xx_hal_rcc.o
                0x0000000008001458                HAL_RCC_GetHCLKFreq
 .text.HAL_RCC_GetPCLK1Freq
                0x0000000008001464       0x20 build_ICA2D13_ZNT/stm32f1xx_hal_rcc.o
                0x0000000008001464                HAL_RCC_GetPCLK1Freq
 .text.HAL_RCC_GetPCLK2Freq
                0x0000000008001484       0x20 build_ICA2D13_ZNT/stm32f1xx_hal_rcc.o
                0x0000000008001484                HAL_RCC_GetPCLK2Freq
 .text.HAL_RCC_GetClockConfig
                0x00000000080014a4       0x3c build_ICA2D13_ZNT/stm32f1xx_hal_rcc.o
                0x00000000080014a4                HAL_RCC_GetClockConfig
 .text.HAL_GPIO_Init
                0x00000000080014e0      0x21c build_ICA2D13_ZNT/stm32f1xx_hal_gpio.o
                0x00000000080014e0                HAL_GPIO_Init
 .text.DMA_SetConfig
                0x00000000080016fc       0x2c build_ICA2D13_ZNT/stm32f1xx_hal_dma.o
 .text.HAL_DMA_Init
                0x0000000008001728       0x6c build_ICA2D13_ZNT/stm32f1xx_hal_dma.o
                0x0000000008001728                HAL_DMA_Init
 .text.HAL_DMA_Start_IT
                0x0000000008001794       0x74 build_ICA2D13_ZNT/stm32f1xx_hal_dma.o
                0x0000000008001794                HAL_DMA_Start_IT
 .text.HAL_DMA_Abort
                0x0000000008001808       0x44 build_ICA2D13_ZNT/stm32f1xx_hal_dma.o
                0x0000000008001808                HAL_DMA_Abort
 .text.HAL_DMA_Abort_IT
                0x000000000800184c       0x98 build_ICA2D13_ZNT/stm32f1xx_hal_dma.o
                0x000000000800184c                HAL_DMA_Abort_IT
 .text.HAL_DMA_IRQHandler
                0x00000000080018e4      0x144 build_ICA2D13_ZNT/stm32f1xx_hal_dma.o
                0x00000000080018e4                HAL_DMA_IRQHandler
 .text.__NVIC_SetPriority
                0x0000000008001a28       0x28 build_ICA2D13_ZNT/stm32f1xx_hal_cortex.o
 .text.NVIC_EncodePriority
                0x0000000008001a50       0x3e build_ICA2D13_ZNT/stm32f1xx_hal_cortex.o
 *fill*         0x0000000008001a8e        0x2 
 .text.HAL_NVIC_SetPriorityGrouping
                0x0000000008001a90       0x24 build_ICA2D13_ZNT/stm32f1xx_hal_cortex.o
                0x0000000008001a90                HAL_NVIC_SetPriorityGrouping
 .text.HAL_NVIC_SetPriority
                0x0000000008001ab4       0x20 build_ICA2D13_ZNT/stm32f1xx_hal_cortex.o
                0x0000000008001ab4                HAL_NVIC_SetPriority
 .text.HAL_NVIC_EnableIRQ
                0x0000000008001ad4       0x1c build_ICA2D13_ZNT/stm32f1xx_hal_cortex.o
                0x0000000008001ad4                HAL_NVIC_EnableIRQ
 .text.LL_EXTI_Init
                0x0000000008001af0       0xd4 build_ICA2D13_ZNT/stm32f1xx_ll_exti.o
                0x0000000008001af0                LL_EXTI_Init
 .text.SPI_WaitFlagStateUntilTimeout
                0x0000000008001bc4       0xc8 build_ICA2D13_ZNT/stm32f1xx_hal_spi.o
 .text.SPI_EndRxTxTransaction
                0x0000000008001c8c       0x24 build_ICA2D13_ZNT/stm32f1xx_hal_spi.o
 .text.SPI_EndRxTransaction
                0x0000000008001cb0       0x74 build_ICA2D13_ZNT/stm32f1xx_hal_spi.o
 .text.HAL_SPI_Init
                0x0000000008001d24       0xb6 build_ICA2D13_ZNT/stm32f1xx_hal_spi.o
                0x0000000008001d24                HAL_SPI_Init
 .text.HAL_SPI_Transmit
                0x0000000008001dda      0x1b8 build_ICA2D13_ZNT/stm32f1xx_hal_spi.o
                0x0000000008001dda                HAL_SPI_Transmit
 .text.HAL_SPI_TransmitReceive
                0x0000000008001f92      0x238 build_ICA2D13_ZNT/stm32f1xx_hal_spi.o
                0x0000000008001f92                HAL_SPI_TransmitReceive
 .text.HAL_SPI_Receive
                0x00000000080021ca      0x180 build_ICA2D13_ZNT/stm32f1xx_hal_spi.o
                0x00000000080021ca                HAL_SPI_Receive
 *fill*         0x000000000800234a        0x2 
 .text.HAL_SPI_Transmit_DMA
                0x000000000800234c       0xe0 build_ICA2D13_ZNT/stm32f1xx_hal_spi.o
                0x000000000800234c                HAL_SPI_Transmit_DMA
 .text.HAL_SPI_TransmitReceive_DMA
                0x000000000800242c      0x150 build_ICA2D13_ZNT/stm32f1xx_hal_spi.o
                0x000000000800242c                HAL_SPI_TransmitReceive_DMA
 .text.HAL_SPI_Receive_DMA
                0x000000000800257c       0xfc build_ICA2D13_ZNT/stm32f1xx_hal_spi.o
                0x000000000800257c                HAL_SPI_Receive_DMA
 .text.HAL_SPI_TxCpltCallback
                0x0000000008002678        0x2 build_ICA2D13_ZNT/stm32f1xx_hal_spi.o
                0x0000000008002678                HAL_SPI_TxCpltCallback
 .text.HAL_SPI_RxCpltCallback
                0x000000000800267a        0x2 build_ICA2D13_ZNT/stm32f1xx_hal_spi.o
                0x000000000800267a                HAL_SPI_RxCpltCallback
 .text.HAL_SPI_TxRxCpltCallback
                0x000000000800267c        0x2 build_ICA2D13_ZNT/stm32f1xx_hal_spi.o
                0x000000000800267c                HAL_SPI_TxRxCpltCallback
 .text.HAL_SPI_TxHalfCpltCallback
                0x000000000800267e        0x2 build_ICA2D13_ZNT/stm32f1xx_hal_spi.o
                0x000000000800267e                HAL_SPI_TxHalfCpltCallback
 .text.SPI_DMAHalfTransmitCplt
                0x0000000008002680        0xa build_ICA2D13_ZNT/stm32f1xx_hal_spi.o
 .text.HAL_SPI_RxHalfCpltCallback
                0x000000000800268a        0x2 build_ICA2D13_ZNT/stm32f1xx_hal_spi.o
                0x000000000800268a                HAL_SPI_RxHalfCpltCallback
 .text.SPI_DMAHalfReceiveCplt
                0x000000000800268c        0xa build_ICA2D13_ZNT/stm32f1xx_hal_spi.o
 .text.HAL_SPI_TxRxHalfCpltCallback
                0x0000000008002696        0x2 build_ICA2D13_ZNT/stm32f1xx_hal_spi.o
                0x0000000008002696                HAL_SPI_TxRxHalfCpltCallback
 .text.SPI_DMAHalfTransmitReceiveCplt
                0x0000000008002698        0xa build_ICA2D13_ZNT/stm32f1xx_hal_spi.o
 .text.HAL_SPI_ErrorCallback
                0x00000000080026a2        0x2 build_ICA2D13_ZNT/stm32f1xx_hal_spi.o
                0x00000000080026a2                HAL_SPI_ErrorCallback
 .text.SPI_DMAError
                0x00000000080026a4       0x22 build_ICA2D13_ZNT/stm32f1xx_hal_spi.o
 .text.SPI_DMATransmitCplt
                0x00000000080026c6       0x70 build_ICA2D13_ZNT/stm32f1xx_hal_spi.o
 .text.SPI_DMAReceiveCplt
                0x0000000008002736       0x6e build_ICA2D13_ZNT/stm32f1xx_hal_spi.o
 .text.SPI_DMATransmitReceiveCplt
                0x00000000080027a4       0x5c build_ICA2D13_ZNT/stm32f1xx_hal_spi.o
 .text.HAL_SPI_GetState
                0x0000000008002800        0x6 build_ICA2D13_ZNT/stm32f1xx_hal_spi.o
                0x0000000008002800                HAL_SPI_GetState
 .text.HAL_TIM_Base_MspInit
                0x0000000008002806        0x2 build_ICA2D13_ZNT/stm32f1xx_hal_tim.o
                0x0000000008002806                HAL_TIM_Base_MspInit
 .text.HAL_TIM_Base_Start_IT
                0x0000000008002808       0x68 build_ICA2D13_ZNT/stm32f1xx_hal_tim.o
                0x0000000008002808                HAL_TIM_Base_Start_IT
 .text.HAL_TIM_OC_DelayElapsedCallback
                0x0000000008002870        0x2 build_ICA2D13_ZNT/stm32f1xx_hal_tim.o
                0x0000000008002870                HAL_TIM_OC_DelayElapsedCallback
 .text.HAL_TIM_IC_CaptureCallback
                0x0000000008002872        0x2 build_ICA2D13_ZNT/stm32f1xx_hal_tim.o
                0x0000000008002872                HAL_TIM_IC_CaptureCallback
 .text.HAL_TIM_PWM_PulseFinishedCallback
                0x0000000008002874        0x2 build_ICA2D13_ZNT/stm32f1xx_hal_tim.o
                0x0000000008002874                HAL_TIM_PWM_PulseFinishedCallback
 .text.HAL_TIM_TriggerCallback
                0x0000000008002876        0x2 build_ICA2D13_ZNT/stm32f1xx_hal_tim.o
                0x0000000008002876                HAL_TIM_TriggerCallback
 .text.HAL_TIM_IRQHandler
                0x0000000008002878      0x17a build_ICA2D13_ZNT/stm32f1xx_hal_tim.o
                0x0000000008002878                HAL_TIM_IRQHandler
 *fill*         0x00000000080029f2        0x2 
 .text.TIM_Base_SetConfig
                0x00000000080029f4       0x74 build_ICA2D13_ZNT/stm32f1xx_hal_tim.o
                0x00000000080029f4                TIM_Base_SetConfig
 .text.HAL_TIM_Base_Init
                0x0000000008002a68       0x58 build_ICA2D13_ZNT/stm32f1xx_hal_tim.o
                0x0000000008002a68                HAL_TIM_Base_Init
 .text.HAL_TIMEx_CommutCallback
                0x0000000008002ac0        0x2 build_ICA2D13_ZNT/stm32f1xx_hal_tim_ex.o
                0x0000000008002ac0                HAL_TIMEx_CommutCallback
 .text.HAL_TIMEx_BreakCallback
                0x0000000008002ac2        0x2 build_ICA2D13_ZNT/stm32f1xx_hal_tim_ex.o
                0x0000000008002ac2                HAL_TIMEx_BreakCallback
 .text.SystemInit
                0x0000000008002ac4        0x2 build_ICA2D13_ZNT/system_stm32f1xx.o
                0x0000000008002ac4                SystemInit
 .text.vListInitialise
                0x0000000008002ac6       0x16 build_ICA2D13_ZNT/list.o
                0x0000000008002ac6                vListInitialise
 .text.vListInitialiseItem
                0x0000000008002adc        0x6 build_ICA2D13_ZNT/list.o
                0x0000000008002adc                vListInitialiseItem
 .text.vListInsertEnd
                0x0000000008002ae2       0x16 build_ICA2D13_ZNT/list.o
                0x0000000008002ae2                vListInsertEnd
 .text.vListInsert
                0x0000000008002af8       0x32 build_ICA2D13_ZNT/list.o
                0x0000000008002af8                vListInsert
 .text.uxListRemove
                0x0000000008002b2a       0x26 build_ICA2D13_ZNT/list.o
                0x0000000008002b2a                uxListRemove
 .text.prvIsQueueFull
                0x0000000008002b50       0x1e build_ICA2D13_ZNT/queue.o
 .text.prvIsQueueEmpty
                0x0000000008002b6e       0x1a build_ICA2D13_ZNT/queue.o
 .text.prvCopyDataToQueue
                0x0000000008002b88       0x76 build_ICA2D13_ZNT/queue.o
 .text.prvCopyDataFromQueue
                0x0000000008002bfe       0x24 build_ICA2D13_ZNT/queue.o
 .text.prvUnlockQueue
                0x0000000008002c22       0x6e build_ICA2D13_ZNT/queue.o
 .text.xQueueGenericReset
                0x0000000008002c90       0x84 build_ICA2D13_ZNT/queue.o
                0x0000000008002c90                xQueueGenericReset
 .text.prvInitialiseNewQueue
                0x0000000008002d14       0x22 build_ICA2D13_ZNT/queue.o
 .text.xQueueGenericCreateStatic
                0x0000000008002d36       0x92 build_ICA2D13_ZNT/queue.o
                0x0000000008002d36                xQueueGenericCreateStatic
 .text.xQueueGenericSend
                0x0000000008002dc8      0x188 build_ICA2D13_ZNT/queue.o
                0x0000000008002dc8                xQueueGenericSend
 .text.xQueueGenericSendFromISR
                0x0000000008002f50       0xcc build_ICA2D13_ZNT/queue.o
                0x0000000008002f50                xQueueGenericSendFromISR
 .text.xQueueReceive
                0x000000000800301c      0x15e build_ICA2D13_ZNT/queue.o
                0x000000000800301c                xQueueReceive
 *fill*         0x000000000800317a        0x2 
 .text.vQueueAddToRegistry
                0x000000000800317c       0x28 build_ICA2D13_ZNT/queue.o
                0x000000000800317c                vQueueAddToRegistry
 .text.vQueueWaitForMessageRestricted
                0x00000000080031a4       0x52 build_ICA2D13_ZNT/queue.o
                0x00000000080031a4                vQueueWaitForMessageRestricted
 *fill*         0x00000000080031f6        0x2 
 .text.prvResetNextTaskUnblockTime
                0x00000000080031f8       0x2c build_ICA2D13_ZNT/tasks.o
 .text.prvInitialiseNewTask
                0x0000000008003224       0x98 build_ICA2D13_ZNT/tasks.o
 .text.prvInitialiseTaskLists
                0x00000000080032bc       0x68 build_ICA2D13_ZNT/tasks.o
 .text.prvAddNewTaskToReadyList
                0x0000000008003324       0xac build_ICA2D13_ZNT/tasks.o
 .text.prvDeleteTCB
                0x00000000080033d0       0x38 build_ICA2D13_ZNT/tasks.o
 .text.prvCheckTasksWaitingTermination
                0x0000000008003408       0x4c build_ICA2D13_ZNT/tasks.o
 .text.prvIdleTask
                0x0000000008003454       0x28 build_ICA2D13_ZNT/tasks.o
 .text.prvAddCurrentTaskToDelayedList
                0x000000000800347c       0x7c build_ICA2D13_ZNT/tasks.o
 .text.xTaskCreateStatic
                0x00000000080034f8       0x74 build_ICA2D13_ZNT/tasks.o
                0x00000000080034f8                xTaskCreateStatic
 .text.xTaskCreate
                0x000000000800356c       0x64 build_ICA2D13_ZNT/tasks.o
                0x000000000800356c                xTaskCreate
 .text.vTaskStartScheduler
                0x00000000080035d0       0x98 build_ICA2D13_ZNT/tasks.o
                0x00000000080035d0                vTaskStartScheduler
 .text.vTaskSuspendAll
                0x0000000008003668       0x10 build_ICA2D13_ZNT/tasks.o
                0x0000000008003668                vTaskSuspendAll
 .text.xTaskGetTickCount
                0x0000000008003678        0xc build_ICA2D13_ZNT/tasks.o
                0x0000000008003678                xTaskGetTickCount
 .text.xTaskIncrementTick
                0x0000000008003684      0x118 build_ICA2D13_ZNT/tasks.o
                0x0000000008003684                xTaskIncrementTick
 .text.xTaskResumeAll
                0x000000000800379c       0xf8 build_ICA2D13_ZNT/tasks.o
                0x000000000800379c                xTaskResumeAll
 .text.vTaskDelay
                0x0000000008003894       0x4c build_ICA2D13_ZNT/tasks.o
                0x0000000008003894                vTaskDelay
 .text.vTaskSwitchContext
                0x00000000080038e0       0x98 build_ICA2D13_ZNT/tasks.o
                0x00000000080038e0                vTaskSwitchContext
 .text.vTaskPlaceOnEventList
                0x0000000008003978       0x30 build_ICA2D13_ZNT/tasks.o
                0x0000000008003978                vTaskPlaceOnEventList
 .text.vTaskPlaceOnEventListRestricted
                0x00000000080039a8       0x38 build_ICA2D13_ZNT/tasks.o
                0x00000000080039a8                vTaskPlaceOnEventListRestricted
 .text.xTaskRemoveFromEventList
                0x00000000080039e0       0x8c build_ICA2D13_ZNT/tasks.o
                0x00000000080039e0                xTaskRemoveFromEventList
 .text.vTaskInternalSetTimeOutState
                0x0000000008003a6c       0x18 build_ICA2D13_ZNT/tasks.o
                0x0000000008003a6c                vTaskInternalSetTimeOutState
 .text.xTaskCheckForTimeOut
                0x0000000008003a84       0x84 build_ICA2D13_ZNT/tasks.o
                0x0000000008003a84                xTaskCheckForTimeOut
 .text.vTaskMissedYield
                0x0000000008003b08        0xc build_ICA2D13_ZNT/tasks.o
                0x0000000008003b08                vTaskMissedYield
 .text.xTaskGetSchedulerState
                0x0000000008003b14       0x20 build_ICA2D13_ZNT/tasks.o
                0x0000000008003b14                xTaskGetSchedulerState
 .text.xTaskPriorityDisinherit
                0x0000000008003b34       0x90 build_ICA2D13_ZNT/tasks.o
                0x0000000008003b34                xTaskPriorityDisinherit
 .text.prvGetNextExpireTime
                0x0000000008003bc4       0x20 build_ICA2D13_ZNT/timers.o
 .text.prvInsertTimerInActiveList
                0x0000000008003be4       0x48 build_ICA2D13_ZNT/timers.o
 .text.prvCheckForValidListAndQueue
                0x0000000008003c2c       0x70 build_ICA2D13_ZNT/timers.o
 .text.xTimerCreateTimerTask
                0x0000000008003c9c       0x64 build_ICA2D13_ZNT/timers.o
                0x0000000008003c9c                xTimerCreateTimerTask
 .text.xTimerGenericCommand
                0x0000000008003d00       0x6c build_ICA2D13_ZNT/timers.o
                0x0000000008003d00                xTimerGenericCommand
 .text.prvSwitchTimerLists
                0x0000000008003d6c       0x78 build_ICA2D13_ZNT/timers.o
 .text.prvSampleTimeNow
                0x0000000008003de4       0x2c build_ICA2D13_ZNT/timers.o
 .text.prvProcessExpiredTimer
                0x0000000008003e10       0x60 build_ICA2D13_ZNT/timers.o
 .text.prvProcessTimerOrBlockTask
                0x0000000008003e70       0x70 build_ICA2D13_ZNT/timers.o
 .text.prvProcessReceivedCommands
                0x0000000008003ee0       0xf8 build_ICA2D13_ZNT/timers.o
 .text.prvTimerTask
                0x0000000008003fd8       0x16 build_ICA2D13_ZNT/timers.o
 *fill*         0x0000000008003fee        0x2 
 .text.osKernelInitialize
                0x0000000008003ff0       0x44 build_ICA2D13_ZNT/cmsis_os2.o
                0x0000000008003ff0                osKernelInitialize
 .text.osKernelStart
                0x0000000008004034       0x4c build_ICA2D13_ZNT/cmsis_os2.o
                0x0000000008004034                osKernelStart
 .text.osThreadNew
                0x0000000008004080       0xec build_ICA2D13_ZNT/cmsis_os2.o
                0x0000000008004080                osThreadNew
 .text.osDelay  0x000000000800416c       0x44 build_ICA2D13_ZNT/cmsis_os2.o
                0x000000000800416c                osDelay
 .text.vApplicationGetIdleTaskMemory
                0x00000000080041b0       0x18 build_ICA2D13_ZNT/cmsis_os2.o
                0x00000000080041b0                vApplicationGetIdleTaskMemory
 .text.vApplicationGetTimerTaskMemory
                0x00000000080041c8       0x18 build_ICA2D13_ZNT/cmsis_os2.o
                0x00000000080041c8                vApplicationGetTimerTaskMemory
 .text.prvTaskExitError
                0x00000000080041e0       0x40 build_ICA2D13_ZNT/port.o
 .text.prvPortStartFirstTask
                0x0000000008004220       0x20 build_ICA2D13_ZNT/port.o
 .text.pxPortInitialiseStack
                0x0000000008004240       0x24 build_ICA2D13_ZNT/port.o
                0x0000000008004240                pxPortInitialiseStack
 *fill*         0x0000000008004264        0xc 
 .text.SVC_Handler
                0x0000000008004270       0x24 build_ICA2D13_ZNT/port.o
                0x0000000008004270                SVC_Handler
 .text.vPortEnterCritical
                0x0000000008004294       0x44 build_ICA2D13_ZNT/port.o
                0x0000000008004294                vPortEnterCritical
 .text.vPortExitCritical
                0x00000000080042d8       0x2c build_ICA2D13_ZNT/port.o
                0x00000000080042d8                vPortExitCritical
 *fill*         0x0000000008004304        0xc 
 .text.PendSV_Handler
                0x0000000008004310       0x44 build_ICA2D13_ZNT/port.o
                0x0000000008004310                PendSV_Handler
 .text.SysTick_Handler
                0x0000000008004354       0x2c build_ICA2D13_ZNT/port.o
                0x0000000008004354                SysTick_Handler
 .text.vPortSetupTimerInterrupt
                0x0000000008004380       0x28 build_ICA2D13_ZNT/port.o
                0x0000000008004380                vPortSetupTimerInterrupt
 .text.xPortStartScheduler
                0x00000000080043a8       0xc0 build_ICA2D13_ZNT/port.o
                0x00000000080043a8                xPortStartScheduler
 .text.vPortValidateInterruptPriority
                0x0000000008004468       0x5c build_ICA2D13_ZNT/port.o
                0x0000000008004468                vPortValidateInterruptPriority
 .text.OC1Config
                0x00000000080044c4       0x6c build_ICA2D13_ZNT/stm32f1xx_ll_tim.o
 .text.OC2Config
                0x0000000008004530       0x74 build_ICA2D13_ZNT/stm32f1xx_ll_tim.o
 .text.OC3Config
                0x00000000080045a4       0x70 build_ICA2D13_ZNT/stm32f1xx_ll_tim.o
 .text.OC4Config
                0x0000000008004614       0x54 build_ICA2D13_ZNT/stm32f1xx_ll_tim.o
 .text.LL_TIM_Init
                0x0000000008004668       0x70 build_ICA2D13_ZNT/stm32f1xx_ll_tim.o
                0x0000000008004668                LL_TIM_Init
 .text.LL_TIM_OC_Init
                0x00000000080046d8       0x3c build_ICA2D13_ZNT/stm32f1xx_ll_tim.o
                0x00000000080046d8                LL_TIM_OC_Init
 .text.prvHeapInit
                0x0000000008004714       0x2c build_ICA2D13_ZNT/heap_2.o
 .text.pvPortMalloc
                0x0000000008004740       0xa4 build_ICA2D13_ZNT/heap_2.o
                0x0000000008004740                pvPortMalloc
 .text.vPortFree
                0x00000000080047e4       0x40 build_ICA2D13_ZNT/heap_2.o
                0x00000000080047e4                vPortFree
 .text.MX_USART1_UART_Init
                0x0000000008004824       0x34 build_ICA2D13_ZNT/usart.o
                0x0000000008004824                MX_USART1_UART_Init
 .text.HAL_UART_MspInit
                0x0000000008004858       0x98 build_ICA2D13_ZNT/usart.o
                0x0000000008004858                HAL_UART_MspInit
 .text.UART_EndRxTransfer
                0x00000000080048f0       0x32 build_ICA2D13_ZNT/stm32f1xx_hal_uart.o
 .text.UART_Transmit_IT
                0x0000000008004922       0x60 build_ICA2D13_ZNT/stm32f1xx_hal_uart.o
 *fill*         0x0000000008004982        0x2 
 .text.UART_SetConfig
                0x0000000008004984       0x94 build_ICA2D13_ZNT/stm32f1xx_hal_uart.o
 .text.HAL_UART_Init
                0x0000000008004a18       0x5e build_ICA2D13_ZNT/stm32f1xx_hal_uart.o
                0x0000000008004a18                HAL_UART_Init
 .text.HAL_UART_Transmit_IT
                0x0000000008004a76       0x4e build_ICA2D13_ZNT/stm32f1xx_hal_uart.o
                0x0000000008004a76                HAL_UART_Transmit_IT
 .text.UART_EndTransmit_IT
                0x0000000008004ac4       0x1a build_ICA2D13_ZNT/stm32f1xx_hal_uart.o
 .text.HAL_UART_ErrorCallback
                0x0000000008004ade        0x2 build_ICA2D13_ZNT/stm32f1xx_hal_uart.o
                0x0000000008004ade                HAL_UART_ErrorCallback
 .text.UART_DMAAbortOnError
                0x0000000008004ae0       0x10 build_ICA2D13_ZNT/stm32f1xx_hal_uart.o
 .text.HAL_UARTEx_RxEventCallback
                0x0000000008004af0        0x2 build_ICA2D13_ZNT/stm32f1xx_hal_uart.o
                0x0000000008004af0                HAL_UARTEx_RxEventCallback
 .text.UART_Receive_IT
                0x0000000008004af2       0xd4 build_ICA2D13_ZNT/stm32f1xx_hal_uart.o
 *fill*         0x0000000008004bc6        0x2 
 .text.HAL_UART_IRQHandler
                0x0000000008004bc8      0x200 build_ICA2D13_ZNT/stm32f1xx_hal_uart.o
                0x0000000008004bc8                HAL_UART_IRQHandler
 .text.UART_Start_Receive_IT
                0x0000000008004dc8       0x36 build_ICA2D13_ZNT/stm32f1xx_hal_uart.o
                0x0000000008004dc8                UART_Start_Receive_IT
 .text.HAL_UART_Receive_IT
                0x0000000008004dfe       0x38 build_ICA2D13_ZNT/stm32f1xx_hal_uart.o
                0x0000000008004dfe                HAL_UART_Receive_IT
 *fill*         0x0000000008004e36        0x2 
 .text.WIZCHIP_READ
                0x0000000008004e38       0x64 build_ICA2D13_ZNT/w5500.o
                0x0000000008004e38                WIZCHIP_READ
 .text.WIZCHIP_WRITE
                0x0000000008004e9c       0x68 build_ICA2D13_ZNT/w5500.o
                0x0000000008004e9c                WIZCHIP_WRITE
 .text.WIZCHIP_READ_BUF
                0x0000000008004f04       0x7c build_ICA2D13_ZNT/w5500.o
                0x0000000008004f04                WIZCHIP_READ_BUF
 .text.WIZCHIP_WRITE_BUF
                0x0000000008004f80       0x7c build_ICA2D13_ZNT/w5500.o
                0x0000000008004f80                WIZCHIP_WRITE_BUF
 .text.getSn_TX_FSR
                0x0000000008004ffc       0x56 build_ICA2D13_ZNT/w5500.o
                0x0000000008004ffc                getSn_TX_FSR
 .text.getSn_RX_RSR
                0x0000000008005052       0x56 build_ICA2D13_ZNT/w5500.o
                0x0000000008005052                getSn_RX_RSR
 .text.wiz_send_data
                0x00000000080050a8       0x5c build_ICA2D13_ZNT/w5500.o
                0x00000000080050a8                wiz_send_data
 .text.wiz_recv_data
                0x0000000008005104       0x5c build_ICA2D13_ZNT/w5500.o
                0x0000000008005104                wiz_recv_data
 .text.close    0x0000000008005160       0x78 build_ICA2D13_ZNT/socket.o
                0x0000000008005160                close
 .text.socket   0x00000000080051d8      0x160 build_ICA2D13_ZNT/socket.o
                0x00000000080051d8                socket
 .text.listen   0x0000000008005338       0x6c build_ICA2D13_ZNT/socket.o
                0x0000000008005338                listen
 .text.disconnect
                0x00000000080053a4       0x90 build_ICA2D13_ZNT/socket.o
                0x00000000080053a4                disconnect
 .text.send     0x0000000008005434      0x124 build_ICA2D13_ZNT/socket.o
                0x0000000008005434                send
 .text.recv     0x0000000008005558       0xdc build_ICA2D13_ZNT/socket.o
                0x0000000008005558                recv
 .text.wizchip_cris_enter
                0x0000000008005634        0x2 build_ICA2D13_ZNT/wizchip_conf.o
                0x0000000008005634                wizchip_cris_enter
 .text.wizchip_cris_exit
                0x0000000008005636        0x2 build_ICA2D13_ZNT/wizchip_conf.o
                0x0000000008005636                wizchip_cris_exit
 .text.wizchip_cs_select
                0x0000000008005638        0x2 build_ICA2D13_ZNT/wizchip_conf.o
                0x0000000008005638                wizchip_cs_select
 .text.wizchip_cs_deselect
                0x000000000800563a        0x2 build_ICA2D13_ZNT/wizchip_conf.o
                0x000000000800563a                wizchip_cs_deselect
 .text.wizchip_bus_readdata
                0x000000000800563c        0x4 build_ICA2D13_ZNT/wizchip_conf.o
                0x000000000800563c                wizchip_bus_readdata
 .text.wizchip_bus_writedata
                0x0000000008005640        0x4 build_ICA2D13_ZNT/wizchip_conf.o
                0x0000000008005640                wizchip_bus_writedata
 .text.wizchip_spi_readbyte
                0x0000000008005644        0x4 build_ICA2D13_ZNT/wizchip_conf.o
                0x0000000008005644                wizchip_spi_readbyte
 .text.wizchip_spi_writebyte
                0x0000000008005648        0x2 build_ICA2D13_ZNT/wizchip_conf.o
                0x0000000008005648                wizchip_spi_writebyte
 .text.wizchip_spi_readburst
                0x000000000800564a        0x2 build_ICA2D13_ZNT/wizchip_conf.o
                0x000000000800564a                wizchip_spi_readburst
 .text.wizchip_spi_writeburst
                0x000000000800564c        0x2 build_ICA2D13_ZNT/wizchip_conf.o
                0x000000000800564c                wizchip_spi_writeburst
 *fill*         0x000000000800564e        0x2 
 .text.reg_wizchip_cs_cbfunc
                0x0000000008005650       0x24 build_ICA2D13_ZNT/wizchip_conf.o
                0x0000000008005650                reg_wizchip_cs_cbfunc
 .text.reg_wizchip_spi_cbfunc
                0x0000000008005674       0x30 build_ICA2D13_ZNT/wizchip_conf.o
                0x0000000008005674                reg_wizchip_spi_cbfunc
 .text.reg_wizchip_spiburst_cbfunc
                0x00000000080056a4       0x30 build_ICA2D13_ZNT/wizchip_conf.o
                0x00000000080056a4                reg_wizchip_spiburst_cbfunc
 .text.wizchip_sw_reset
                0x00000000080056d4       0x78 build_ICA2D13_ZNT/wizchip_conf.o
                0x00000000080056d4                wizchip_sw_reset
 .text.wizchip_init
                0x000000000800574c       0x8a build_ICA2D13_ZNT/wizchip_conf.o
                0x000000000800574c                wizchip_init
 .text.wizchip_setinterruptmask
                0x00000000080057d6       0x1a build_ICA2D13_ZNT/wizchip_conf.o
                0x00000000080057d6                wizchip_setinterruptmask
 .text.bsp_set_led1_rg
                0x00000000080057f0       0x34 build_ICA2D13_ZNT/BSP_ICA2D13.o
 .text.bsp_led1_rg_incDecInv
                0x0000000008005824       0x48 build_ICA2D13_ZNT/BSP_ICA2D13.o
                0x0000000008005824                bsp_led1_rg_incDecInv
 .text.getTable
                0x000000000800586c       0x78 build_ICA2D13_ZNT/ModbusSS.o
 .text._Crc16   0x00000000080058e4       0x42 build_ICA2D13_ZNT/ModbusSS.o
 .text.ModbusSS_SetWord
                0x0000000008005926        0xc build_ICA2D13_ZNT/ModbusSS.o
                0x0000000008005926                ModbusSS_SetWord
 .text.ModbusSS_ParseRxData
                0x0000000008005932      0x172 build_ICA2D13_ZNT/ModbusSS.o
                0x0000000008005932                ModbusSS_ParseRxData
 .text.cs_sel   0x0000000008005aa4       0x10 build_ICA2D13_ZNT/Eth.o
 .text.cs_desel
                0x0000000008005ab4       0x10 build_ICA2D13_ZNT/Eth.o
 .text.spi_wb_burst
                0x0000000008005ac4       0x24 build_ICA2D13_ZNT/Eth.o
 .text.spi_rb_burst
                0x0000000008005ae8       0x24 build_ICA2D13_ZNT/Eth.o
 .text.spi_wb   0x0000000008005b0c       0x2c build_ICA2D13_ZNT/Eth.o
 .text.spi_rb   0x0000000008005b38       0x2c build_ICA2D13_ZNT/Eth.o
 .text.Eth_f_recv
                0x0000000008005b64       0x5a build_ICA2D13_ZNT/Eth.o
 .text.Eth_f_send
                0x0000000008005bbe       0x72 build_ICA2D13_ZNT/Eth.o
 .text.Eth_f_runTcpSrv
                0x0000000008005c30      0x168 build_ICA2D13_ZNT/Eth.o
                0x0000000008005c30                Eth_f_runTcpSrv
 .text.Eth_f_GetMacFromUID
                0x0000000008005d98       0x2a build_ICA2D13_ZNT/Eth.o
                0x0000000008005d98                Eth_f_GetMacFromUID
 *fill*         0x0000000008005dc2        0x2 
 .text.Eth_f_Init
                0x0000000008005dc4       0xe4 build_ICA2D13_ZNT/Eth.o
                0x0000000008005dc4                Eth_f_Init
 .text.memset   0x0000000008005ea8       0x10 c:/vscode/vscodestmtools/arm-none-eabi-gcc/12.2.1-1.2.1/.content/bin/../lib/gcc/arm-none-eabi/12.2.1/../../../../arm-none-eabi/lib/thumb/v7-m/nofp\libc_nano.a(libc_a-memset.o)
                0x0000000008005ea8                memset
 .text.__libc_init_array
                0x0000000008005eb8       0x48 c:/vscode/vscodestmtools/arm-none-eabi-gcc/12.2.1-1.2.1/.content/bin/../lib/gcc/arm-none-eabi/12.2.1/../../../../arm-none-eabi/lib/thumb/v7-m/nofp\libc_nano.a(libc_a-init.o)
                0x0000000008005eb8                __libc_init_array
 .text.memcpy   0x0000000008005f00       0x1c c:/vscode/vscodestmtools/arm-none-eabi-gcc/12.2.1-1.2.1/.content/bin/../lib/gcc/arm-none-eabi/12.2.1/../../../../arm-none-eabi/lib/thumb/v7-m/nofp\libc_nano.a(libc_a-memcpy-stub.o)
                0x0000000008005f00                memcpy
 *(.glue_7)
 .glue_7        0x0000000008005f1c        0x0 linker stubs
 *(.glue_7t)
 .glue_7t       0x0000000008005f1c        0x0 linker stubs
 *(.eh_frame)
 .eh_frame      0x0000000008005f1c        0x0 c:/vscode/vscodestmtools/arm-none-eabi-gcc/12.2.1-1.2.1/.content/bin/../lib/gcc/arm-none-eabi/12.2.1/thumb/v7-m/nofp/crtbegin.o
 *(.init)
 .init          0x0000000008005f1c        0x4 c:/vscode/vscodestmtools/arm-none-eabi-gcc/12.2.1-1.2.1/.content/bin/../lib/gcc/arm-none-eabi/12.2.1/thumb/v7-m/nofp/crti.o
                0x0000000008005f1c                _init
 .init          0x0000000008005f20        0x8 c:/vscode/vscodestmtools/arm-none-eabi-gcc/12.2.1-1.2.1/.content/bin/../lib/gcc/arm-none-eabi/12.2.1/thumb/v7-m/nofp/crtn.o
 *(.fini)
 .fini          0x0000000008005f28        0x4 c:/vscode/vscodestmtools/arm-none-eabi-gcc/12.2.1-1.2.1/.content/bin/../lib/gcc/arm-none-eabi/12.2.1/thumb/v7-m/nofp/crti.o
                0x0000000008005f28                _fini
 .fini          0x0000000008005f2c        0x8 c:/vscode/vscodestmtools/arm-none-eabi-gcc/12.2.1-1.2.1/.content/bin/../lib/gcc/arm-none-eabi/12.2.1/thumb/v7-m/nofp/crtn.o
                0x0000000008005f34                . = ALIGN (0x4)
                0x0000000008005f34                _etext = .

.vfp11_veneer   0x0000000008005f34        0x0
 .vfp11_veneer  0x0000000008005f34        0x0 linker stubs

.v4_bx          0x0000000008005f34        0x0
 .v4_bx         0x0000000008005f34        0x0 linker stubs

.iplt           0x0000000008005f34        0x0
 .iplt          0x0000000008005f34        0x0 c:/vscode/vscodestmtools/arm-none-eabi-gcc/12.2.1-1.2.1/.content/bin/../lib/gcc/arm-none-eabi/12.2.1/thumb/v7-m/nofp/crtbegin.o

.rodata         0x0000000008005f34      0x114
                0x0000000008005f34                . = ALIGN (0x4)
 *(.rodata)
 *(.rodata*)
 .rodata.str1.4
                0x0000000008005f34       0x24 build_ICA2D13_ZNT/freertos.o
 .rodata.defaultTask_attributes
                0x0000000008005f58       0x24 build_ICA2D13_ZNT/freertos.o
                0x0000000008005f58                defaultTask_attributes
 .rodata.taskMdb_attributes
                0x0000000008005f7c       0x24 build_ICA2D13_ZNT/freertos.o
                0x0000000008005f7c                taskMdb_attributes
 .rodata.taskNet_attributes
                0x0000000008005fa0       0x24 build_ICA2D13_ZNT/freertos.o
                0x0000000008005fa0                taskNet_attributes
 .rodata.taskLed_attributes
                0x0000000008005fc4       0x24 build_ICA2D13_ZNT/freertos.o
                0x0000000008005fc4                taskLed_attributes
 .rodata.SHIFT_TAB_OCxx
                0x0000000008005fe8        0x7 build_ICA2D13_ZNT/tim.o
 *fill*         0x0000000008005fef        0x1 
 .rodata.OFFSET_TAB_CCMRx
                0x0000000008005ff0        0x7 build_ICA2D13_ZNT/tim.o
 *fill*         0x0000000008005ff7        0x1 
 .rodata.HAL_RCC_GetSysClockFreq.str1.4
                0x0000000008005ff8       0x11 build_ICA2D13_ZNT/stm32f1xx_hal_rcc.o
 *fill*         0x0000000008006009        0x3 
 .rodata.APBPrescTable
                0x000000000800600c        0x8 build_ICA2D13_ZNT/system_stm32f1xx.o
                0x000000000800600c                APBPrescTable
 .rodata.AHBPrescTable
                0x0000000008006014       0x10 build_ICA2D13_ZNT/system_stm32f1xx.o
                0x0000000008006014                AHBPrescTable
 .rodata.vTaskStartScheduler.str1.4
                0x0000000008006024        0x5 build_ICA2D13_ZNT/tasks.o
 *fill*         0x0000000008006029        0x3 
 .rodata.prvCheckForValidListAndQueue.str1.4
                0x000000000800602c        0x5 build_ICA2D13_ZNT/timers.o
 *fill*         0x0000000008006031        0x3 
 .rodata.xTimerCreateTimerTask.str1.4
                0x0000000008006034        0x8 build_ICA2D13_ZNT/timers.o
 .rodata.Eth_f_Init.str1.4
                0x000000000800603c        0x9 build_ICA2D13_ZNT/Eth.o
                0x0000000008006048                . = ALIGN (0x4)
 *fill*         0x0000000008006045        0x3 

.rel.dyn        0x0000000008006048        0x0
 .rel.iplt      0x0000000008006048        0x0 c:/vscode/vscodestmtools/arm-none-eabi-gcc/12.2.1-1.2.1/.content/bin/../lib/gcc/arm-none-eabi/12.2.1/thumb/v7-m/nofp/crtbegin.o

.ARM.extab
 *(.ARM.extab* .gnu.linkonce.armextab.*)

.ARM            0x0000000008006048        0x0
                0x0000000008006048                __exidx_start = .
 *(.ARM.exidx*)
                0x0000000008006048                __exidx_end = .

.preinit_array  0x0000000008006048        0x0
                0x0000000008006048                PROVIDE (__preinit_array_start = .)
 *(.preinit_array*)
                0x0000000008006048                PROVIDE (__preinit_array_end = .)

.init_array     0x0000000008006048        0x4
                0x0000000008006048                PROVIDE (__init_array_start = .)
 *(SORT_BY_NAME(.init_array.*))
 *(.init_array*)
 .init_array    0x0000000008006048        0x4 c:/vscode/vscodestmtools/arm-none-eabi-gcc/12.2.1-1.2.1/.content/bin/../lib/gcc/arm-none-eabi/12.2.1/thumb/v7-m/nofp/crtbegin.o
                0x000000000800604c                PROVIDE (__init_array_end = .)

.fini_array     0x000000000800604c        0x4
                0x000000000800604c                PROVIDE (__fini_array_start = .)
 *(SORT_BY_NAME(.fini_array.*))
 *(.fini_array*)
 .fini_array    0x000000000800604c        0x4 c:/vscode/vscodestmtools/arm-none-eabi-gcc/12.2.1-1.2.1/.content/bin/../lib/gcc/arm-none-eabi/12.2.1/thumb/v7-m/nofp/crtbegin.o
                0x0000000008006050                PROVIDE (__fini_array_end = .)
                0x0000000008006050                _sidata = LOADADDR (.data)

.data           0x0000000020000000       0x90 load address 0x0000000008006050
                0x0000000020000000                . = ALIGN (0x4)
                0x0000000020000000                _sdata = .
 *(.data)
 *(.data*)
 .data.modbusSS_tcp
                0x0000000020000000       0x20 build_ICA2D13_ZNT/freertos.o
                0x0000000020000000                modbusSS_tcp
 .data.modbusTables
                0x0000000020000020        0x4 build_ICA2D13_ZNT/freertos.o
                0x0000000020000020                modbusTables
 .data.modbusTableHolding1
                0x0000000020000024        0xc build_ICA2D13_ZNT/freertos.o
                0x0000000020000024                modbusTableHolding1
 .data.uwTickFreq
                0x0000000020000030        0x1 build_ICA2D13_ZNT/stm32f1xx_hal.o
                0x0000000020000030                uwTickFreq
 *fill*         0x0000000020000031        0x3 
 .data.uwTickPrio
                0x0000000020000034        0x4 build_ICA2D13_ZNT/stm32f1xx_hal.o
                0x0000000020000034                uwTickPrio
 .data.SystemCoreClock
                0x0000000020000038        0x4 build_ICA2D13_ZNT/system_stm32f1xx.o
                0x0000000020000038                SystemCoreClock
 .data.uxCriticalNesting
                0x000000002000003c        0x4 build_ICA2D13_ZNT/port.o
 .data.xFreeBytesRemaining
                0x0000000020000040        0x4 build_ICA2D13_ZNT/heap_2.o
 .data.sock_any_port
                0x0000000020000044        0x2 build_ICA2D13_ZNT/socket.o
 *fill*         0x0000000020000046        0x2 
 .data.WIZCHIP  0x0000000020000048       0x2c build_ICA2D13_ZNT/wizchip_conf.o
                0x0000000020000048                WIZCHIP
 .data.dir.0    0x0000000020000074        0x1 build_ICA2D13_ZNT/BSP_ICA2D13.o
 *fill*         0x0000000020000075        0x3 
 .data.netInfo  0x0000000020000078       0x17 build_ICA2D13_ZNT/Eth.o
                0x0000000020000078                netInfo
                0x0000000020000090                . = ALIGN (0x4)
 *fill*         0x000000002000008f        0x1 
                0x0000000020000090                _edata = .

.igot.plt       0x0000000020000090        0x0 load address 0x00000000080060e0
 .igot.plt      0x0000000020000090        0x0 c:/vscode/vscodestmtools/arm-none-eabi-gcc/12.2.1-1.2.1/.content/bin/../lib/gcc/arm-none-eabi/12.2.1/thumb/v7-m/nofp/crtbegin.o
                0x0000000020000090                . = ALIGN (0x4)

.bss            0x0000000020000090     0x2554 load address 0x00000000080060e0
                0x0000000020000090                _sbss = .
                0x0000000020000090                __bss_start__ = _sbss
 *(.bss)
 *(.bss*)
 .bss.completed.1
                0x0000000020000090        0x1 c:/vscode/vscodestmtools/arm-none-eabi-gcc/12.2.1-1.2.1/.content/bin/../lib/gcc/arm-none-eabi/12.2.1/thumb/v7-m/nofp/crtbegin.o
 *fill*         0x0000000020000091        0x3 
 .bss.object.0  0x0000000020000094       0x18 c:/vscode/vscodestmtools/arm-none-eabi-gcc/12.2.1-1.2.1/.content/bin/../lib/gcc/arm-none-eabi/12.2.1/thumb/v7-m/nofp/crtbegin.o
 .bss.crc.0     0x00000000200000ac        0x2 build_ICA2D13_ZNT/freertos.o
 .bss.mdb_req_time.1
                0x00000000200000ae        0x2 build_ICA2D13_ZNT/freertos.o
 .bss.defaultTaskHandle
                0x00000000200000b0        0x4 build_ICA2D13_ZNT/freertos.o
                0x00000000200000b0                defaultTaskHandle
 .bss.taskMdbHandle
                0x00000000200000b4        0x4 build_ICA2D13_ZNT/freertos.o
                0x00000000200000b4                taskMdbHandle
 .bss.taskNetHandle
                0x00000000200000b8        0x4 build_ICA2D13_ZNT/freertos.o
                0x00000000200000b8                taskNetHandle
 .bss.taskLedHandle
                0x00000000200000bc        0x4 build_ICA2D13_ZNT/freertos.o
                0x00000000200000bc                taskLedHandle
 .bss.mdb_5     0x00000000200000c0        0x2 build_ICA2D13_ZNT/freertos.o
                0x00000000200000c0                mdb_5
 .bss.mdb_4     0x00000000200000c2        0x2 build_ICA2D13_ZNT/freertos.o
                0x00000000200000c2                mdb_4
 .bss.mdb_3     0x00000000200000c4        0x2 build_ICA2D13_ZNT/freertos.o
                0x00000000200000c4                mdb_3
 .bss.mdb_2     0x00000000200000c6        0x2 build_ICA2D13_ZNT/freertos.o
                0x00000000200000c6                mdb_2
 .bss.mdb_1     0x00000000200000c8        0x2 build_ICA2D13_ZNT/freertos.o
                0x00000000200000c8                mdb_1
 *fill*         0x00000000200000ca        0x2 
 .bss.mdb_buf   0x00000000200000cc       0x32 build_ICA2D13_ZNT/freertos.o
                0x00000000200000cc                mdb_buf
 *fill*         0x00000000200000fe        0x2 
 .bss.modbusHoldingBuf
                0x0000000020000100        0xa build_ICA2D13_ZNT/freertos.o
                0x0000000020000100                modbusHoldingBuf
 *fill*         0x000000002000010a        0x2 
 .bss.modbusBufRxTxRtu485
                0x000000002000010c       0x32 build_ICA2D13_ZNT/freertos.o
                0x000000002000010c                modbusBufRxTxRtu485
 *fill*         0x000000002000013e        0x2 
 .bss.modbusBufRxTxTCP
                0x0000000020000140      0x104 build_ICA2D13_ZNT/freertos.o
                0x0000000020000140                modbusBufRxTxTCP
 .bss.tcpModbusSocket
                0x0000000020000244       0xd0 build_ICA2D13_ZNT/freertos.o
                0x0000000020000244                tcpModbusSocket
 .bss.hdma_spi2_tx
                0x0000000020000314       0x44 build_ICA2D13_ZNT/spi.o
                0x0000000020000314                hdma_spi2_tx
 .bss.hdma_spi2_rx
                0x0000000020000358       0x44 build_ICA2D13_ZNT/spi.o
                0x0000000020000358                hdma_spi2_rx
 .bss.hspi2     0x000000002000039c       0x58 build_ICA2D13_ZNT/spi.o
                0x000000002000039c                hspi2
 .bss.htim4     0x00000000200003f4       0x48 build_ICA2D13_ZNT/stm32f1xx_hal_timebase_tim.o
                0x00000000200003f4                htim4
 .bss.uwTick    0x000000002000043c        0x4 build_ICA2D13_ZNT/stm32f1xx_hal.o
                0x000000002000043c                uwTick
 .bss.xQueueRegistry
                0x0000000020000440       0x40 build_ICA2D13_ZNT/queue.o
                0x0000000020000440                xQueueRegistry
 .bss.uxSchedulerSuspended
                0x0000000020000480        0x4 build_ICA2D13_ZNT/tasks.o
 .bss.xIdleTaskHandle
                0x0000000020000484        0x4 build_ICA2D13_ZNT/tasks.o
 .bss.xNextTaskUnblockTime
                0x0000000020000488        0x4 build_ICA2D13_ZNT/tasks.o
 .bss.uxTaskNumber
                0x000000002000048c        0x4 build_ICA2D13_ZNT/tasks.o
 .bss.xNumOfOverflows
                0x0000000020000490        0x4 build_ICA2D13_ZNT/tasks.o
 .bss.xYieldPending
                0x0000000020000494        0x4 build_ICA2D13_ZNT/tasks.o
 .bss.uxPendedTicks
                0x0000000020000498        0x4 build_ICA2D13_ZNT/tasks.o
 .bss.xSchedulerRunning
                0x000000002000049c        0x4 build_ICA2D13_ZNT/tasks.o
 .bss.uxTopReadyPriority
                0x00000000200004a0        0x4 build_ICA2D13_ZNT/tasks.o
 .bss.xTickCount
                0x00000000200004a4        0x4 build_ICA2D13_ZNT/tasks.o
 .bss.uxCurrentNumberOfTasks
                0x00000000200004a8        0x4 build_ICA2D13_ZNT/tasks.o
 .bss.xSuspendedTaskList
                0x00000000200004ac       0x14 build_ICA2D13_ZNT/tasks.o
 .bss.uxDeletedTasksWaitingCleanUp
                0x00000000200004c0        0x4 build_ICA2D13_ZNT/tasks.o
 .bss.xTasksWaitingTermination
                0x00000000200004c4       0x14 build_ICA2D13_ZNT/tasks.o
 .bss.xPendingReadyList
                0x00000000200004d8       0x14 build_ICA2D13_ZNT/tasks.o
 .bss.pxOverflowDelayedTaskList
                0x00000000200004ec        0x4 build_ICA2D13_ZNT/tasks.o
 .bss.pxDelayedTaskList
                0x00000000200004f0        0x4 build_ICA2D13_ZNT/tasks.o
 .bss.xDelayedTaskList2
                0x00000000200004f4       0x14 build_ICA2D13_ZNT/tasks.o
 .bss.xDelayedTaskList1
                0x0000000020000508       0x14 build_ICA2D13_ZNT/tasks.o
 .bss.pxReadyTasksLists
                0x000000002000051c      0x460 build_ICA2D13_ZNT/tasks.o
 .bss.pxCurrentTCB
                0x000000002000097c        0x4 build_ICA2D13_ZNT/tasks.o
                0x000000002000097c                pxCurrentTCB
 .bss.xStaticTimerQueue.0
                0x0000000020000980       0x50 build_ICA2D13_ZNT/timers.o
 .bss.ucStaticTimerQueueStorage.1
                0x00000000200009d0       0xa0 build_ICA2D13_ZNT/timers.o
 .bss.xLastTime.2
                0x0000000020000a70        0x4 build_ICA2D13_ZNT/timers.o
 .bss.xTimerTaskHandle
                0x0000000020000a74        0x4 build_ICA2D13_ZNT/timers.o
 .bss.xTimerQueue
                0x0000000020000a78        0x4 build_ICA2D13_ZNT/timers.o
 .bss.pxOverflowTimerList
                0x0000000020000a7c        0x4 build_ICA2D13_ZNT/timers.o
 .bss.pxCurrentTimerList
                0x0000000020000a80        0x4 build_ICA2D13_ZNT/timers.o
 .bss.xActiveTimerList2
                0x0000000020000a84       0x14 build_ICA2D13_ZNT/timers.o
 .bss.xActiveTimerList1
                0x0000000020000a98       0x14 build_ICA2D13_ZNT/timers.o
 .bss.Timer_Stack
                0x0000000020000aac      0x400 build_ICA2D13_ZNT/cmsis_os2.o
 .bss.Timer_TCB
                0x0000000020000eac       0x5c build_ICA2D13_ZNT/cmsis_os2.o
 .bss.Idle_Stack
                0x0000000020000f08      0x200 build_ICA2D13_ZNT/cmsis_os2.o
 .bss.Idle_TCB  0x0000000020001108       0x5c build_ICA2D13_ZNT/cmsis_os2.o
 .bss.KernelState
                0x0000000020001164        0x4 build_ICA2D13_ZNT/cmsis_os2.o
 .bss.ulMaxPRIGROUPValue
                0x0000000020001168        0x4 build_ICA2D13_ZNT/port.o
 .bss.ucMaxSysCallPriority
                0x000000002000116c        0x1 build_ICA2D13_ZNT/port.o
 *fill*         0x000000002000116d        0x3 
 .bss.xHeapHasBeenInitialised.0
                0x0000000020001170        0x4 build_ICA2D13_ZNT/heap_2.o
 .bss.xEnd      0x0000000020001174        0x8 build_ICA2D13_ZNT/heap_2.o
 .bss.xStart    0x000000002000117c        0x8 build_ICA2D13_ZNT/heap_2.o
 .bss.ucHeap    0x0000000020001184     0x1400 build_ICA2D13_ZNT/heap_2.o
 .bss.huart1    0x0000000020002584       0x44 build_ICA2D13_ZNT/usart.o
                0x0000000020002584                huart1
 .bss.sock_pack_info
                0x00000000200025c8        0x8 build_ICA2D13_ZNT/socket.o
                0x00000000200025c8                sock_pack_info
 .bss.sock_remained_size
                0x00000000200025d0       0x10 build_ICA2D13_ZNT/socket.o
 .bss.sock_is_sending
                0x00000000200025e0        0x2 build_ICA2D13_ZNT/socket.o
 .bss.sock_io_mode
                0x00000000200025e2        0x2 build_ICA2D13_ZNT/socket.o
 *(COMMON)
                0x00000000200025e4                . = ALIGN (0x4)
                0x00000000200025e4                _ebss = .
                0x00000000200025e4                __bss_end__ = _ebss

._user_heap_stack
                0x00000000200025e4     0x1404 load address 0x00000000080060e0
                0x00000000200025e8                . = ALIGN (0x8)
 *fill*         0x00000000200025e4        0x4 
                0x00000000200025e8                PROVIDE (end = .)
                [!provide]                        PROVIDE (_end = .)
                0x00000000200025e8                . = (. + _Min_Heap_Size)
                0x00000000200039e8                . = (. + _Min_Stack_Size)
 *fill*         0x00000000200025e8     0x1400 
                0x00000000200039e8                . = ALIGN (0x8)

/DISCARD/
 libc.a(*)
 libm.a(*)
 libgcc.a(*)

.ARM.attributes
                0x0000000000000000       0x29
 *(.ARM.attributes)
 .ARM.attributes
                0x0000000000000000       0x1d c:/vscode/vscodestmtools/arm-none-eabi-gcc/12.2.1-1.2.1/.content/bin/../lib/gcc/arm-none-eabi/12.2.1/thumb/v7-m/nofp/crti.o
 .ARM.attributes
                0x000000000000001d       0x2d c:/vscode/vscodestmtools/arm-none-eabi-gcc/12.2.1-1.2.1/.content/bin/../lib/gcc/arm-none-eabi/12.2.1/thumb/v7-m/nofp/crtbegin.o
 .ARM.attributes
                0x000000000000004a       0x21 build_ICA2D13_ZNT/startup_stm32f103xb.o
 .ARM.attributes
                0x000000000000006b       0x2d build_ICA2D13_ZNT/main.o
 .ARM.attributes
                0x0000000000000098       0x2d build_ICA2D13_ZNT/gpio.o
 .ARM.attributes
                0x00000000000000c5       0x2d build_ICA2D13_ZNT/freertos.o
 .ARM.attributes
                0x00000000000000f2       0x2d build_ICA2D13_ZNT/dma.o
 .ARM.attributes
                0x000000000000011f       0x2d build_ICA2D13_ZNT/spi.o
 .ARM.attributes
                0x000000000000014c       0x2d build_ICA2D13_ZNT/tim.o
 .ARM.attributes
                0x0000000000000179       0x2d build_ICA2D13_ZNT/stm32f1xx_it.o
 .ARM.attributes
                0x00000000000001a6       0x2d build_ICA2D13_ZNT/stm32f1xx_hal_msp.o
 .ARM.attributes
                0x00000000000001d3       0x2d build_ICA2D13_ZNT/stm32f1xx_hal_timebase_tim.o
 .ARM.attributes
                0x0000000000000200       0x2d build_ICA2D13_ZNT/stm32f1xx_ll_gpio.o
 .ARM.attributes
                0x000000000000022d       0x2d build_ICA2D13_ZNT/stm32f1xx_hal.o
 .ARM.attributes
                0x000000000000025a       0x2d build_ICA2D13_ZNT/stm32f1xx_hal_rcc.o
 .ARM.attributes
                0x0000000000000287       0x2d build_ICA2D13_ZNT/stm32f1xx_hal_gpio.o
 .ARM.attributes
                0x00000000000002b4       0x2d build_ICA2D13_ZNT/stm32f1xx_hal_dma.o
 .ARM.attributes
                0x00000000000002e1       0x2d build_ICA2D13_ZNT/stm32f1xx_hal_cortex.o
 .ARM.attributes
                0x000000000000030e       0x2d build_ICA2D13_ZNT/stm32f1xx_ll_exti.o
 .ARM.attributes
                0x000000000000033b       0x2d build_ICA2D13_ZNT/stm32f1xx_hal_spi.o
 .ARM.attributes
                0x0000000000000368       0x2d build_ICA2D13_ZNT/stm32f1xx_hal_tim.o
 .ARM.attributes
                0x0000000000000395       0x2d build_ICA2D13_ZNT/stm32f1xx_hal_tim_ex.o
 .ARM.attributes
                0x00000000000003c2       0x2d build_ICA2D13_ZNT/system_stm32f1xx.o
 .ARM.attributes
                0x00000000000003ef       0x2d build_ICA2D13_ZNT/list.o
 .ARM.attributes
                0x000000000000041c       0x2d build_ICA2D13_ZNT/queue.o
 .ARM.attributes
                0x0000000000000449       0x2d build_ICA2D13_ZNT/tasks.o
 .ARM.attributes
                0x0000000000000476       0x2d build_ICA2D13_ZNT/timers.o
 .ARM.attributes
                0x00000000000004a3       0x2d build_ICA2D13_ZNT/cmsis_os2.o
 .ARM.attributes
                0x00000000000004d0       0x2d build_ICA2D13_ZNT/port.o
 .ARM.attributes
                0x00000000000004fd       0x2d build_ICA2D13_ZNT/stm32f1xx_ll_tim.o
 .ARM.attributes
                0x000000000000052a       0x2d build_ICA2D13_ZNT/heap_2.o
 .ARM.attributes
                0x0000000000000557       0x2d build_ICA2D13_ZNT/usart.o
 .ARM.attributes
                0x0000000000000584       0x2d build_ICA2D13_ZNT/stm32f1xx_hal_uart.o
 .ARM.attributes
                0x00000000000005b1       0x2d build_ICA2D13_ZNT/w5500.o
 .ARM.attributes
                0x00000000000005de       0x2d build_ICA2D13_ZNT/socket.o
 .ARM.attributes
                0x000000000000060b       0x2d build_ICA2D13_ZNT/wizchip_conf.o
 .ARM.attributes
                0x0000000000000638       0x2d build_ICA2D13_ZNT/BSP_ICA2D13.o
 .ARM.attributes
                0x0000000000000665       0x2d build_ICA2D13_ZNT/ModbusSS.o
 .ARM.attributes
                0x0000000000000692       0x2d build_ICA2D13_ZNT/Eth.o
 .ARM.attributes
                0x00000000000006bf       0x2d c:/vscode/vscodestmtools/arm-none-eabi-gcc/12.2.1-1.2.1/.content/bin/../lib/gcc/arm-none-eabi/12.2.1/../../../../arm-none-eabi/lib/thumb/v7-m/nofp\libc_nano.a(libc_a-memset.o)
 .ARM.attributes
                0x00000000000006ec       0x2d c:/vscode/vscodestmtools/arm-none-eabi-gcc/12.2.1-1.2.1/.content/bin/../lib/gcc/arm-none-eabi/12.2.1/../../../../arm-none-eabi/lib/thumb/v7-m/nofp\libc_nano.a(libc_a-init.o)
 .ARM.attributes
                0x0000000000000719       0x2d c:/vscode/vscodestmtools/arm-none-eabi-gcc/12.2.1-1.2.1/.content/bin/../lib/gcc/arm-none-eabi/12.2.1/../../../../arm-none-eabi/lib/thumb/v7-m/nofp\libc_nano.a(libc_a-memcpy-stub.o)
 .ARM.attributes
                0x0000000000000746       0x1d c:/vscode/vscodestmtools/arm-none-eabi-gcc/12.2.1-1.2.1/.content/bin/../lib/gcc/arm-none-eabi/12.2.1/thumb/v7-m/nofp/crtn.o
OUTPUT(build_ICA2D13_ZNT/ICA2D13_ZNT.elf elf32-littlearm)
LOAD linker stubs
LOAD c:/vscode/vscodestmtools/arm-none-eabi-gcc/12.2.1-1.2.1/.content/bin/../lib/gcc/arm-none-eabi/12.2.1/../../../../arm-none-eabi/lib/thumb/v7-m/nofp\libc.a
LOAD c:/vscode/vscodestmtools/arm-none-eabi-gcc/12.2.1-1.2.1/.content/bin/../lib/gcc/arm-none-eabi/12.2.1/../../../../arm-none-eabi/lib/thumb/v7-m/nofp\libm.a
LOAD c:/vscode/vscodestmtools/arm-none-eabi-gcc/12.2.1-1.2.1/.content/bin/../lib/gcc/arm-none-eabi/12.2.1/thumb/v7-m/nofp\libgcc.a

.comment        0x0000000000000000       0x39
 .comment       0x0000000000000000       0x39 c:/vscode/vscodestmtools/arm-none-eabi-gcc/12.2.1-1.2.1/.content/bin/../lib/gcc/arm-none-eabi/12.2.1/thumb/v7-m/nofp/crtbegin.o
                                         0x3a (size before relaxing)
 .comment       0x0000000000000039       0x3a build_ICA2D13_ZNT/main.o
 .comment       0x0000000000000039       0x3a build_ICA2D13_ZNT/gpio.o
 .comment       0x0000000000000039       0x3a build_ICA2D13_ZNT/freertos.o
 .comment       0x0000000000000039       0x3a build_ICA2D13_ZNT/dma.o
 .comment       0x0000000000000039       0x3a build_ICA2D13_ZNT/spi.o
 .comment       0x0000000000000039       0x3a build_ICA2D13_ZNT/tim.o
 .comment       0x0000000000000039       0x3a build_ICA2D13_ZNT/stm32f1xx_it.o
 .comment       0x0000000000000039       0x3a build_ICA2D13_ZNT/stm32f1xx_hal_msp.o
 .comment       0x0000000000000039       0x3a build_ICA2D13_ZNT/stm32f1xx_hal_timebase_tim.o
 .comment       0x0000000000000039       0x3a build_ICA2D13_ZNT/stm32f1xx_ll_gpio.o
 .comment       0x0000000000000039       0x3a build_ICA2D13_ZNT/stm32f1xx_hal.o
 .comment       0x0000000000000039       0x3a build_ICA2D13_ZNT/stm32f1xx_hal_rcc.o
 .comment       0x0000000000000039       0x3a build_ICA2D13_ZNT/stm32f1xx_hal_gpio.o
 .comment       0x0000000000000039       0x3a build_ICA2D13_ZNT/stm32f1xx_hal_dma.o
 .comment       0x0000000000000039       0x3a build_ICA2D13_ZNT/stm32f1xx_hal_cortex.o
 .comment       0x0000000000000039       0x3a build_ICA2D13_ZNT/stm32f1xx_ll_exti.o
 .comment       0x0000000000000039       0x3a build_ICA2D13_ZNT/stm32f1xx_hal_spi.o
 .comment       0x0000000000000039       0x3a build_ICA2D13_ZNT/stm32f1xx_hal_tim.o
 .comment       0x0000000000000039       0x3a build_ICA2D13_ZNT/stm32f1xx_hal_tim_ex.o
 .comment       0x0000000000000039       0x3a build_ICA2D13_ZNT/system_stm32f1xx.o
 .comment       0x0000000000000039       0x3a build_ICA2D13_ZNT/list.o
 .comment       0x0000000000000039       0x3a build_ICA2D13_ZNT/queue.o
 .comment       0x0000000000000039       0x3a build_ICA2D13_ZNT/tasks.o
 .comment       0x0000000000000039       0x3a build_ICA2D13_ZNT/timers.o
 .comment       0x0000000000000039       0x3a build_ICA2D13_ZNT/cmsis_os2.o
 .comment       0x0000000000000039       0x3a build_ICA2D13_ZNT/port.o
 .comment       0x0000000000000039       0x3a build_ICA2D13_ZNT/stm32f1xx_ll_tim.o
 .comment       0x0000000000000039       0x3a build_ICA2D13_ZNT/heap_2.o
 .comment       0x0000000000000039       0x3a build_ICA2D13_ZNT/usart.o
 .comment       0x0000000000000039       0x3a build_ICA2D13_ZNT/stm32f1xx_hal_uart.o
 .comment       0x0000000000000039       0x3a build_ICA2D13_ZNT/w5500.o
 .comment       0x0000000000000039       0x3a build_ICA2D13_ZNT/socket.o
 .comment       0x0000000000000039       0x3a build_ICA2D13_ZNT/wizchip_conf.o
 .comment       0x0000000000000039       0x3a build_ICA2D13_ZNT/BSP_ICA2D13.o
 .comment       0x0000000000000039       0x3a build_ICA2D13_ZNT/ModbusSS.o
 .comment       0x0000000000000039       0x3a build_ICA2D13_ZNT/Eth.o
 .comment       0x0000000000000039       0x3a c:/vscode/vscodestmtools/arm-none-eabi-gcc/12.2.1-1.2.1/.content/bin/../lib/gcc/arm-none-eabi/12.2.1/../../../../arm-none-eabi/lib/thumb/v7-m/nofp\libc_nano.a(libc_a-memset.o)
 .comment       0x0000000000000039       0x3a c:/vscode/vscodestmtools/arm-none-eabi-gcc/12.2.1-1.2.1/.content/bin/../lib/gcc/arm-none-eabi/12.2.1/../../../../arm-none-eabi/lib/thumb/v7-m/nofp\libc_nano.a(libc_a-init.o)
 .comment       0x0000000000000039       0x3a c:/vscode/vscodestmtools/arm-none-eabi-gcc/12.2.1-1.2.1/.content/bin/../lib/gcc/arm-none-eabi/12.2.1/../../../../arm-none-eabi/lib/thumb/v7-m/nofp\libc_nano.a(libc_a-memcpy-stub.o)

.debug_info     0x0000000000000000    0x28d07
 .debug_info    0x0000000000000000      0xe53 build_ICA2D13_ZNT/main.o
 .debug_info    0x0000000000000e53      0xf11 build_ICA2D13_ZNT/gpio.o
 .debug_info    0x0000000000001d64     0x17d6 build_ICA2D13_ZNT/freertos.o
 .debug_info    0x000000000000353a      0x40f build_ICA2D13_ZNT/dma.o
 .debug_info    0x0000000000003949      0xaa8 build_ICA2D13_ZNT/spi.o
 .debug_info    0x00000000000043f1      0xcc5 build_ICA2D13_ZNT/tim.o
 .debug_info    0x00000000000050b6      0xcd4 build_ICA2D13_ZNT/stm32f1xx_it.o
 .debug_info    0x0000000000005d8a      0x473 build_ICA2D13_ZNT/stm32f1xx_hal_msp.o
 .debug_info    0x00000000000061fd      0xb57 build_ICA2D13_ZNT/stm32f1xx_hal_timebase_tim.o
 .debug_info    0x0000000000006d54      0x8d3 build_ICA2D13_ZNT/stm32f1xx_ll_gpio.o
 .debug_info    0x0000000000007627      0x880 build_ICA2D13_ZNT/stm32f1xx_hal.o
 .debug_info    0x0000000000007ea7      0xb07 build_ICA2D13_ZNT/stm32f1xx_hal_rcc.o
 .debug_info    0x00000000000089ae      0x6d7 build_ICA2D13_ZNT/stm32f1xx_hal_gpio.o
 .debug_info    0x0000000000009085      0x8b8 build_ICA2D13_ZNT/stm32f1xx_hal_dma.o
 .debug_info    0x000000000000993d      0xe13 build_ICA2D13_ZNT/stm32f1xx_hal_cortex.o
 .debug_info    0x000000000000a750      0x54e build_ICA2D13_ZNT/stm32f1xx_ll_exti.o
 .debug_info    0x000000000000ac9e     0x1f0c build_ICA2D13_ZNT/stm32f1xx_hal_spi.o
 .debug_info    0x000000000000cbaa     0x3e57 build_ICA2D13_ZNT/stm32f1xx_hal_tim.o
 .debug_info    0x0000000000010a01     0x1c4f build_ICA2D13_ZNT/stm32f1xx_hal_tim_ex.o
 .debug_info    0x0000000000012650      0x26e build_ICA2D13_ZNT/system_stm32f1xx.o
 .debug_info    0x00000000000128be      0x309 build_ICA2D13_ZNT/list.o
 .debug_info    0x0000000000012bc7     0x2927 build_ICA2D13_ZNT/queue.o
 .debug_info    0x00000000000154ee     0x320f build_ICA2D13_ZNT/tasks.o
 .debug_info    0x00000000000186fd     0x1bca build_ICA2D13_ZNT/timers.o
 .debug_info    0x000000000001a2c7     0x5246 build_ICA2D13_ZNT/cmsis_os2.o
 .debug_info    0x000000000001f50d      0x563 build_ICA2D13_ZNT/port.o
 .debug_info    0x000000000001fa70     0x12e3 build_ICA2D13_ZNT/stm32f1xx_ll_tim.o
 .debug_info    0x0000000000020d53      0x3a5 build_ICA2D13_ZNT/heap_2.o
 .debug_info    0x00000000000210f8      0xc25 build_ICA2D13_ZNT/usart.o
 .debug_info    0x0000000000021d1d     0x1e4c build_ICA2D13_ZNT/stm32f1xx_hal_uart.o
 .debug_info    0x0000000000023b69      0x9de build_ICA2D13_ZNT/w5500.o
 .debug_info    0x0000000000024547     0x13ef build_ICA2D13_ZNT/socket.o
 .debug_info    0x0000000000025936     0x14f5 build_ICA2D13_ZNT/wizchip_conf.o
 .debug_info    0x0000000000026e2b      0x3c3 build_ICA2D13_ZNT/BSP_ICA2D13.o
 .debug_info    0x00000000000271ee      0x6c6 build_ICA2D13_ZNT/ModbusSS.o
 .debug_info    0x00000000000278b4     0x1453 build_ICA2D13_ZNT/Eth.o

.debug_abbrev   0x0000000000000000     0x5eae
 .debug_abbrev  0x0000000000000000      0x2ec build_ICA2D13_ZNT/main.o
 .debug_abbrev  0x00000000000002ec      0x2ff build_ICA2D13_ZNT/gpio.o
 .debug_abbrev  0x00000000000005eb      0x3fd build_ICA2D13_ZNT/freertos.o
 .debug_abbrev  0x00000000000009e8      0x147 build_ICA2D13_ZNT/dma.o
 .debug_abbrev  0x0000000000000b2f      0x228 build_ICA2D13_ZNT/spi.o
 .debug_abbrev  0x0000000000000d57      0x25f build_ICA2D13_ZNT/tim.o
 .debug_abbrev  0x0000000000000fb6      0x229 build_ICA2D13_ZNT/stm32f1xx_it.o
 .debug_abbrev  0x00000000000011df      0x14e build_ICA2D13_ZNT/stm32f1xx_hal_msp.o
 .debug_abbrev  0x000000000000132d      0x22d build_ICA2D13_ZNT/stm32f1xx_hal_timebase_tim.o
 .debug_abbrev  0x000000000000155a      0x2df build_ICA2D13_ZNT/stm32f1xx_ll_gpio.o
 .debug_abbrev  0x0000000000001839      0x232 build_ICA2D13_ZNT/stm32f1xx_hal.o
 .debug_abbrev  0x0000000000001a6b      0x2b8 build_ICA2D13_ZNT/stm32f1xx_hal_rcc.o
 .debug_abbrev  0x0000000000001d23      0x222 build_ICA2D13_ZNT/stm32f1xx_hal_gpio.o
 .debug_abbrev  0x0000000000001f45      0x261 build_ICA2D13_ZNT/stm32f1xx_hal_dma.o
 .debug_abbrev  0x00000000000021a6      0x3aa build_ICA2D13_ZNT/stm32f1xx_hal_cortex.o
 .debug_abbrev  0x0000000000002550      0x1d9 build_ICA2D13_ZNT/stm32f1xx_ll_exti.o
 .debug_abbrev  0x0000000000002729      0x2c6 build_ICA2D13_ZNT/stm32f1xx_hal_spi.o
 .debug_abbrev  0x00000000000029ef      0x2b6 build_ICA2D13_ZNT/stm32f1xx_hal_tim.o
 .debug_abbrev  0x0000000000002ca5      0x2b0 build_ICA2D13_ZNT/stm32f1xx_hal_tim_ex.o
 .debug_abbrev  0x0000000000002f55      0x140 build_ICA2D13_ZNT/system_stm32f1xx.o
 .debug_abbrev  0x0000000000003095      0x124 build_ICA2D13_ZNT/list.o
 .debug_abbrev  0x00000000000031b9      0x454 build_ICA2D13_ZNT/queue.o
 .debug_abbrev  0x000000000000360d      0x400 build_ICA2D13_ZNT/tasks.o
 .debug_abbrev  0x0000000000003a0d      0x3cb build_ICA2D13_ZNT/timers.o
 .debug_abbrev  0x0000000000003dd8      0x4c6 build_ICA2D13_ZNT/cmsis_os2.o
 .debug_abbrev  0x000000000000429e      0x2c2 build_ICA2D13_ZNT/port.o
 .debug_abbrev  0x0000000000004560      0x2c0 build_ICA2D13_ZNT/stm32f1xx_ll_tim.o
 .debug_abbrev  0x0000000000004820      0x1be build_ICA2D13_ZNT/heap_2.o
 .debug_abbrev  0x00000000000049de      0x252 build_ICA2D13_ZNT/usart.o
 .debug_abbrev  0x0000000000004c30      0x2df build_ICA2D13_ZNT/stm32f1xx_hal_uart.o
 .debug_abbrev  0x0000000000004f0f      0x287 build_ICA2D13_ZNT/w5500.o
 .debug_abbrev  0x0000000000005196      0x203 build_ICA2D13_ZNT/socket.o
 .debug_abbrev  0x0000000000005399      0x35e build_ICA2D13_ZNT/wizchip_conf.o
 .debug_abbrev  0x00000000000056f7      0x158 build_ICA2D13_ZNT/BSP_ICA2D13.o
 .debug_abbrev  0x000000000000584f      0x278 build_ICA2D13_ZNT/ModbusSS.o
 .debug_abbrev  0x0000000000005ac7      0x3e7 build_ICA2D13_ZNT/Eth.o

.debug_loc      0x0000000000000000    0x20afe
 .debug_loc     0x0000000000000000      0x11c build_ICA2D13_ZNT/main.o
 .debug_loc     0x000000000000011c      0x41a build_ICA2D13_ZNT/gpio.o
 .debug_loc     0x0000000000000536      0x520 build_ICA2D13_ZNT/freertos.o
 .debug_loc     0x0000000000000a56       0x38 build_ICA2D13_ZNT/dma.o
 .debug_loc     0x0000000000000a8e       0xf5 build_ICA2D13_ZNT/spi.o
 .debug_loc     0x0000000000000b83      0x346 build_ICA2D13_ZNT/tim.o
 .debug_loc     0x0000000000000ec9       0xe0 build_ICA2D13_ZNT/stm32f1xx_it.o
 .debug_loc     0x0000000000000fa9       0x4d build_ICA2D13_ZNT/stm32f1xx_hal_msp.o
 .debug_loc     0x0000000000000ff6      0x152 build_ICA2D13_ZNT/stm32f1xx_hal_timebase_tim.o
 .debug_loc     0x0000000000001148      0x5a4 build_ICA2D13_ZNT/stm32f1xx_ll_gpio.o
 .debug_loc     0x00000000000016ec      0x1e1 build_ICA2D13_ZNT/stm32f1xx_hal.o
 .debug_loc     0x00000000000018cd      0x7ee build_ICA2D13_ZNT/stm32f1xx_hal_rcc.o
 .debug_loc     0x00000000000020bb      0x53c build_ICA2D13_ZNT/stm32f1xx_hal_gpio.o
 .debug_loc     0x00000000000025f7      0x8fb build_ICA2D13_ZNT/stm32f1xx_hal_dma.o
 .debug_loc     0x0000000000002ef2      0x782 build_ICA2D13_ZNT/stm32f1xx_hal_cortex.o
 .debug_loc     0x0000000000003674      0x2eb build_ICA2D13_ZNT/stm32f1xx_ll_exti.o
 .debug_loc     0x000000000000395f     0x247b build_ICA2D13_ZNT/stm32f1xx_hal_spi.o
 .debug_loc     0x0000000000005dda     0x5358 build_ICA2D13_ZNT/stm32f1xx_hal_tim.o
 .debug_loc     0x000000000000b132     0x1efa build_ICA2D13_ZNT/stm32f1xx_hal_tim_ex.o
 .debug_loc     0x000000000000d02c       0xff build_ICA2D13_ZNT/system_stm32f1xx.o
 .debug_loc     0x000000000000d12b       0xe5 build_ICA2D13_ZNT/list.o
 .debug_loc     0x000000000000d210     0x1e5d build_ICA2D13_ZNT/queue.o
 .debug_loc     0x000000000000f06d     0x2919 build_ICA2D13_ZNT/tasks.o
 .debug_loc     0x0000000000011986     0x134d build_ICA2D13_ZNT/timers.o
 .debug_loc     0x0000000000012cd3     0x63ed build_ICA2D13_ZNT/cmsis_os2.o
 .debug_loc     0x00000000000190c0      0x16c build_ICA2D13_ZNT/port.o
 .debug_loc     0x000000000001922c     0x12d7 build_ICA2D13_ZNT/stm32f1xx_ll_tim.o
 .debug_loc     0x000000000001a503      0x28d build_ICA2D13_ZNT/heap_2.o
 .debug_loc     0x000000000001a790      0x13d build_ICA2D13_ZNT/usart.o
 .debug_loc     0x000000000001a8cd     0x267e build_ICA2D13_ZNT/stm32f1xx_hal_uart.o
 .debug_loc     0x000000000001cf4b      0x745 build_ICA2D13_ZNT/w5500.o
 .debug_loc     0x000000000001d690     0x19ca build_ICA2D13_ZNT/socket.o
 .debug_loc     0x000000000001f05a      0xfbc build_ICA2D13_ZNT/wizchip_conf.o
 .debug_loc     0x0000000000020016       0xf0 build_ICA2D13_ZNT/BSP_ICA2D13.o
 .debug_loc     0x0000000000020106      0x602 build_ICA2D13_ZNT/ModbusSS.o
 .debug_loc     0x0000000000020708      0x3f6 build_ICA2D13_ZNT/Eth.o

.debug_aranges  0x0000000000000000     0x1a08
 .debug_aranges
                0x0000000000000000       0x48 build_ICA2D13_ZNT/main.o
 .debug_aranges
                0x0000000000000048       0x30 build_ICA2D13_ZNT/gpio.o
 .debug_aranges
                0x0000000000000078       0x68 build_ICA2D13_ZNT/freertos.o
 .debug_aranges
                0x00000000000000e0       0x20 build_ICA2D13_ZNT/dma.o
 .debug_aranges
                0x0000000000000100       0x30 build_ICA2D13_ZNT/spi.o
 .debug_aranges
                0x0000000000000130       0x30 build_ICA2D13_ZNT/tim.o
 .debug_aranges
                0x0000000000000160       0x70 build_ICA2D13_ZNT/stm32f1xx_it.o
 .debug_aranges
                0x00000000000001d0       0x20 build_ICA2D13_ZNT/stm32f1xx_hal_msp.o
 .debug_aranges
                0x00000000000001f0       0x30 build_ICA2D13_ZNT/stm32f1xx_hal_timebase_tim.o
 .debug_aranges
                0x0000000000000220       0x48 build_ICA2D13_ZNT/stm32f1xx_ll_gpio.o
 .debug_aranges
                0x0000000000000268       0xe0 build_ICA2D13_ZNT/stm32f1xx_hal.o
 .debug_aranges
                0x0000000000000348       0x90 build_ICA2D13_ZNT/stm32f1xx_hal_rcc.o
 .debug_aranges
                0x00000000000003d8       0x58 build_ICA2D13_ZNT/stm32f1xx_hal_gpio.o
 .debug_aranges
                0x0000000000000430       0x80 build_ICA2D13_ZNT/stm32f1xx_hal_dma.o
 .debug_aranges
                0x00000000000004b0       0xc0 build_ICA2D13_ZNT/stm32f1xx_hal_cortex.o
 .debug_aranges
                0x0000000000000570       0x30 build_ICA2D13_ZNT/stm32f1xx_ll_exti.o
 .debug_aranges
                0x00000000000005a0      0x1d0 build_ICA2D13_ZNT/stm32f1xx_hal_spi.o
 .debug_aranges
                0x0000000000000770      0x3d0 build_ICA2D13_ZNT/stm32f1xx_hal_tim.o
 .debug_aranges
                0x0000000000000b40      0x168 build_ICA2D13_ZNT/stm32f1xx_hal_tim_ex.o
 .debug_aranges
                0x0000000000000ca8       0x28 build_ICA2D13_ZNT/system_stm32f1xx.o
 .debug_aranges
                0x0000000000000cd0       0x40 build_ICA2D13_ZNT/list.o
 .debug_aranges
                0x0000000000000d10      0x158 build_ICA2D13_ZNT/queue.o
 .debug_aranges
                0x0000000000000e68      0x1f8 build_ICA2D13_ZNT/tasks.o
 .debug_aranges
                0x0000000000001060       0xe0 build_ICA2D13_ZNT/timers.o
 .debug_aranges
                0x0000000000001140      0x228 build_ICA2D13_ZNT/cmsis_os2.o
 .debug_aranges
                0x0000000000001368       0x78 build_ICA2D13_ZNT/port.o
 .debug_aranges
                0x00000000000013e0       0xc0 build_ICA2D13_ZNT/stm32f1xx_ll_tim.o
 .debug_aranges
                0x00000000000014a0       0x40 build_ICA2D13_ZNT/heap_2.o
 .debug_aranges
                0x00000000000014e0       0x30 build_ICA2D13_ZNT/usart.o
 .debug_aranges
                0x0000000000001510      0x200 build_ICA2D13_ZNT/stm32f1xx_hal_uart.o
 .debug_aranges
                0x0000000000001710       0x60 build_ICA2D13_ZNT/w5500.o
 .debug_aranges
                0x0000000000001770       0x78 build_ICA2D13_ZNT/socket.o
 .debug_aranges
                0x00000000000017e8      0x138 build_ICA2D13_ZNT/wizchip_conf.o
 .debug_aranges
                0x0000000000001920       0x38 build_ICA2D13_ZNT/BSP_ICA2D13.o
 .debug_aranges
                0x0000000000001958       0x40 build_ICA2D13_ZNT/ModbusSS.o
 .debug_aranges
                0x0000000000001998       0x70 build_ICA2D13_ZNT/Eth.o

.debug_ranges   0x0000000000000000     0x1ba8
 .debug_ranges  0x0000000000000000       0x38 build_ICA2D13_ZNT/main.o
 .debug_ranges  0x0000000000000038       0x20 build_ICA2D13_ZNT/gpio.o
 .debug_ranges  0x0000000000000058       0x70 build_ICA2D13_ZNT/freertos.o
 .debug_ranges  0x00000000000000c8       0x10 build_ICA2D13_ZNT/dma.o
 .debug_ranges  0x00000000000000d8       0x20 build_ICA2D13_ZNT/spi.o
 .debug_ranges  0x00000000000000f8       0x20 build_ICA2D13_ZNT/tim.o
 .debug_ranges  0x0000000000000118       0x60 build_ICA2D13_ZNT/stm32f1xx_it.o
 .debug_ranges  0x0000000000000178       0x10 build_ICA2D13_ZNT/stm32f1xx_hal_msp.o
 .debug_ranges  0x0000000000000188       0x20 build_ICA2D13_ZNT/stm32f1xx_hal_timebase_tim.o
 .debug_ranges  0x00000000000001a8       0xb0 build_ICA2D13_ZNT/stm32f1xx_ll_gpio.o
 .debug_ranges  0x0000000000000258       0xd0 build_ICA2D13_ZNT/stm32f1xx_hal.o
 .debug_ranges  0x0000000000000328       0xa0 build_ICA2D13_ZNT/stm32f1xx_hal_rcc.o
 .debug_ranges  0x00000000000003c8       0x48 build_ICA2D13_ZNT/stm32f1xx_hal_gpio.o
 .debug_ranges  0x0000000000000410       0x70 build_ICA2D13_ZNT/stm32f1xx_hal_dma.o
 .debug_ranges  0x0000000000000480       0xb0 build_ICA2D13_ZNT/stm32f1xx_hal_cortex.o
 .debug_ranges  0x0000000000000530       0x50 build_ICA2D13_ZNT/stm32f1xx_ll_exti.o
 .debug_ranges  0x0000000000000580      0x1c0 build_ICA2D13_ZNT/stm32f1xx_hal_spi.o
 .debug_ranges  0x0000000000000740      0x3c0 build_ICA2D13_ZNT/stm32f1xx_hal_tim.o
 .debug_ranges  0x0000000000000b00      0x158 build_ICA2D13_ZNT/stm32f1xx_hal_tim_ex.o
 .debug_ranges  0x0000000000000c58       0x18 build_ICA2D13_ZNT/system_stm32f1xx.o
 .debug_ranges  0x0000000000000c70       0x30 build_ICA2D13_ZNT/list.o
 .debug_ranges  0x0000000000000ca0      0x218 build_ICA2D13_ZNT/queue.o
 .debug_ranges  0x0000000000000eb8      0x320 build_ICA2D13_ZNT/tasks.o
 .debug_ranges  0x00000000000011d8       0xd0 build_ICA2D13_ZNT/timers.o
 .debug_ranges  0x00000000000012a8      0x218 build_ICA2D13_ZNT/cmsis_os2.o
 .debug_ranges  0x00000000000014c0       0x68 build_ICA2D13_ZNT/port.o
 .debug_ranges  0x0000000000001528      0x110 build_ICA2D13_ZNT/stm32f1xx_ll_tim.o
 .debug_ranges  0x0000000000001638       0x30 build_ICA2D13_ZNT/heap_2.o
 .debug_ranges  0x0000000000001668       0x20 build_ICA2D13_ZNT/usart.o
 .debug_ranges  0x0000000000001688      0x1f0 build_ICA2D13_ZNT/stm32f1xx_hal_uart.o
 .debug_ranges  0x0000000000001878       0x50 build_ICA2D13_ZNT/w5500.o
 .debug_ranges  0x00000000000018c8       0x80 build_ICA2D13_ZNT/socket.o
 .debug_ranges  0x0000000000001948      0x128 build_ICA2D13_ZNT/wizchip_conf.o
 .debug_ranges  0x0000000000001a70       0x28 build_ICA2D13_ZNT/BSP_ICA2D13.o
 .debug_ranges  0x0000000000001a98       0x98 build_ICA2D13_ZNT/ModbusSS.o
 .debug_ranges  0x0000000000001b30       0x78 build_ICA2D13_ZNT/Eth.o

.debug_line     0x0000000000000000    0x1d3ef
 .debug_line    0x0000000000000000      0x44b build_ICA2D13_ZNT/main.o
 .debug_line    0x000000000000044b      0x4eb build_ICA2D13_ZNT/gpio.o
 .debug_line    0x0000000000000936      0x765 build_ICA2D13_ZNT/freertos.o
 .debug_line    0x000000000000109b      0x1cd build_ICA2D13_ZNT/dma.o
 .debug_line    0x0000000000001268      0x3e1 build_ICA2D13_ZNT/spi.o
 .debug_line    0x0000000000001649      0x4b7 build_ICA2D13_ZNT/tim.o
 .debug_line    0x0000000000001b00      0x3c4 build_ICA2D13_ZNT/stm32f1xx_it.o
 .debug_line    0x0000000000001ec4      0x1e5 build_ICA2D13_ZNT/stm32f1xx_hal_msp.o
 .debug_line    0x00000000000020a9      0x307 build_ICA2D13_ZNT/stm32f1xx_hal_timebase_tim.o
 .debug_line    0x00000000000023b0      0x59b build_ICA2D13_ZNT/stm32f1xx_ll_gpio.o
 .debug_line    0x000000000000294b      0x52e build_ICA2D13_ZNT/stm32f1xx_hal.o
 .debug_line    0x0000000000002e79      0xc24 build_ICA2D13_ZNT/stm32f1xx_hal_rcc.o
 .debug_line    0x0000000000003a9d      0x5ab build_ICA2D13_ZNT/stm32f1xx_hal_gpio.o
 .debug_line    0x0000000000004048      0xa53 build_ICA2D13_ZNT/stm32f1xx_hal_dma.o
 .debug_line    0x0000000000004a9b      0x6d1 build_ICA2D13_ZNT/stm32f1xx_hal_cortex.o
 .debug_line    0x000000000000516c      0x3cb build_ICA2D13_ZNT/stm32f1xx_ll_exti.o
 .debug_line    0x0000000000005537     0x2483 build_ICA2D13_ZNT/stm32f1xx_hal_spi.o
 .debug_line    0x00000000000079ba     0x45ee build_ICA2D13_ZNT/stm32f1xx_hal_tim.o
 .debug_line    0x000000000000bfa8     0x1bdb build_ICA2D13_ZNT/stm32f1xx_hal_tim_ex.o
 .debug_line    0x000000000000db83      0x246 build_ICA2D13_ZNT/system_stm32f1xx.o
 .debug_line    0x000000000000ddc9      0x374 build_ICA2D13_ZNT/list.o
 .debug_line    0x000000000000e13d     0x1f6e build_ICA2D13_ZNT/queue.o
 .debug_line    0x00000000000100ab     0x2ab1 build_ICA2D13_ZNT/tasks.o
 .debug_line    0x0000000000012b5c      0xda4 build_ICA2D13_ZNT/timers.o
 .debug_line    0x0000000000013900     0x2da6 build_ICA2D13_ZNT/cmsis_os2.o
 .debug_line    0x00000000000166a6      0x5f4 build_ICA2D13_ZNT/port.o
 .debug_line    0x0000000000016c9a      0xac9 build_ICA2D13_ZNT/stm32f1xx_ll_tim.o
 .debug_line    0x0000000000017763      0x474 build_ICA2D13_ZNT/heap_2.o
 .debug_line    0x0000000000017bd7      0x347 build_ICA2D13_ZNT/usart.o
 .debug_line    0x0000000000017f1e     0x20c9 build_ICA2D13_ZNT/stm32f1xx_hal_uart.o
 .debug_line    0x0000000000019fe7      0x5cb build_ICA2D13_ZNT/w5500.o
 .debug_line    0x000000000001a5b2     0x1175 build_ICA2D13_ZNT/socket.o
 .debug_line    0x000000000001b727      0xc71 build_ICA2D13_ZNT/wizchip_conf.o
 .debug_line    0x000000000001c398      0x2d1 build_ICA2D13_ZNT/BSP_ICA2D13.o
 .debug_line    0x000000000001c669      0x52e build_ICA2D13_ZNT/ModbusSS.o
 .debug_line    0x000000000001cb97      0x858 build_ICA2D13_ZNT/Eth.o

.debug_str      0x0000000000000000     0x8533
 .debug_str     0x0000000000000000      0x9c9 build_ICA2D13_ZNT/main.o
                                        0xaa7 (size before relaxing)
 .debug_str     0x00000000000009c9      0x5da build_ICA2D13_ZNT/gpio.o
                                        0x841 (size before relaxing)
 .debug_str     0x0000000000000fa3      0xb98 build_ICA2D13_ZNT/freertos.o
                                       0x10d3 (size before relaxing)
 .debug_str     0x0000000000001b3b       0x37 build_ICA2D13_ZNT/dma.o
                                        0x527 (size before relaxing)
 .debug_str     0x0000000000001b72      0x214 build_ICA2D13_ZNT/spi.o
                                        0x6fe (size before relaxing)
 .debug_str     0x0000000000001d86      0x1d9 build_ICA2D13_ZNT/tim.o
                                        0x589 (size before relaxing)
 .debug_str     0x0000000000001f5f      0x17b build_ICA2D13_ZNT/stm32f1xx_it.o
                                        0x9fe (size before relaxing)
 .debug_str     0x00000000000020da       0x29 build_ICA2D13_ZNT/stm32f1xx_hal_msp.o
                                        0x550 (size before relaxing)
 .debug_str     0x0000000000002103       0xfe build_ICA2D13_ZNT/stm32f1xx_hal_timebase_tim.o
                                        0xae7 (size before relaxing)
 .debug_str     0x0000000000002201       0xc8 build_ICA2D13_ZNT/stm32f1xx_ll_gpio.o
                                        0x33f (size before relaxing)
 .debug_str     0x00000000000022c9      0x2ac build_ICA2D13_ZNT/stm32f1xx_hal.o
                                        0x7f9 (size before relaxing)
 .debug_str     0x0000000000002575      0x1c8 build_ICA2D13_ZNT/stm32f1xx_hal_rcc.o
                                        0x5f6 (size before relaxing)
 .debug_str     0x000000000000273d      0x102 build_ICA2D13_ZNT/stm32f1xx_hal_gpio.o
                                        0x3cb (size before relaxing)
 .debug_str     0x000000000000283f      0x208 build_ICA2D13_ZNT/stm32f1xx_hal_dma.o
                                        0x5c8 (size before relaxing)
 .debug_str     0x0000000000002a47      0x24f build_ICA2D13_ZNT/stm32f1xx_hal_cortex.o
                                        0x89e (size before relaxing)
 .debug_str     0x0000000000002c96      0x133 build_ICA2D13_ZNT/stm32f1xx_ll_exti.o
                                        0x34c (size before relaxing)
 .debug_str     0x0000000000002dc9      0x525 build_ICA2D13_ZNT/stm32f1xx_hal_spi.o
                                        0xb32 (size before relaxing)
 .debug_str     0x00000000000032ee      0xe66 build_ICA2D13_ZNT/stm32f1xx_hal_tim.o
                                       0x1639 (size before relaxing)
 .debug_str     0x0000000000004154      0x54b build_ICA2D13_ZNT/stm32f1xx_hal_tim_ex.o
                                        0xe55 (size before relaxing)
 .debug_str     0x000000000000469f       0x4f build_ICA2D13_ZNT/system_stm32f1xx.o
                                        0x21f (size before relaxing)
 .debug_str     0x00000000000046ee      0x14d build_ICA2D13_ZNT/list.o
                                        0x2c0 (size before relaxing)
 .debug_str     0x000000000000483b      0x9b7 build_ICA2D13_ZNT/queue.o
                                        0xc4b (size before relaxing)
 .debug_str     0x00000000000051f2      0xc3e build_ICA2D13_ZNT/tasks.o