Archive member included to satisfy reference by file (symbol)

c:/vscode/vscodestmtools/arm-none-eabi-gcc/12.2.1-1.2.1/.content/bin/../lib/gcc/arm-none-eabi/12.2.1/../../../../arm-none-eabi/lib/thumb/v7-m/nofp\libc_nano.a(libc_a-atexit.o)
                              c:/vscode/vscodestmtools/arm-none-eabi-gcc/12.2.1-1.2.1/.content/bin/../lib/gcc/arm-none-eabi/12.2.1/../../../../arm-none-eabi/lib/thumb/v7-m/nofp/crt0.o (atexit)
c:/vscode/vscodestmtools/arm-none-eabi-gcc/12.2.1-1.2.1/.content/bin/../lib/gcc/arm-none-eabi/12.2.1/../../../../arm-none-eabi/lib/thumb/v7-m/nofp\libc_nano.a(libc_a-exit.o)
                              c:/vscode/vscodestmtools/arm-none-eabi-gcc/12.2.1-1.2.1/.content/bin/../lib/gcc/arm-none-eabi/12.2.1/../../../../arm-none-eabi/lib/thumb/v7-m/nofp/crt0.o (exit)
c:/vscode/vscodestmtools/arm-none-eabi-gcc/12.2.1-1.2.1/.content/bin/../lib/gcc/arm-none-eabi/12.2.1/../../../../arm-none-eabi/lib/thumb/v7-m/nofp\libc_nano.a(libc_a-findfp.o)
                              c:/vscode/vscodestmtools/arm-none-eabi-gcc/12.2.1-1.2.1/.content/bin/../lib/gcc/arm-none-eabi/12.2.1/../../../../arm-none-eabi/lib/thumb/v7-m/nofp\libc_nano.a(libc_a-exit.o) (__stdio_exit_handler)
c:/vscode/vscodestmtools/arm-none-eabi-gcc/12.2.1-1.2.1/.content/bin/../lib/gcc/arm-none-eabi/12.2.1/../../../../arm-none-eabi/lib/thumb/v7-m/nofp\libc_nano.a(libc_a-fwalk.o)
                              c:/vscode/vscodestmtools/arm-none-eabi-gcc/12.2.1-1.2.1/.content/bin/../lib/gcc/arm-none-eabi/12.2.1/../../../../arm-none-eabi/lib/thumb/v7-m/nofp\libc_nano.a(libc_a-findfp.o) (_fwalk_sglue)
c:/vscode/vscodestmtools/arm-none-eabi-gcc/12.2.1-1.2.1/.content/bin/../lib/gcc/arm-none-eabi/12.2.1/../../../../arm-none-eabi/lib/thumb/v7-m/nofp\libc_nano.a(libc_a-sscanf.o)
                              build_ICA2D13_ZNT/param.o (sscanf)
c:/vscode/vscodestmtools/arm-none-eabi-gcc/12.2.1-1.2.1/.content/bin/../lib/gcc/arm-none-eabi/12.2.1/../../../../arm-none-eabi/lib/thumb/v7-m/nofp\libc_nano.a(libc_a-stdio.o)
                              c:/vscode/vscodestmtools/arm-none-eabi-gcc/12.2.1-1.2.1/.content/bin/../lib/gcc/arm-none-eabi/12.2.1/../../../../arm-none-eabi/lib/thumb/v7-m/nofp\libc_nano.a(libc_a-findfp.o) (__sread)
c:/vscode/vscodestmtools/arm-none-eabi-gcc/12.2.1-1.2.1/.content/bin/../lib/gcc/arm-none-eabi/12.2.1/../../../../arm-none-eabi/lib/thumb/v7-m/nofp\libc_nano.a(libc_a-memset.o)
                              c:/vscode/vscodestmtools/arm-none-eabi-gcc/12.2.1-1.2.1/.content/bin/../lib/gcc/arm-none-eabi/12.2.1/../../../../arm-none-eabi/lib/thumb/v7-m/nofp/crt0.o (memset)
c:/vscode/vscodestmtools/arm-none-eabi-gcc/12.2.1-1.2.1/.content/bin/../lib/gcc/arm-none-eabi/12.2.1/../../../../arm-none-eabi/lib/thumb/v7-m/nofp\libc_nano.a(libc_a-strchr.o)
                              build_ICA2D13_ZNT/param.o (strchr)
c:/vscode/vscodestmtools/arm-none-eabi-gcc/12.2.1-1.2.1/.content/bin/../lib/gcc/arm-none-eabi/12.2.1/../../../../arm-none-eabi/lib/thumb/v7-m/nofp\libc_nano.a(libc_a-strncmp.o)
                              build_ICA2D13_ZNT/param.o (strncmp)
c:/vscode/vscodestmtools/arm-none-eabi-gcc/12.2.1-1.2.1/.content/bin/../lib/gcc/arm-none-eabi/12.2.1/../../../../arm-none-eabi/lib/thumb/v7-m/nofp\libc_nano.a(libc_a-strncpy.o)
                              build_ICA2D13_ZNT/param.o (strncpy)
c:/vscode/vscodestmtools/arm-none-eabi-gcc/12.2.1-1.2.1/.content/bin/../lib/gcc/arm-none-eabi/12.2.1/../../../../arm-none-eabi/lib/thumb/v7-m/nofp\libc_nano.a(libc_a-closer.o)
                              c:/vscode/vscodestmtools/arm-none-eabi-gcc/12.2.1-1.2.1/.content/bin/../lib/gcc/arm-none-eabi/12.2.1/../../../../arm-none-eabi/lib/thumb/v7-m/nofp\libc_nano.a(libc_a-stdio.o) (_close_r)
c:/vscode/vscodestmtools/arm-none-eabi-gcc/12.2.1-1.2.1/.content/bin/../lib/gcc/arm-none-eabi/12.2.1/../../../../arm-none-eabi/lib/thumb/v7-m/nofp\libc_nano.a(libc_a-reent.o)
                              c:/vscode/vscodestmtools/arm-none-eabi-gcc/12.2.1-1.2.1/.content/bin/../lib/gcc/arm-none-eabi/12.2.1/../../../../arm-none-eabi/lib/thumb/v7-m/nofp\libc_nano.a(libc_a-closer.o) (errno)
c:/vscode/vscodestmtools/arm-none-eabi-gcc/12.2.1-1.2.1/.content/bin/../lib/gcc/arm-none-eabi/12.2.1/../../../../arm-none-eabi/lib/thumb/v7-m/nofp\libc_nano.a(libc_a-impure.o)
                              c:/vscode/vscodestmtools/arm-none-eabi-gcc/12.2.1-1.2.1/.content/bin/../lib/gcc/arm-none-eabi/12.2.1/../../../../arm-none-eabi/lib/thumb/v7-m/nofp\libc_nano.a(libc_a-sscanf.o) (_impure_ptr)
c:/vscode/vscodestmtools/arm-none-eabi-gcc/12.2.1-1.2.1/.content/bin/../lib/gcc/arm-none-eabi/12.2.1/../../../../arm-none-eabi/lib/thumb/v7-m/nofp\libc_nano.a(libc_a-lseekr.o)
                              c:/vscode/vscodestmtools/arm-none-eabi-gcc/12.2.1-1.2.1/.content/bin/../lib/gcc/arm-none-eabi/12.2.1/../../../../arm-none-eabi/lib/thumb/v7-m/nofp\libc_nano.a(libc_a-stdio.o) (_lseek_r)
[...]
Memory Configuration

Name             Origin             Length             Attributes
RAM              0x0000000020000000 0x0000000000005000 xrw
FLASH            0x0000000008000000 0x0000000000010000 xr
*default*        0x0000000000000000 0xffffffffffffffff

Linker script and memory map

LOAD c:/vscode/vscodestmtools/arm-none-eabi-gcc/12.2.1-1.2.1/.content/bin/../lib/gcc/arm-none-eabi/12.2.1/thumb/v7-m/nofp/crti.o
LOAD c:/vscode/vscodestmtools/arm-none-eabi-gcc/12.2.1-1.2.1/.content/bin/../lib/gcc/arm-none-eabi/12.2.1/thumb/v7-m/nofp/crtbegin.o
LOAD c:/vscode/vscodestmtools/arm-none-eabi-gcc/12.2.1-1.2.1/.content/bin/../lib/gcc/arm-none-eabi/12.2.1/../../../../arm-none-eabi/lib/thumb/v7-m/nofp/crt0.o
LOAD build_ICA2D13_ZNT/startup_stm32f103xb.o
LOAD build_ICA2D13_ZNT/main.o
LOAD build_ICA2D13_ZNT/gpio.o
LOAD build_ICA2D13_ZNT/freertos.o
LOAD build_ICA2D13_ZNT/dma.o
LOAD build_ICA2D13_ZNT/spi.o
LOAD build_ICA2D13_ZNT/tim.o
LOAD build_ICA2D13_ZNT/stm32f1xx_it.o
LOAD build_ICA2D13_ZNT/stm32f1xx_hal_msp.o
LOAD build_ICA2D13_ZNT/stm32f1xx_hal_timebase_tim.o
LOAD build_ICA2D13_ZNT/stm32f1xx_hal_gpio_ex.o
LOAD build_ICA2D13_ZNT/stm32f1xx_ll_gpio.o
LOAD build_ICA2D13_ZNT/stm32f1xx_hal.o
LOAD build_ICA2D13_ZNT/stm32f1xx_hal_rcc.o
LOAD build_ICA2D13_ZNT/stm32f1xx_hal_rcc_ex.o
LOAD build_ICA2D13_ZNT/stm32f1xx_hal_gpio.o
LOAD build_ICA2D13_ZNT/stm32f1xx_hal_dma.o
LOAD build_ICA2D13_ZNT/stm32f1xx_hal_cortex.o
LOAD build_ICA2D13_ZNT/stm32f1xx_hal_pwr.o
LOAD build_ICA2D13_ZNT/stm32f1xx_hal_flash.o
LOAD build_ICA2D13_ZNT/stm32f1xx_hal_flash_ex.o
LOAD build_ICA2D13_ZNT/stm32f1xx_hal_exti.o
LOAD build_ICA2D13_ZNT/stm32f1xx_ll_rcc.o
LOAD build_ICA2D13_ZNT/stm32f1xx_ll_utils.o
LOAD build_ICA2D13_ZNT/stm32f1xx_ll_exti.o
LOAD build_ICA2D13_ZNT/stm32f1xx_hal_spi.o
LOAD build_ICA2D13_ZNT/stm32f1xx_hal_tim.o
LOAD build_ICA2D13_ZNT/stm32f1xx_hal_tim_ex.o
LOAD build_ICA2D13_ZNT/system_stm32f1xx.o
LOAD build_ICA2D13_ZNT/croutine.o
LOAD build_ICA2D13_ZNT/event_groups.o
LOAD build_ICA2D13_ZNT/list.o
LOAD build_ICA2D13_ZNT/queue.o
LOAD build_ICA2D13_ZNT/stream_buffer.o
LOAD build_ICA2D13_ZNT/tasks.o
LOAD build_ICA2D13_ZNT/timers.o
LOAD build_ICA2D13_ZNT/cmsis_os2.o
LOAD build_ICA2D13_ZNT/port.o
LOAD build_ICA2D13_ZNT/stm32f1xx_ll_tim.o
LOAD build_ICA2D13_ZNT/stm32f1xx_ll_dma.o
LOAD build_ICA2D13_ZNT/heap_2.o
LOAD build_ICA2D13_ZNT/usart.o
LOAD build_ICA2D13_ZNT/stm32f1xx_hal_uart.o
LOAD build_ICA2D13_ZNT/w5500.o
LOAD build_ICA2D13_ZNT/socket.o
LOAD build_ICA2D13_ZNT/wizchip_conf.o
LOAD build_ICA2D13_ZNT/dhcp.o
LOAD build_ICA2D13_ZNT/param.o
LOAD build_ICA2D13_ZNT/BSP_ICA2D13.o
LOAD build_ICA2D13_ZNT/ModbusSS.o
LOAD build_ICA2D13_ZNT/Eth.o
LOAD c:/vscode/vscodestmtools/arm-none-eabi-gcc/12.2.1-1.2.1/.content/bin/../lib/gcc/arm-none-eabi/12.2.1/../../../../arm-none-eabi/lib/thumb/v7-m/nofp\libc_nano.a
LOAD c:/vscode/vscodestmtools/arm-none-eabi-gcc/12.2.1-1.2.1/.content/bin/../lib/gcc/arm-none-eabi/12.2.1/../../../../arm-none-eabi/lib/thumb/v7-m/nofp\libm.a
LOAD c:/vscode/vscodestmtools/arm-none-eabi-gcc/12.2.1-1.2.1/.content/bin/../lib/gcc/arm-none-eabi/12.2.1/../../../../arm-none-eabi/lib/thumb/v7-m/nofp\libnosys.a
START GROUP
LOAD c:/vscode/vscodestmtools/arm-none-eabi-gcc/12.2.1-1.2.1/.content/bin/../lib/gcc/arm-none-eabi/12.2.1/thumb/v7-m/nofp\libgcc.a
LOAD c:/vscode/vscodestmtools/arm-none-eabi-gcc/12.2.1-1.2.1/.content/bin/../lib/gcc/arm-none-eabi/12.2.1/../../../../arm-none-eabi/lib/thumb/v7-m/nofp\libc_nano.a
END GROUP
START GROUP
LOAD c:/vscode/vscodestmtools/arm-none-eabi-gcc/12.2.1-1.2.1/.content/bin/../lib/gcc/arm-none-eabi/12.2.1/thumb/v7-m/nofp\libgcc.a
LOAD c:/vscode/vscodestmtools/arm-none-eabi-gcc/12.2.1-1.2.1/.content/bin/../lib/gcc/arm-none-eabi/12.2.1/../../../../arm-none-eabi/lib/thumb/v7-m/nofp\libc_nano.a
END GROUP
LOAD c:/vscode/vscodestmtools/arm-none-eabi-gcc/12.2.1-1.2.1/.content/bin/../lib/gcc/arm-none-eabi/12.2.1/thumb/v7-m/nofp/crtend.o
LOAD c:/vscode/vscodestmtools/arm-none-eabi-gcc/12.2.1-1.2.1/.content/bin/../lib/gcc/arm-none-eabi/12.2.1/thumb/v7-m/nofp/crtn.o
                0x0000000020005000                _estack = (ORIGIN (RAM) + LENGTH (RAM))
                0x0000000000000000                _Min_Heap_Size = 0x0
                0x0000000000001400                _Min_Stack_Size = 0x1400

.isr_vector     0x0000000008000000      0x10c
                0x0000000008000000                . = ALIGN (0x4)
 *(.isr_vector)
 .isr_vector    0x0000000008000000      0x10c build_ICA2D13_ZNT/startup_stm32f103xb.o
                0x0000000008000000                g_pfnVectors
                0x000000000800010c                . = ALIGN (0x4)

.text           0x0000000008000110     0x5bb8
                0x0000000008000110                . = ALIGN (0x4)
 *(.text)
 *(.text*)
 .text.__do_global_dtors_aux
                0x0000000008000110       0x24 c:/vscode/vscodestmtools/arm-none-eabi-gcc/12.2.1-1.2.1/.content/bin/../lib/gcc/arm-none-eabi/12.2.1/thumb/v7-m/nofp/crtbegin.o
 .text.frame_dummy
                0x0000000008000134       0x1c c:/vscode/vscodestmtools/arm-none-eabi-gcc/12.2.1-1.2.1/.content/bin/../lib/gcc/arm-none-eabi/12.2.1/thumb/v7-m/nofp/crtbegin.o
 .text.Reset_Handler
                0x0000000008000150       0x48 build_ICA2D13_ZNT/startup_stm32f103xb.o
                0x0000000008000150                Reset_Handler
 .text.Default_Handler
                0x0000000008000198        0x2 build_ICA2D13_ZNT/startup_stm32f103xb.o
                0x0000000008000198                RTC_Alarm_IRQHandler
                0x0000000008000198                EXTI2_IRQHandler
                0x0000000008000198                TIM1_CC_IRQHandler
                0x0000000008000198                PVD_IRQHandler
                0x0000000008000198                EXTI3_IRQHandler
                0x0000000008000198                EXTI0_IRQHandler
                0x0000000008000198                I2C2_EV_IRQHandler
                0x0000000008000198                ADC1_2_IRQHandler
                0x0000000008000198                SPI1_IRQHandler
                0x0000000008000198                TAMPER_IRQHandler
                0x0000000008000198                USART3_IRQHandler
                0x0000000008000198                RTC_IRQHandler
                0x0000000008000198                DMA1_Channel7_IRQHandler
                0x0000000008000198                CAN1_RX1_IRQHandler
                0x0000000008000198                I2C1_EV_IRQHandler
                0x0000000008000198                DMA1_Channel6_IRQHandler
                0x0000000008000198                TIM3_IRQHandler
                0x0000000008000198                RCC_IRQHandler
                0x0000000008000198                TIM1_TRG_COM_IRQHandler
                0x0000000008000198                DMA1_Channel1_IRQHandler
                0x0000000008000198                Default_Handler
                0x0000000008000198                EXTI15_10_IRQHandler
                0x0000000008000198                SPI2_IRQHandler
                0x0000000008000198                EXTI4_IRQHandler
                0x0000000008000198                USB_LP_CAN1_RX0_IRQHandler
                0x0000000008000198                USB_HP_CAN1_TX_IRQHandler
                0x0000000008000198                DMA1_Channel3_IRQHandler
                0x0000000008000198                TIM1_UP_IRQHandler
                0x0000000008000198                WWDG_IRQHandler
                0x0000000008000198                TIM2_IRQHandler
                0x0000000008000198                TIM1_BRK_IRQHandler
                0x0000000008000198                EXTI1_IRQHandler
                0x0000000008000198                USART2_IRQHandler
                0x0000000008000198                I2C2_ER_IRQHandler
                0x0000000008000198                DMA1_Channel2_IRQHandler
                0x0000000008000198                CAN1_SCE_IRQHandler
                0x0000000008000198                FLASH_IRQHandler
                0x0000000008000198                I2C1_ER_IRQHandler
                0x0000000008000198                USBWakeUp_IRQHandler
 *fill*         0x000000000800019a        0x2 
 .text.HAL_TIM_PeriodElapsedCallback
                0x000000000800019c       0x18 build_ICA2D13_ZNT/main.o
                0x000000000800019c                HAL_TIM_PeriodElapsedCallback
 .text.Error_Handler
                0x00000000080001b4        0xa build_ICA2D13_ZNT/main.o
                0x00000000080001b4                Error_Handler
 .text.SystemClock_Config
                0x00000000080001be       0x64 build_ICA2D13_ZNT/main.o
                0x00000000080001be                SystemClock_Config
 *fill*         0x0000000008000222        0x2 
 .text.main     0x0000000008000224       0x4c build_ICA2D13_ZNT/main.o
                0x0000000008000224                main
 .text.NVIC_EncodePriority
                0x0000000008000270       0x3e build_ICA2D13_ZNT/gpio.o
 .text.LL_GPIO_SetPinMode
                0x00000000080002ae       0x34 build_ICA2D13_ZNT/gpio.o
 *fill*         0x00000000080002e2        0x2 
 .text.MX_GPIO_Init
                0x00000000080002e4      0x14c build_ICA2D13_ZNT/gpio.o
                0x00000000080002e4                MX_GPIO_Init
 .text._Crc16_mdb
                0x0000000008000430       0x3e build_ICA2D13_ZNT/freertos.o
 .text.StartDefaultTask
                0x000000000800046e        0xc build_ICA2D13_ZNT/freertos.o
                0x000000000800046e                StartDefaultTask
 *fill*         0x000000000800047a        0x2 
 .text.taskMdbEntry
                0x000000000800047c       0xd0 build_ICA2D13_ZNT/freertos.o
                0x000000000800047c                taskMdbEntry
 .text.taskNetEntry
                0x000000000800054c       0x74 build_ICA2D13_ZNT/freertos.o
                0x000000000800054c                taskNetEntry
 .text.cbckModbusTcpServer
                0x00000000080005c0       0x18 build_ICA2D13_ZNT/freertos.o
                0x00000000080005c0                cbckModbusTcpServer
 .text.modbusHoldingReq
                0x00000000080005d8       0xd8 build_ICA2D13_ZNT/freertos.o
                0x00000000080005d8                modbusHoldingReq
 .text.MX_FREERTOS_Init
                0x00000000080006b0       0x54 build_ICA2D13_ZNT/freertos.o
                0x00000000080006b0                MX_FREERTOS_Init
 .text.HAL_UART_RxCpltCallback
                0x0000000008000704       0xa4 build_ICA2D13_ZNT/freertos.o
                0x0000000008000704                HAL_UART_RxCpltCallback
 .text.MX_DMA_Init
                0x00000000080007a8       0x44 build_ICA2D13_ZNT/dma.o
                0x00000000080007a8                MX_DMA_Init
 .text.MX_SPI2_Init
                0x00000000080007ec       0x40 build_ICA2D13_ZNT/spi.o
                0x00000000080007ec                MX_SPI2_Init
 .text.HAL_SPI_MspInit
                0x000000000800082c       0xe0 build_ICA2D13_ZNT/spi.o
                0x000000000800082c                HAL_SPI_MspInit
 .text.MX_TIM2_Init
                0x000000000800090c       0x6e build_ICA2D13_ZNT/tim.o
                0x000000000800090c                MX_TIM2_Init
 .text.NMI_Handler
                0x000000000800097a        0x2 build_ICA2D13_ZNT/stm32f1xx_it.o
                0x000000000800097a                NMI_Handler
 .text.HardFault_Handler
                0x000000000800097c        0x2 build_ICA2D13_ZNT/stm32f1xx_it.o
                0x000000000800097c                HardFault_Handler
 .text.MemManage_Handler
                0x000000000800097e        0x2 build_ICA2D13_ZNT/stm32f1xx_it.o
                0x000000000800097e                MemManage_Handler
 .text.BusFault_Handler
                0x0000000008000980        0x2 build_ICA2D13_ZNT/stm32f1xx_it.o
                0x0000000008000980                BusFault_Handler
 .text.UsageFault_Handler
                0x0000000008000982        0x2 build_ICA2D13_ZNT/stm32f1xx_it.o
                0x0000000008000982                UsageFault_Handler
 .text.DebugMon_Handler
                0x0000000008000984        0x2 build_ICA2D13_ZNT/stm32f1xx_it.o
                0x0000000008000984                DebugMon_Handler
 *fill*         0x0000000008000986        0x2 
 .text.DMA1_Channel4_IRQHandler
                0x0000000008000988       0x10 build_ICA2D13_ZNT/stm32f1xx_it.o
                0x0000000008000988                DMA1_Channel4_IRQHandler
 .text.DMA1_Channel5_IRQHandler
                0x0000000008000998       0x10 build_ICA2D13_ZNT/stm32f1xx_it.o
                0x0000000008000998                DMA1_Channel5_IRQHandler
 .text.EXTI9_5_IRQHandler
                0x00000000080009a8       0x2c build_ICA2D13_ZNT/stm32f1xx_it.o
                0x00000000080009a8                EXTI9_5_IRQHandler
 .text.TIM4_IRQHandler
                0x00000000080009d4       0x10 build_ICA2D13_ZNT/stm32f1xx_it.o
                0x00000000080009d4                TIM4_IRQHandler
 .text.USART1_IRQHandler
                0x00000000080009e4       0x10 build_ICA2D13_ZNT/stm32f1xx_it.o
                0x00000000080009e4                USART1_IRQHandler
 .text.HAL_MspInit
                0x00000000080009f4       0x54 build_ICA2D13_ZNT/stm32f1xx_hal_msp.o
                0x00000000080009f4                HAL_MspInit
 .text.HAL_InitTick
                0x0000000008000a48       0xa0 build_ICA2D13_ZNT/stm32f1xx_hal_timebase_tim.o
                0x0000000008000a48                HAL_InitTick
 .text.LL_GPIO_SetPinMode
                0x0000000008000ae8       0x34 build_ICA2D13_ZNT/stm32f1xx_ll_gpio.o
 .text.LL_GPIO_SetPinSpeed
                0x0000000008000b1c       0x34 build_ICA2D13_ZNT/stm32f1xx_ll_gpio.o
 .text.LL_GPIO_SetPinOutputType
                0x0000000008000b50       0x34 build_ICA2D13_ZNT/stm32f1xx_ll_gpio.o
 .text.LL_GPIO_Init
                0x0000000008000b84       0x96 build_ICA2D13_ZNT/stm32f1xx_ll_gpio.o
                0x0000000008000b84                LL_GPIO_Init
 *fill*         0x0000000008000c1a        0x2 
 .text.HAL_Init
                0x0000000008000c1c       0x24 build_ICA2D13_ZNT/stm32f1xx_hal.o
                0x0000000008000c1c                HAL_Init
 .text.HAL_IncTick
                0x0000000008000c40       0x18 build_ICA2D13_ZNT/stm32f1xx_hal.o
                0x0000000008000c40                HAL_IncTick
 .text.HAL_GetTick
                0x0000000008000c58        0xc build_ICA2D13_ZNT/stm32f1xx_hal.o
                0x0000000008000c58                HAL_GetTick
 .text.HAL_Delay
                0x0000000008000c64       0x28 build_ICA2D13_ZNT/stm32f1xx_hal.o
                0x0000000008000c64                HAL_Delay
 .text.HAL_GetUIDw0
                0x0000000008000c8c        0xc build_ICA2D13_ZNT/stm32f1xx_hal.o
                0x0000000008000c8c                HAL_GetUIDw0
 .text.HAL_GetUIDw1
                0x0000000008000c98        0xc build_ICA2D13_ZNT/stm32f1xx_hal.o
                0x0000000008000c98                HAL_GetUIDw1
 .text.RCC_Delay
                0x0000000008000ca4       0x2c build_ICA2D13_ZNT/stm32f1xx_hal_rcc.o
 .text.HAL_RCC_OscConfig
                0x0000000008000cd0      0x410 build_ICA2D13_ZNT/stm32f1xx_hal_rcc.o
                0x0000000008000cd0                HAL_RCC_OscConfig
 .text.HAL_RCC_GetSysClockFreq
                0x00000000080010e0       0x70 build_ICA2D13_ZNT/stm32f1xx_hal_rcc.o
                0x00000000080010e0                HAL_RCC_GetSysClockFreq
 .text.HAL_RCC_ClockConfig
                0x0000000008001150      0x16c build_ICA2D13_ZNT/stm32f1xx_hal_rcc.o
                0x0000000008001150                HAL_RCC_ClockConfig
 .text.HAL_RCC_GetHCLKFreq
                0x00000000080012bc        0xc build_ICA2D13_ZNT/stm32f1xx_hal_rcc.o
                0x00000000080012bc                HAL_RCC_GetHCLKFreq
 .text.HAL_RCC_GetPCLK1Freq
                0x00000000080012c8       0x20 build_ICA2D13_ZNT/stm32f1xx_hal_rcc.o
                0x00000000080012c8                HAL_RCC_GetPCLK1Freq
 .text.HAL_RCC_GetPCLK2Freq
                0x00000000080012e8       0x20 build_ICA2D13_ZNT/stm32f1xx_hal_rcc.o
                0x00000000080012e8                HAL_RCC_GetPCLK2Freq
 .text.HAL_RCC_GetClockConfig
                0x0000000008001308       0x3c build_ICA2D13_ZNT/stm32f1xx_hal_rcc.o
                0x0000000008001308                HAL_RCC_GetClockConfig
 .text.HAL_GPIO_Init
                0x0000000008001344      0x21c build_ICA2D13_ZNT/stm32f1xx_hal_gpio.o
                0x0000000008001344                HAL_GPIO_Init
 .text.DMA_SetConfig
                0x0000000008001560       0x2c build_ICA2D13_ZNT/stm32f1xx_hal_dma.o
 .text.HAL_DMA_Init
                0x000000000800158c       0x6c build_ICA2D13_ZNT/stm32f1xx_hal_dma.o
                0x000000000800158c                HAL_DMA_Init
 .text.HAL_DMA_Start_IT
                0x00000000080015f8       0x74 build_ICA2D13_ZNT/stm32f1xx_hal_dma.o
                0x00000000080015f8                HAL_DMA_Start_IT
 .text.HAL_DMA_Abort
                0x000000000800166c       0x44 build_ICA2D13_ZNT/stm32f1xx_hal_dma.o
                0x000000000800166c                HAL_DMA_Abort
 .text.HAL_DMA_Abort_IT
                0x00000000080016b0       0x98 build_ICA2D13_ZNT/stm32f1xx_hal_dma.o
                0x00000000080016b0                HAL_DMA_Abort_IT
 .text.HAL_DMA_IRQHandler
                0x0000000008001748      0x144 build_ICA2D13_ZNT/stm32f1xx_hal_dma.o
                0x0000000008001748                HAL_DMA_IRQHandler
 .text.__NVIC_SetPriority
                0x000000000800188c       0x28 build_ICA2D13_ZNT/stm32f1xx_hal_cortex.o
 .text.NVIC_EncodePriority
                0x00000000080018b4       0x3e build_ICA2D13_ZNT/stm32f1xx_hal_cortex.o
 *fill*         0x00000000080018f2        0x2 
 .text.HAL_NVIC_SetPriorityGrouping
                0x00000000080018f4       0x24 build_ICA2D13_ZNT/stm32f1xx_hal_cortex.o
                0x00000000080018f4                HAL_NVIC_SetPriorityGrouping
 .text.HAL_NVIC_SetPriority
                0x0000000008001918       0x20 build_ICA2D13_ZNT/stm32f1xx_hal_cortex.o
                0x0000000008001918                HAL_NVIC_SetPriority
 .text.HAL_NVIC_EnableIRQ
                0x0000000008001938       0x1c build_ICA2D13_ZNT/stm32f1xx_hal_cortex.o
                0x0000000008001938                HAL_NVIC_EnableIRQ
 .text.LL_EXTI_Init
                0x0000000008001954       0xd4 build_ICA2D13_ZNT/stm32f1xx_ll_exti.o
                0x0000000008001954                LL_EXTI_Init
 .text.SPI_WaitFlagStateUntilTimeout
                0x0000000008001a28       0xc8 build_ICA2D13_ZNT/stm32f1xx_hal_spi.o
 .text.SPI_EndRxTxTransaction
                0x0000000008001af0       0x24 build_ICA2D13_ZNT/stm32f1xx_hal_spi.o
 .text.SPI_EndRxTransaction
                0x0000000008001b14       0x74 build_ICA2D13_ZNT/stm32f1xx_hal_spi.o
 .text.HAL_SPI_Init
                0x0000000008001b88       0xb6 build_ICA2D13_ZNT/stm32f1xx_hal_spi.o
                0x0000000008001b88                HAL_SPI_Init
 .text.HAL_SPI_Transmit
                0x0000000008001c3e      0x1b8 build_ICA2D13_ZNT/stm32f1xx_hal_spi.o
                0x0000000008001c3e                HAL_SPI_Transmit
 .text.HAL_SPI_TransmitReceive
                0x0000000008001df6      0x238 build_ICA2D13_ZNT/stm32f1xx_hal_spi.o
                0x0000000008001df6                HAL_SPI_TransmitReceive
 .text.HAL_SPI_Receive
                0x000000000800202e      0x180 build_ICA2D13_ZNT/stm32f1xx_hal_spi.o
                0x000000000800202e                HAL_SPI_Receive
 *fill*         0x00000000080021ae        0x2 
 .text.HAL_SPI_Transmit_DMA
                0x00000000080021b0       0xe0 build_ICA2D13_ZNT/stm32f1xx_hal_spi.o
                0x00000000080021b0                HAL_SPI_Transmit_DMA
 .text.HAL_SPI_TransmitReceive_DMA
                0x0000000008002290      0x150 build_ICA2D13_ZNT/stm32f1xx_hal_spi.o
                0x0000000008002290                HAL_SPI_TransmitReceive_DMA
 .text.HAL_SPI_Receive_DMA
                0x00000000080023e0       0xfc build_ICA2D13_ZNT/stm32f1xx_hal_spi.o
                0x00000000080023e0                HAL_SPI_Receive_DMA
 .text.HAL_SPI_TxCpltCallback
                0x00000000080024dc        0x2 build_ICA2D13_ZNT/stm32f1xx_hal_spi.o
                0x00000000080024dc                HAL_SPI_TxCpltCallback
 .text.HAL_SPI_RxCpltCallback
                0x00000000080024de        0x2 build_ICA2D13_ZNT/stm32f1xx_hal_spi.o
                0x00000000080024de                HAL_SPI_RxCpltCallback
 .text.HAL_SPI_TxRxCpltCallback
                0x00000000080024e0        0x2 build_ICA2D13_ZNT/stm32f1xx_hal_spi.o
                0x00000000080024e0                HAL_SPI_TxRxCpltCallback
 .text.HAL_SPI_TxHalfCpltCallback
                0x00000000080024e2        0x2 build_ICA2D13_ZNT/stm32f1xx_hal_spi.o
                0x00000000080024e2                HAL_SPI_TxHalfCpltCallback
 .text.SPI_DMAHalfTransmitCplt
                0x00000000080024e4        0xa build_ICA2D13_ZNT/stm32f1xx_hal_spi.o
 .text.HAL_SPI_RxHalfCpltCallback
                0x00000000080024ee        0x2 build_ICA2D13_ZNT/stm32f1xx_hal_spi.o
                0x00000000080024ee                HAL_SPI_RxHalfCpltCallback
 .text.SPI_DMAHalfReceiveCplt
                0x00000000080024f0        0xa build_ICA2D13_ZNT/stm32f1xx_hal_spi.o
 .text.HAL_SPI_TxRxHalfCpltCallback
                0x00000000080024fa        0x2 build_ICA2D13_ZNT/stm32f1xx_hal_spi.o
                0x00000000080024fa                HAL_SPI_TxRxHalfCpltCallback
 .text.SPI_DMAHalfTransmitReceiveCplt
                0x00000000080024fc        0xa build_ICA2D13_ZNT/stm32f1xx_hal_spi.o
 .text.HAL_SPI_ErrorCallback
                0x0000000008002506        0x2 build_ICA2D13_ZNT/stm32f1xx_hal_spi.o
                0x0000000008002506                HAL_SPI_ErrorCallback
 .text.SPI_DMAError
                0x0000000008002508       0x22 build_ICA2D13_ZNT/stm32f1xx_hal_spi.o
 .text.SPI_DMATransmitCplt
                0x000000000800252a       0x70 build_ICA2D13_ZNT/stm32f1xx_hal_spi.o
 .text.SPI_DMAReceiveCplt
                0x000000000800259a       0x6e build_ICA2D13_ZNT/stm32f1xx_hal_spi.o
 .text.SPI_DMATransmitReceiveCplt
                0x0000000008002608       0x5c build_ICA2D13_ZNT/stm32f1xx_hal_spi.o
 .text.HAL_SPI_GetState
                0x0000000008002664        0x6 build_ICA2D13_ZNT/stm32f1xx_hal_spi.o
                0x0000000008002664                HAL_SPI_GetState
 .text.HAL_TIM_Base_MspInit
                0x000000000800266a        0x2 build_ICA2D13_ZNT/stm32f1xx_hal_tim.o
                0x000000000800266a                HAL_TIM_Base_MspInit
 .text.HAL_TIM_Base_Start_IT
                0x000000000800266c       0x68 build_ICA2D13_ZNT/stm32f1xx_hal_tim.o
                0x000000000800266c                HAL_TIM_Base_Start_IT
 .text.HAL_TIM_OC_DelayElapsedCallback
                0x00000000080026d4        0x2 build_ICA2D13_ZNT/stm32f1xx_hal_tim.o
                0x00000000080026d4                HAL_TIM_OC_DelayElapsedCallback
 .text.HAL_TIM_IC_CaptureCallback
                0x00000000080026d6        0x2 build_ICA2D13_ZNT/stm32f1xx_hal_tim.o
                0x00000000080026d6                HAL_TIM_IC_CaptureCallback
 .text.HAL_TIM_PWM_PulseFinishedCallback
                0x00000000080026d8        0x2 build_ICA2D13_ZNT/stm32f1xx_hal_tim.o
                0x00000000080026d8                HAL_TIM_PWM_PulseFinishedCallback
 .text.HAL_TIM_TriggerCallback
                0x00000000080026da        0x2 build_ICA2D13_ZNT/stm32f1xx_hal_tim.o
                0x00000000080026da                HAL_TIM_TriggerCallback
 .text.HAL_TIM_IRQHandler
                0x00000000080026dc      0x17a build_ICA2D13_ZNT/stm32f1xx_hal_tim.o
                0x00000000080026dc                HAL_TIM_IRQHandler
 *fill*         0x0000000008002856        0x2 
 .text.TIM_Base_SetConfig
                0x0000000008002858       0x74 build_ICA2D13_ZNT/stm32f1xx_hal_tim.o
                0x0000000008002858                TIM_Base_SetConfig
 .text.HAL_TIM_Base_Init
                0x00000000080028cc       0x58 build_ICA2D13_ZNT/stm32f1xx_hal_tim.o
                0x00000000080028cc                HAL_TIM_Base_Init
 .text.HAL_TIMEx_CommutCallback
                0x0000000008002924        0x2 build_ICA2D13_ZNT/stm32f1xx_hal_tim_ex.o
                0x0000000008002924                HAL_TIMEx_CommutCallback
 .text.HAL_TIMEx_BreakCallback
                0x0000000008002926        0x2 build_ICA2D13_ZNT/stm32f1xx_hal_tim_ex.o
                0x0000000008002926                HAL_TIMEx_BreakCallback
 .text.SystemInit
                0x0000000008002928        0x2 build_ICA2D13_ZNT/system_stm32f1xx.o
                0x0000000008002928                SystemInit
 .text.vListInitialise
                0x000000000800292a       0x16 build_ICA2D13_ZNT/list.o
                0x000000000800292a                vListInitialise
 .text.vListInitialiseItem
                0x0000000008002940        0x6 build_ICA2D13_ZNT/list.o
                0x0000000008002940                vListInitialiseItem
 .text.vListInsertEnd
                0x0000000008002946       0x16 build_ICA2D13_ZNT/list.o
                0x0000000008002946                vListInsertEnd
 .text.vListInsert
                0x000000000800295c       0x32 build_ICA2D13_ZNT/list.o
                0x000000000800295c                vListInsert
 .text.uxListRemove
                0x000000000800298e       0x26 build_ICA2D13_ZNT/list.o
                0x000000000800298e                uxListRemove
 .text.prvIsQueueFull
                0x00000000080029b4       0x1e build_ICA2D13_ZNT/queue.o
 .text.prvIsQueueEmpty
                0x00000000080029d2       0x1a build_ICA2D13_ZNT/queue.o
 .text.prvCopyDataToQueue
                0x00000000080029ec       0x76 build_ICA2D13_ZNT/queue.o
 .text.prvCopyDataFromQueue
                0x0000000008002a62       0x24 build_ICA2D13_ZNT/queue.o
 .text.prvUnlockQueue
                0x0000000008002a86       0x6e build_ICA2D13_ZNT/queue.o
 .text.xQueueGenericReset
                0x0000000008002af4       0x84 build_ICA2D13_ZNT/queue.o
                0x0000000008002af4                xQueueGenericReset
 .text.prvInitialiseNewQueue
                0x0000000008002b78       0x22 build_ICA2D13_ZNT/queue.o
 .text.xQueueGenericCreateStatic
                0x0000000008002b9a       0x92 build_ICA2D13_ZNT/queue.o
                0x0000000008002b9a                xQueueGenericCreateStatic
 .text.xQueueGenericSend
                0x0000000008002c2c      0x188 build_ICA2D13_ZNT/queue.o
                0x0000000008002c2c                xQueueGenericSend
 .text.xQueueGenericSendFromISR
                0x0000000008002db4       0xcc build_ICA2D13_ZNT/queue.o
                0x0000000008002db4                xQueueGenericSendFromISR
 .text.xQueueReceive
                0x0000000008002e80      0x15e build_ICA2D13_ZNT/queue.o
                0x0000000008002e80                xQueueReceive
 *fill*         0x0000000008002fde        0x2 
 .text.vQueueAddToRegistry
                0x0000000008002fe0       0x28 build_ICA2D13_ZNT/queue.o
                0x0000000008002fe0                vQueueAddToRegistry
 .text.vQueueWaitForMessageRestricted
                0x0000000008003008       0x52 build_ICA2D13_ZNT/queue.o
                0x0000000008003008                vQueueWaitForMessageRestricted
 *fill*         0x000000000800305a        0x2 
 .text.prvResetNextTaskUnblockTime
                0x000000000800305c       0x2c build_ICA2D13_ZNT/tasks.o
 .text.prvInitialiseNewTask
                0x0000000008003088       0x98 build_ICA2D13_ZNT/tasks.o
 .text.prvInitialiseTaskLists
                0x0000000008003120       0x68 build_ICA2D13_ZNT/tasks.o
 .text.prvAddNewTaskToReadyList
                0x0000000008003188       0xac build_ICA2D13_ZNT/tasks.o
 .text.prvDeleteTCB
                0x0000000008003234       0x38 build_ICA2D13_ZNT/tasks.o
 .text.prvCheckTasksWaitingTermination
                0x000000000800326c       0x4c build_ICA2D13_ZNT/tasks.o
 .text.prvIdleTask
                0x00000000080032b8       0x28 build_ICA2D13_ZNT/tasks.o
 .text.prvAddCurrentTaskToDelayedList
                0x00000000080032e0       0x7c build_ICA2D13_ZNT/tasks.o
 .text.xTaskCreateStatic
                0x000000000800335c       0x74 build_ICA2D13_ZNT/tasks.o
                0x000000000800335c                xTaskCreateStatic
 .text.xTaskCreate
                0x00000000080033d0       0x64 build_ICA2D13_ZNT/tasks.o
                0x00000000080033d0                xTaskCreate
 .text.vTaskStartScheduler
                0x0000000008003434       0x98 build_ICA2D13_ZNT/tasks.o
                0x0000000008003434                vTaskStartScheduler
 .text.vTaskSuspendAll
                0x00000000080034cc       0x10 build_ICA2D13_ZNT/tasks.o
                0x00000000080034cc                vTaskSuspendAll
 .text.xTaskGetTickCount
                0x00000000080034dc        0xc build_ICA2D13_ZNT/tasks.o
                0x00000000080034dc                xTaskGetTickCount
 .text.xTaskIncrementTick
                0x00000000080034e8      0x118 build_ICA2D13_ZNT/tasks.o
                0x00000000080034e8                xTaskIncrementTick
 .text.xTaskResumeAll
                0x0000000008003600       0xf8 build_ICA2D13_ZNT/tasks.o
                0x0000000008003600                xTaskResumeAll
 .text.vTaskDelay
                0x00000000080036f8       0x4c build_ICA2D13_ZNT/tasks.o
                0x00000000080036f8                vTaskDelay
 .text.vTaskSwitchContext
                0x0000000008003744       0x98 build_ICA2D13_ZNT/tasks.o
                0x0000000008003744                vTaskSwitchContext
 .text.vTaskPlaceOnEventList
                0x00000000080037dc       0x30 build_ICA2D13_ZNT/tasks.o
                0x00000000080037dc                vTaskPlaceOnEventList
 .text.vTaskPlaceOnEventListRestricted
                0x000000000800380c       0x38 build_ICA2D13_ZNT/tasks.o
                0x000000000800380c                vTaskPlaceOnEventListRestricted
 .text.xTaskRemoveFromEventList
                0x0000000008003844       0x8c build_ICA2D13_ZNT/tasks.o
                0x0000000008003844                xTaskRemoveFromEventList
 .text.vTaskInternalSetTimeOutState
                0x00000000080038d0       0x18 build_ICA2D13_ZNT/tasks.o
                0x00000000080038d0                vTaskInternalSetTimeOutState
 .text.xTaskCheckForTimeOut
                0x00000000080038e8       0x84 build_ICA2D13_ZNT/tasks.o
                0x00000000080038e8                xTaskCheckForTimeOut
 .text.vTaskMissedYield
                0x000000000800396c        0xc build_ICA2D13_ZNT/tasks.o
                0x000000000800396c                vTaskMissedYield
 .text.xTaskGetSchedulerState
                0x0000000008003978       0x20 build_ICA2D13_ZNT/tasks.o
                0x0000000008003978                xTaskGetSchedulerState
 .text.xTaskPriorityDisinherit
                0x0000000008003998       0x90 build_ICA2D13_ZNT/tasks.o
                0x0000000008003998                xTaskPriorityDisinherit
 .text.prvGetNextExpireTime
                0x0000000008003a28       0x20 build_ICA2D13_ZNT/timers.o
 .text.prvInsertTimerInActiveList
                0x0000000008003a48       0x48 build_ICA2D13_ZNT/timers.o
 .text.prvCheckForValidListAndQueue
                0x0000000008003a90       0x70 build_ICA2D13_ZNT/timers.o
 .text.xTimerCreateTimerTask
                0x0000000008003b00       0x64 build_ICA2D13_ZNT/timers.o
                0x0000000008003b00                xTimerCreateTimerTask
 .text.xTimerGenericCommand
                0x0000000008003b64       0x6c build_ICA2D13_ZNT/timers.o
                0x0000000008003b64                xTimerGenericCommand
 .text.prvSwitchTimerLists
                0x0000000008003bd0       0x78 build_ICA2D13_ZNT/timers.o
 .text.prvSampleTimeNow
                0x0000000008003c48       0x2c build_ICA2D13_ZNT/timers.o
 .text.prvProcessExpiredTimer
                0x0000000008003c74       0x60 build_ICA2D13_ZNT/timers.o
 .text.prvProcessTimerOrBlockTask
                0x0000000008003cd4       0x70 build_ICA2D13_ZNT/timers.o
 .text.prvProcessReceivedCommands
                0x0000000008003d44       0xf8 build_ICA2D13_ZNT/timers.o
 .text.prvTimerTask
                0x0000000008003e3c       0x16 build_ICA2D13_ZNT/timers.o
 *fill*         0x0000000008003e52        0x2 
 .text.osKernelInitialize
                0x0000000008003e54       0x44 build_ICA2D13_ZNT/cmsis_os2.o
                0x0000000008003e54                osKernelInitialize
 .text.osKernelStart
                0x0000000008003e98       0x4c build_ICA2D13_ZNT/cmsis_os2.o
                0x0000000008003e98                osKernelStart
 .text.osThreadNew
                0x0000000008003ee4       0xec build_ICA2D13_ZNT/cmsis_os2.o
                0x0000000008003ee4                osThreadNew
 .text.osDelay  0x0000000008003fd0       0x44 build_ICA2D13_ZNT/cmsis_os2.o
                0x0000000008003fd0                osDelay
 .text.vApplicationGetIdleTaskMemory
                0x0000000008004014       0x18 build_ICA2D13_ZNT/cmsis_os2.o
                0x0000000008004014                vApplicationGetIdleTaskMemory
 .text.vApplicationGetTimerTaskMemory
                0x000000000800402c       0x18 build_ICA2D13_ZNT/cmsis_os2.o
                0x000000000800402c                vApplicationGetTimerTaskMemory
 .text.prvTaskExitError
                0x0000000008004044       0x40 build_ICA2D13_ZNT/port.o
 .text.prvPortStartFirstTask
                0x0000000008004084       0x20 build_ICA2D13_ZNT/port.o
 .text.pxPortInitialiseStack
                0x00000000080040a4       0x24 build_ICA2D13_ZNT/port.o
                0x00000000080040a4                pxPortInitialiseStack
 *fill*         0x00000000080040c8        0x8 
 .text.SVC_Handler
                0x00000000080040d0       0x24 build_ICA2D13_ZNT/port.o
                0x00000000080040d0                SVC_Handler
 .text.vPortEnterCritical
                0x00000000080040f4       0x44 build_ICA2D13_ZNT/port.o
                0x00000000080040f4                vPortEnterCritical
 .text.vPortExitCritical
                0x0000000008004138       0x2c build_ICA2D13_ZNT/port.o
                0x0000000008004138                vPortExitCritical
 *fill*         0x0000000008004164        0xc 
 .text.PendSV_Handler
                0x0000000008004170       0x44 build_ICA2D13_ZNT/port.o
                0x0000000008004170                PendSV_Handler
 .text.SysTick_Handler
                0x00000000080041b4       0x2c build_ICA2D13_ZNT/port.o
                0x00000000080041b4                SysTick_Handler
 .text.vPortSetupTimerInterrupt
                0x00000000080041e0       0x28 build_ICA2D13_ZNT/port.o
                0x00000000080041e0                vPortSetupTimerInterrupt
 .text.xPortStartScheduler
                0x0000000008004208       0xc0 build_ICA2D13_ZNT/port.o
                0x0000000008004208                xPortStartScheduler
 .text.vPortValidateInterruptPriority
                0x00000000080042c8       0x5c build_ICA2D13_ZNT/port.o
                0x00000000080042c8                vPortValidateInterruptPriority
 .text.LL_TIM_Init
                0x0000000008004324       0x70 build_ICA2D13_ZNT/stm32f1xx_ll_tim.o
                0x0000000008004324                LL_TIM_Init
 .text.prvHeapInit
                0x0000000008004394       0x2c build_ICA2D13_ZNT/heap_2.o
 .text.pvPortMalloc
                0x00000000080043c0       0xa4 build_ICA2D13_ZNT/heap_2.o
                0x00000000080043c0                pvPortMalloc
 .text.vPortFree
                0x0000000008004464       0x40 build_ICA2D13_ZNT/heap_2.o
                0x0000000008004464                vPortFree
 .text.MX_USART1_UART_Init
                0x00000000080044a4       0x34 build_ICA2D13_ZNT/usart.o
                0x00000000080044a4                MX_USART1_UART_Init
 .text.HAL_UART_MspInit
                0x00000000080044d8       0x98 build_ICA2D13_ZNT/usart.o
                0x00000000080044d8                HAL_UART_MspInit
 .text.UART_EndRxTransfer
                0x0000000008004570       0x32 build_ICA2D13_ZNT/stm32f1xx_hal_uart.o
 .text.UART_Transmit_IT
                0x00000000080045a2       0x60 build_ICA2D13_ZNT/stm32f1xx_hal_uart.o
 *fill*         0x0000000008004602        0x2 
 .text.UART_SetConfig
                0x0000000008004604       0x94 build_ICA2D13_ZNT/stm32f1xx_hal_uart.o
 .text.UART_WaitOnFlagUntilTimeout
                0x0000000008004698       0x68 build_ICA2D13_ZNT/stm32f1xx_hal_uart.o
 .text.HAL_UART_Init
                0x0000000008004700       0x5e build_ICA2D13_ZNT/stm32f1xx_hal_uart.o
                0x0000000008004700                HAL_UART_Init
 .text.HAL_UART_Transmit
                0x000000000800475e       0xd8 build_ICA2D13_ZNT/stm32f1xx_hal_uart.o
                0x000000000800475e                HAL_UART_Transmit
 .text.HAL_UART_TxCpltCallback
                0x0000000008004836        0x2 build_ICA2D13_ZNT/stm32f1xx_hal_uart.o
                0x0000000008004836                HAL_UART_TxCpltCallback
 .text.UART_EndTransmit_IT
                0x0000000008004838       0x1a build_ICA2D13_ZNT/stm32f1xx_hal_uart.o
 .text.HAL_UART_ErrorCallback
                0x0000000008004852        0x2 build_ICA2D13_ZNT/stm32f1xx_hal_uart.o
                0x0000000008004852                HAL_UART_ErrorCallback
 .text.UART_DMAAbortOnError
                0x0000000008004854       0x10 build_ICA2D13_ZNT/stm32f1xx_hal_uart.o
 .text.HAL_UART_AbortReceiveCpltCallback
                0x0000000008004864        0x2 build_ICA2D13_ZNT/stm32f1xx_hal_uart.o
                0x0000000008004864                HAL_UART_AbortReceiveCpltCallback
 *fill*         0x0000000008004866        0x2 
 .text.HAL_UART_AbortReceive_IT
                0x0000000008004868       0x84 build_ICA2D13_ZNT/stm32f1xx_hal_uart.o
                0x0000000008004868                HAL_UART_AbortReceive_IT
 .text.UART_DMARxOnlyAbortCallback
                0x00000000080048ec       0x16 build_ICA2D13_ZNT/stm32f1xx_hal_uart.o
 .text.HAL_UARTEx_RxEventCallback
                0x0000000008004902        0x2 build_ICA2D13_ZNT/stm32f1xx_hal_uart.o
                0x0000000008004902                HAL_UARTEx_RxEventCallback
 .text.UART_Receive_IT
                0x0000000008004904       0xd4 build_ICA2D13_ZNT/stm32f1xx_hal_uart.o
 .text.HAL_UART_IRQHandler
                0x00000000080049d8      0x200 build_ICA2D13_ZNT/stm32f1xx_hal_uart.o
                0x00000000080049d8                HAL_UART_IRQHandler
 .text.UART_Start_Receive_IT
                0x0000000008004bd8       0x36 build_ICA2D13_ZNT/stm32f1xx_hal_uart.o
                0x0000000008004bd8                UART_Start_Receive_IT
 .text.HAL_UART_Receive_IT
                0x0000000008004c0e       0x38 build_ICA2D13_ZNT/stm32f1xx_hal_uart.o
                0x0000000008004c0e                HAL_UART_Receive_IT
 *fill*         0x0000000008004c46        0x2 
 .text.WIZCHIP_READ
                0x0000000008004c48       0x64 build_ICA2D13_ZNT/w5500.o
                0x0000000008004c48                WIZCHIP_READ
 .text.WIZCHIP_WRITE
                0x0000000008004cac       0x68 build_ICA2D13_ZNT/w5500.o
                0x0000000008004cac                WIZCHIP_WRITE
 .text.WIZCHIP_READ_BUF
                0x0000000008004d14       0x7c build_ICA2D13_ZNT/w5500.o
                0x0000000008004d14                WIZCHIP_READ_BUF
 .text.WIZCHIP_WRITE_BUF
                0x0000000008004d90       0x7c build_ICA2D13_ZNT/w5500.o
                0x0000000008004d90                WIZCHIP_WRITE_BUF
 .text.getSn_TX_FSR
                0x0000000008004e0c       0x56 build_ICA2D13_ZNT/w5500.o
                0x0000000008004e0c                getSn_TX_FSR
 .text.getSn_RX_RSR
                0x0000000008004e62       0x56 build_ICA2D13_ZNT/w5500.o
                0x0000000008004e62                getSn_RX_RSR
 .text.wiz_send_data
                0x0000000008004eb8       0x5c build_ICA2D13_ZNT/w5500.o
                0x0000000008004eb8                wiz_send_data
 .text.wiz_recv_data
                0x0000000008004f14       0x5c build_ICA2D13_ZNT/w5500.o
                0x0000000008004f14                wiz_recv_data
 .text.close    0x0000000008004f70       0x78 build_ICA2D13_ZNT/socket.o
                0x0000000008004f70                close
 .text.socket   0x0000000008004fe8      0x160 build_ICA2D13_ZNT/socket.o
                0x0000000008004fe8                socket
 .text.listen   0x0000000008005148       0x6c build_ICA2D13_ZNT/socket.o
                0x0000000008005148                listen
 .text.disconnect
                0x00000000080051b4       0x90 build_ICA2D13_ZNT/socket.o
                0x00000000080051b4                disconnect
 .text.send     0x0000000008005244      0x124 build_ICA2D13_ZNT/socket.o
                0x0000000008005244                send
 .text.recv     0x0000000008005368       0xdc build_ICA2D13_ZNT/socket.o
                0x0000000008005368                recv
 .text.wizchip_cris_enter
                0x0000000008005444        0x2 build_ICA2D13_ZNT/wizchip_conf.o
                0x0000000008005444                wizchip_cris_enter
 .text.wizchip_cris_exit
                0x0000000008005446        0x2 build_ICA2D13_ZNT/wizchip_conf.o
                0x0000000008005446                wizchip_cris_exit
 .text.wizchip_cs_select
                0x0000000008005448        0x2 build_ICA2D13_ZNT/wizchip_conf.o
                0x0000000008005448                wizchip_cs_select
 .text.wizchip_cs_deselect
                0x000000000800544a        0x2 build_ICA2D13_ZNT/wizchip_conf.o
                0x000000000800544a                wizchip_cs_deselect
 .text.wizchip_bus_readdata
                0x000000000800544c        0x4 build_ICA2D13_ZNT/wizchip_conf.o
                0x000000000800544c                wizchip_bus_readdata
 .text.wizchip_bus_writedata
                0x0000000008005450        0x4 build_ICA2D13_ZNT/wizchip_conf.o
                0x0000000008005450                wizchip_bus_writedata
 .text.wizchip_spi_readbyte
                0x0000000008005454        0x4 build_ICA2D13_ZNT/wizchip_conf.o
                0x0000000008005454                wizchip_spi_readbyte
 .text.wizchip_spi_writebyte
                0x0000000008005458        0x2 build_ICA2D13_ZNT/wizchip_conf.o
                0x0000000008005458                wizchip_spi_writebyte
 .text.wizchip_spi_readburst
                0x000000000800545a        0x2 build_ICA2D13_ZNT/wizchip_conf.o
                0x000000000800545a                wizchip_spi_readburst
 .text.wizchip_spi_writeburst
                0x000000000800545c        0x2 build_ICA2D13_ZNT/wizchip_conf.o
                0x000000000800545c                wizchip_spi_writeburst
 *fill*         0x000000000800545e        0x2 
 .text.reg_wizchip_cs_cbfunc
                0x0000000008005460       0x24 build_ICA2D13_ZNT/wizchip_conf.o
                0x0000000008005460                reg_wizchip_cs_cbfunc
 .text.reg_wizchip_spi_cbfunc
                0x0000000008005484       0x30 build_ICA2D13_ZNT/wizchip_conf.o
                0x0000000008005484                reg_wizchip_spi_cbfunc
 .text.reg_wizchip_spiburst_cbfunc
                0x00000000080054b4       0x30 build_ICA2D13_ZNT/wizchip_conf.o
                0x00000000080054b4                reg_wizchip_spiburst_cbfunc
 .text.wizchip_sw_reset
                0x00000000080054e4       0x78 build_ICA2D13_ZNT/wizchip_conf.o
                0x00000000080054e4                wizchip_sw_reset
 .text.wizchip_init
                0x000000000800555c       0x8a build_ICA2D13_ZNT/wizchip_conf.o
                0x000000000800555c                wizchip_init
 .text.wizchip_setinterruptmask
                0x00000000080055e6       0x1a build_ICA2D13_ZNT/wizchip_conf.o
                0x00000000080055e6                wizchip_setinterruptmask
 .text.getTable
                0x0000000008005600       0x78 build_ICA2D13_ZNT/ModbusSS.o
 .text._Crc16   0x0000000008005678       0x42 build_ICA2D13_ZNT/ModbusSS.o
 .text.ModbusSS_SetWord
                0x00000000080056ba        0xc build_ICA2D13_ZNT/ModbusSS.o
                0x00000000080056ba                ModbusSS_SetWord
 .text.ModbusSS_ParseRxData
                0x00000000080056c6      0x172 build_ICA2D13_ZNT/ModbusSS.o
                0x00000000080056c6                ModbusSS_ParseRxData
 .text.cs_sel   0x0000000008005838       0x10 build_ICA2D13_ZNT/Eth.o
 .text.cs_desel
                0x0000000008005848       0x10 build_ICA2D13_ZNT/Eth.o
 .text.spi_wb_burst
                0x0000000008005858       0x24 build_ICA2D13_ZNT/Eth.o
 .text.spi_rb_burst
                0x000000000800587c       0x24 build_ICA2D13_ZNT/Eth.o
 .text.spi_wb   0x00000000080058a0       0x2c build_ICA2D13_ZNT/Eth.o
 .text.spi_rb   0x00000000080058cc       0x2c build_ICA2D13_ZNT/Eth.o
 .text.Eth_f_recv
                0x00000000080058f8       0x5a build_ICA2D13_ZNT/Eth.o
 .text.Eth_f_send
                0x0000000008005952       0x72 build_ICA2D13_ZNT/Eth.o
 .text.Eth_f_runTcpSrv
                0x00000000080059c4      0x168 build_ICA2D13_ZNT/Eth.o
                0x00000000080059c4                Eth_f_runTcpSrv
 .text.Eth_f_GetMacFromUID
                0x0000000008005b2c       0x2a build_ICA2D13_ZNT/Eth.o
                0x0000000008005b2c                Eth_f_GetMacFromUID
 *fill*         0x0000000008005b56        0x2 
 .text.Eth_f_Init
                0x0000000008005b58       0xe4 build_ICA2D13_ZNT/Eth.o
                0x0000000008005b58                Eth_f_Init
 .text.memset   0x0000000008005c3c       0x10 c:/vscode/vscodestmtools/arm-none-eabi-gcc/12.2.1-1.2.1/.content/bin/../lib/gcc/arm-none-eabi/12.2.1/../../../../arm-none-eabi/lib/thumb/v7-m/nofp\libc_nano.a(libc_a-memset.o)
                0x0000000008005c3c                memset
 .text.__libc_init_array
                0x0000000008005c4c       0x48 c:/vscode/vscodestmtools/arm-none-eabi-gcc/12.2.1-1.2.1/.content/bin/../lib/gcc/arm-none-eabi/12.2.1/../../../../arm-none-eabi/lib/thumb/v7-m/nofp\libc_nano.a(libc_a-init.o)
                0x0000000008005c4c                __libc_init_array
 .text.memcpy   0x0000000008005c94       0x1c c:/vscode/vscodestmtools/arm-none-eabi-gcc/12.2.1-1.2.1/.content/bin/../lib/gcc/arm-none-eabi/12.2.1/../../../../arm-none-eabi/lib/thumb/v7-m/nofp\libc_nano.a(libc_a-memcpy-stub.o)
                0x0000000008005c94                memcpy
 *(.glue_7)
 .glue_7        0x0000000008005cb0        0x0 linker stubs
 *(.glue_7t)
 .glue_7t       0x0000000008005cb0        0x0 linker stubs
 *(.eh_frame)
 .eh_frame      0x0000000008005cb0        0x0 c:/vscode/vscodestmtools/arm-none-eabi-gcc/12.2.1-1.2.1/.content/bin/../lib/gcc/arm-none-eabi/12.2.1/thumb/v7-m/nofp/crtbegin.o
 *(.init)
 .init          0x0000000008005cb0        0x4 c:/vscode/vscodestmtools/arm-none-eabi-gcc/12.2.1-1.2.1/.content/bin/../lib/gcc/arm-none-eabi/12.2.1/thumb/v7-m/nofp/crti.o
                0x0000000008005cb0                _init
 .init          0x0000000008005cb4        0x8 c:/vscode/vscodestmtools/arm-none-eabi-gcc/12.2.1-1.2.1/.content/bin/../lib/gcc/arm-none-eabi/12.2.1/thumb/v7-m/nofp/crtn.o
 *(.fini)
 .fini          0x0000000008005cbc        0x4 c:/vscode/vscodestmtools/arm-none-eabi-gcc/12.2.1-1.2.1/.content/bin/../lib/gcc/arm-none-eabi/12.2.1/thumb/v7-m/nofp/crti.o
                0x0000000008005cbc                _fini
 .fini          0x0000000008005cc0        0x8 c:/vscode/vscodestmtools/arm-none-eabi-gcc/12.2.1-1.2.1/.content/bin/../lib/gcc/arm-none-eabi/12.2.1/thumb/v7-m/nofp/crtn.o
                0x0000000008005cc8                . = ALIGN (0x4)
                0x0000000008005cc8                _etext = .

.vfp11_veneer   0x0000000008005cc8        0x0
 .vfp11_veneer  0x0000000008005cc8        0x0 linker stubs

.v4_bx          0x0000000008005cc8        0x0
 .v4_bx         0x0000000008005cc8        0x0 linker stubs

.iplt           0x0000000008005cc8        0x0
 .iplt          0x0000000008005cc8        0x0 c:/vscode/vscodestmtools/arm-none-eabi-gcc/12.2.1-1.2.1/.content/bin/../lib/gcc/arm-none-eabi/12.2.1/thumb/v7-m/nofp/crtbegin.o

.rodata         0x0000000008005cc8       0xd8
                0x0000000008005cc8                . = ALIGN (0x4)
 *(.rodata)
 *(.rodata*)
 .rodata.str1.4
                0x0000000008005cc8       0x1c build_ICA2D13_ZNT/freertos.o
 .rodata.defaultTask_attributes
                0x0000000008005ce4       0x24 build_ICA2D13_ZNT/freertos.o
                0x0000000008005ce4                defaultTask_attributes
 .rodata.taskMdb_attributes
                0x0000000008005d08       0x24 build_ICA2D13_ZNT/freertos.o
                0x0000000008005d08                taskMdb_attributes
 .rodata.taskNet_attributes
                0x0000000008005d2c       0x24 build_ICA2D13_ZNT/freertos.o
                0x0000000008005d2c                taskNet_attributes
 .rodata.HAL_RCC_GetSysClockFreq.str1.4
                0x0000000008005d50       0x11 build_ICA2D13_ZNT/stm32f1xx_hal_rcc.o
 *fill*         0x0000000008005d61        0x3 
 .rodata.APBPrescTable
                0x0000000008005d64        0x8 build_ICA2D13_ZNT/system_stm32f1xx.o
                0x0000000008005d64                APBPrescTable
 .rodata.AHBPrescTable
                0x0000000008005d6c       0x10 build_ICA2D13_ZNT/system_stm32f1xx.o
                0x0000000008005d6c                AHBPrescTable
 .rodata.vTaskStartScheduler.str1.4
                0x0000000008005d7c        0x5 build_ICA2D13_ZNT/tasks.o
 *fill*         0x0000000008005d81        0x3 
 .rodata.prvCheckForValidListAndQueue.str1.4
                0x0000000008005d84        0x5 build_ICA2D13_ZNT/timers.o
 *fill*         0x0000000008005d89        0x3 
 .rodata.xTimerCreateTimerTask.str1.4
                0x0000000008005d8c        0x8 build_ICA2D13_ZNT/timers.o
 .rodata.Eth_f_Init.str1.4
                0x0000000008005d94        0x9 build_ICA2D13_ZNT/Eth.o
                0x0000000008005da0                . = ALIGN (0x4)
 *fill*         0x0000000008005d9d        0x3 

.rel.dyn        0x0000000008005da0        0x0
 .rel.iplt      0x0000000008005da0        0x0 c:/vscode/vscodestmtools/arm-none-eabi-gcc/12.2.1-1.2.1/.content/bin/../lib/gcc/arm-none-eabi/12.2.1/thumb/v7-m/nofp/crtbegin.o

.ARM.extab
 *(.ARM.extab* .gnu.linkonce.armextab.*)

.ARM            0x0000000008005da0        0x0
                0x0000000008005da0                __exidx_start = .
 *(.ARM.exidx*)
                0x0000000008005da0                __exidx_end = .

.preinit_array  0x0000000008005da0        0x0
                0x0000000008005da0                PROVIDE (__preinit_array_start = .)
 *(.preinit_array*)
                0x0000000008005da0                PROVIDE (__preinit_array_end = .)

.init_array     0x0000000008005da0        0x4
                0x0000000008005da0                PROVIDE (__init_array_start = .)
 *(SORT_BY_NAME(.init_array.*))
 *(.init_array*)
 .init_array    0x0000000008005da0        0x4 c:/vscode/vscodestmtools/arm-none-eabi-gcc/12.2.1-1.2.1/.content/bin/../lib/gcc/arm-none-eabi/12.2.1/thumb/v7-m/nofp/crtbegin.o
                0x0000000008005da4                PROVIDE (__init_array_end = .)

.fini_array     0x0000000008005da4        0x4
                0x0000000008005da4                PROVIDE (__fini_array_start = .)
 *(SORT_BY_NAME(.fini_array.*))
 *(.fini_array*)
 .fini_array    0x0000000008005da4        0x4 c:/vscode/vscodestmtools/arm-none-eabi-gcc/12.2.1-1.2.1/.content/bin/../lib/gcc/arm-none-eabi/12.2.1/thumb/v7-m/nofp/crtbegin.o
                0x0000000008005da8                PROVIDE (__fini_array_end = .)
                0x0000000008005da8                _sidata = LOADADDR (.data)

.data           0x0000000020000000       0x8c load address 0x0000000008005da8
                0x0000000020000000                . = ALIGN (0x4)
                0x0000000020000000                _sdata = .
 *(.data)
 *(.data*)
 .data.modbusSS_tcp
                0x0000000020000000       0x20 build_ICA2D13_ZNT/freertos.o
                0x0000000020000000                modbusSS_tcp
 .data.modbusTables
                0x0000000020000020        0x4 build_ICA2D13_ZNT/freertos.o
                0x0000000020000020                modbusTables
 .data.modbusTableHolding1
                0x0000000020000024        0xc build_ICA2D13_ZNT/freertos.o
                0x0000000020000024                modbusTableHolding1
 .data.uwTickFreq
                0x0000000020000030        0x1 build_ICA2D13_ZNT/stm32f1xx_hal.o
                0x0000000020000030                uwTickFreq
 *fill*         0x0000000020000031        0x3 
 .data.uwTickPrio
                0x0000000020000034        0x4 build_ICA2D13_ZNT/stm32f1xx_hal.o
                0x0000000020000034                uwTickPrio
 .data.SystemCoreClock
                0x0000000020000038        0x4 build_ICA2D13_ZNT/system_stm32f1xx.o
                0x0000000020000038                SystemCoreClock
 .data.uxCriticalNesting
                0x000000002000003c        0x4 build_ICA2D13_ZNT/port.o
 .data.xFreeBytesRemaining
                0x0000000020000040        0x4 build_ICA2D13_ZNT/heap_2.o
 .data.sock_any_port
                0x0000000020000044        0x2 build_ICA2D13_ZNT/socket.o
 *fill*         0x0000000020000046        0x2 
 .data.WIZCHIP  0x0000000020000048       0x2c build_ICA2D13_ZNT/wizchip_conf.o
                0x0000000020000048                WIZCHIP
 .data.netInfo  0x0000000020000074       0x17 build_ICA2D13_ZNT/Eth.o
                0x0000000020000074                netInfo
                0x000000002000008c                . = ALIGN (0x4)
 *fill*         0x000000002000008b        0x1 
                0x000000002000008c                _edata = .

.igot.plt       0x000000002000008c        0x0 load address 0x0000000008005e34
 .igot.plt      0x000000002000008c        0x0 c:/vscode/vscodestmtools/arm-none-eabi-gcc/12.2.1-1.2.1/.content/bin/../lib/gcc/arm-none-eabi/12.2.1/thumb/v7-m/nofp/crtbegin.o
                0x000000002000008c                . = ALIGN (0x4)

.bss            0x000000002000008c     0x254c load address 0x0000000008005e34
                0x000000002000008c                _sbss = .
                0x000000002000008c                __bss_start__ = _sbss
 *(.bss)
 *(.bss*)
 .bss.completed.1
                0x000000002000008c        0x1 c:/vscode/vscodestmtools/arm-none-eabi-gcc/12.2.1-1.2.1/.content/bin/../lib/gcc/arm-none-eabi/12.2.1/thumb/v7-m/nofp/crtbegin.o
 *fill*         0x000000002000008d        0x3 
 .bss.object.0  0x0000000020000090       0x18 c:/vscode/vscodestmtools/arm-none-eabi-gcc/12.2.1-1.2.1/.content/bin/../lib/gcc/arm-none-eabi/12.2.1/thumb/v7-m/nofp/crtbegin.o
 .bss.crc.0     0x00000000200000a8        0x2 build_ICA2D13_ZNT/freertos.o
 .bss.mdb_req_time.1
                0x00000000200000aa        0x2 build_ICA2D13_ZNT/freertos.o
 .bss.mdb_respons_timeout.2
                0x00000000200000ac        0x2 build_ICA2D13_ZNT/freertos.o
 *fill*         0x00000000200000ae        0x2 
 .bss.defaultTaskHandle
                0x00000000200000b0        0x4 build_ICA2D13_ZNT/freertos.o
                0x00000000200000b0                defaultTaskHandle
 .bss.taskMdbHandle
                0x00000000200000b4        0x4 build_ICA2D13_ZNT/freertos.o
                0x00000000200000b4                taskMdbHandle
 .bss.taskNetHandle
                0x00000000200000b8        0x4 build_ICA2D13_ZNT/freertos.o
                0x00000000200000b8                taskNetHandle
 .bss.mdb_err_cnt
                0x00000000200000bc        0x2 build_ICA2D13_ZNT/freertos.o
                0x00000000200000bc                mdb_err_cnt
 .bss.mdb_5     0x00000000200000be        0x2 build_ICA2D13_ZNT/freertos.o
                0x00000000200000be                mdb_5
 .bss.mdb_4     0x00000000200000c0        0x2 build_ICA2D13_ZNT/freertos.o
                0x00000000200000c0                mdb_4
 .bss.mdb_3     0x00000000200000c2        0x2 build_ICA2D13_ZNT/freertos.o
                0x00000000200000c2                mdb_3
 .bss.mdb_2     0x00000000200000c4        0x2 build_ICA2D13_ZNT/freertos.o
                0x00000000200000c4                mdb_2
 .bss.mdb_1     0x00000000200000c6        0x2 build_ICA2D13_ZNT/freertos.o
                0x00000000200000c6                mdb_1
 .bss.mdb_buf   0x00000000200000c8       0x1e build_ICA2D13_ZNT/freertos.o
                0x00000000200000c8                mdb_buf
 .bss.mdb_wait_rx_flag
                0x00000000200000e6        0x1 build_ICA2D13_ZNT/freertos.o
                0x00000000200000e6                mdb_wait_rx_flag
 *fill*         0x00000000200000e7        0x1 
 .bss.modbusBufRxRtu485
                0x00000000200000e8       0x1e build_ICA2D13_ZNT/freertos.o
                0x00000000200000e8                modbusBufRxRtu485
 *fill*         0x0000000020000106        0x2 
 .bss.modbusBufTxRtu485
                0x0000000020000108       0x1e build_ICA2D13_ZNT/freertos.o
                0x0000000020000108                modbusBufTxRtu485
 *fill*         0x0000000020000126        0x2 
 .bss.modbusHoldingBuf
                0x0000000020000128        0xc build_ICA2D13_ZNT/freertos.o
                0x0000000020000128                modbusHoldingBuf
 .bss.modbusBufRxTxTCP
                0x0000000020000134      0x104 build_ICA2D13_ZNT/freertos.o
                0x0000000020000134                modbusBufRxTxTCP
 .bss.tcpModbusSocket
                0x0000000020000238       0xd0 build_ICA2D13_ZNT/freertos.o
                0x0000000020000238                tcpModbusSocket
 .bss.hdma_spi2_tx
                0x0000000020000308       0x44 build_ICA2D13_ZNT/spi.o
                0x0000000020000308                hdma_spi2_tx
 .bss.hdma_spi2_rx
                0x000000002000034c       0x44 build_ICA2D13_ZNT/spi.o
                0x000000002000034c                hdma_spi2_rx
 .bss.hspi2     0x0000000020000390       0x58 build_ICA2D13_ZNT/spi.o
                0x0000000020000390                hspi2
 .bss.htim4     0x00000000200003e8       0x48 build_ICA2D13_ZNT/stm32f1xx_hal_timebase_tim.o
                0x00000000200003e8                htim4
 .bss.uwTick    0x0000000020000430        0x4 build_ICA2D13_ZNT/stm32f1xx_hal.o
                0x0000000020000430                uwTick
 .bss.xQueueRegistry
                0x0000000020000434       0x40 build_ICA2D13_ZNT/queue.o
                0x0000000020000434                xQueueRegistry
 .bss.uxSchedulerSuspended
                0x0000000020000474        0x4 build_ICA2D13_ZNT/tasks.o
 .bss.xIdleTaskHandle
                0x0000000020000478        0x4 build_ICA2D13_ZNT/tasks.o
 .bss.xNextTaskUnblockTime
                0x000000002000047c        0x4 build_ICA2D13_ZNT/tasks.o
 .bss.uxTaskNumber
                0x0000000020000480        0x4 build_ICA2D13_ZNT/tasks.o
 .bss.xNumOfOverflows
                0x0000000020000484        0x4 build_ICA2D13_ZNT/tasks.o
 .bss.xYieldPending
                0x0000000020000488        0x4 build_ICA2D13_ZNT/tasks.o
 .bss.uxPendedTicks
                0x000000002000048c        0x4 build_ICA2D13_ZNT/tasks.o
 .bss.xSchedulerRunning
                0x0000000020000490        0x4 build_ICA2D13_ZNT/tasks.o
 .bss.uxTopReadyPriority
                0x0000000020000494        0x4 build_ICA2D13_ZNT/tasks.o
 .bss.xTickCount
                0x0000000020000498        0x4 build_ICA2D13_ZNT/tasks.o
 .bss.uxCurrentNumberOfTasks
                0x000000002000049c        0x4 build_ICA2D13_ZNT/tasks.o
 .bss.xSuspendedTaskList
                0x00000000200004a0       0x14 build_ICA2D13_ZNT/tasks.o
 .bss.uxDeletedTasksWaitingCleanUp
                0x00000000200004b4        0x4 build_ICA2D13_ZNT/tasks.o
 .bss.xTasksWaitingTermination
                0x00000000200004b8       0x14 build_ICA2D13_ZNT/tasks.o
 .bss.xPendingReadyList
                0x00000000200004cc       0x14 build_ICA2D13_ZNT/tasks.o
 .bss.pxOverflowDelayedTaskList
                0x00000000200004e0        0x4 build_ICA2D13_ZNT/tasks.o
 .bss.pxDelayedTaskList
                0x00000000200004e4        0x4 build_ICA2D13_ZNT/tasks.o
 .bss.xDelayedTaskList2
                0x00000000200004e8       0x14 build_ICA2D13_ZNT/tasks.o
 .bss.xDelayedTaskList1
                0x00000000200004fc       0x14 build_ICA2D13_ZNT/tasks.o
 .bss.pxReadyTasksLists
                0x0000000020000510      0x460 build_ICA2D13_ZNT/tasks.o
 .bss.pxCurrentTCB
                0x0000000020000970        0x4 build_ICA2D13_ZNT/tasks.o
                0x0000000020000970                pxCurrentTCB
 .bss.xStaticTimerQueue.0
                0x0000000020000974       0x50 build_ICA2D13_ZNT/timers.o
 .bss.ucStaticTimerQueueStorage.1
                0x00000000200009c4       0xa0 build_ICA2D13_ZNT/timers.o
 .bss.xLastTime.2
                0x0000000020000a64        0x4 build_ICA2D13_ZNT/timers.o
 .bss.xTimerTaskHandle
                0x0000000020000a68        0x4 build_ICA2D13_ZNT/timers.o
 .bss.xTimerQueue
                0x0000000020000a6c        0x4 build_ICA2D13_ZNT/timers.o
 .bss.pxOverflowTimerList
                0x0000000020000a70        0x4 build_ICA2D13_ZNT/timers.o
 .bss.pxCurrentTimerList
                0x0000000020000a74        0x4 build_ICA2D13_ZNT/timers.o
 .bss.xActiveTimerList2
                0x0000000020000a78       0x14 build_ICA2D13_ZNT/timers.o
 .bss.xActiveTimerList1
                0x0000000020000a8c       0x14 build_ICA2D13_ZNT/timers.o
 .bss.Timer_Stack
                0x0000000020000aa0      0x400 build_ICA2D13_ZNT/cmsis_os2.o
 .bss.Timer_TCB
                0x0000000020000ea0       0x5c build_ICA2D13_ZNT/cmsis_os2.o
 .bss.Idle_Stack
                0x0000000020000efc      0x200 build_ICA2D13_ZNT/cmsis_os2.o
 .bss.Idle_TCB  0x00000000200010fc       0x5c build_ICA2D13_ZNT/cmsis_os2.o
 .bss.KernelState
                0x0000000020001158        0x4 build_ICA2D13_ZNT/cmsis_os2.o
 .bss.ulMaxPRIGROUPValue
                0x000000002000115c        0x4 build_ICA2D13_ZNT/port.o
 .bss.ucMaxSysCallPriority
                0x0000000020001160        0x1 build_ICA2D13_ZNT/port.o
 *fill*         0x0000000020001161        0x3 
 .bss.xHeapHasBeenInitialised.0
                0x0000000020001164        0x4 build_ICA2D13_ZNT/heap_2.o
 .bss.xEnd      0x0000000020001168        0x8 build_ICA2D13_ZNT/heap_2.o
 .bss.xStart    0x0000000020001170        0x8 build_ICA2D13_ZNT/heap_2.o
 .bss.ucHeap    0x0000000020001178     0x1400 build_ICA2D13_ZNT/heap_2.o
 .bss.huart1    0x0000000020002578       0x44 build_ICA2D13_ZNT/usart.o
                0x0000000020002578                huart1
 .bss.sock_pack_info
                0x00000000200025bc        0x8 build_ICA2D13_ZNT/socket.o
                0x00000000200025bc                sock_pack_info
 .bss.sock_remained_size
                0x00000000200025c4       0x10 build_ICA2D13_ZNT/socket.o
 .bss.sock_is_sending
                0x00000000200025d4        0x2 build_ICA2D13_ZNT/socket.o
 .bss.sock_io_mode
                0x00000000200025d6        0x2 build_ICA2D13_ZNT/socket.o
 *(COMMON)
                0x00000000200025d8                . = ALIGN (0x4)
                0x00000000200025d8                _ebss = .
                0x00000000200025d8                __bss_end__ = _ebss

._user_heap_stack
                0x00000000200025d8     0x1400 load address 0x0000000008005e34
                0x00000000200025d8                . = ALIGN (0x8)
                0x00000000200025d8                PROVIDE (end = .)
                [!provide]                        PROVIDE (_end = .)
                0x00000000200025d8                . = (. + _Min_Heap_Size)
                0x00000000200039d8                . = (. + _Min_Stack_Size)
 *fill*         0x00000000200025d8     0x1400 
                0x00000000200039d8                . = ALIGN (0x8)

/DISCARD/
 libc.a(*)
 libm.a(*)
 libgcc.a(*)

.ARM.attributes
                0x0000000000000000       0x29
 *(.ARM.attributes)
 .ARM.attributes
                0x0000000000000000       0x1d c:/vscode/vscodestmtools/arm-none-eabi-gcc/12.2.1-1.2.1/.content/bin/../lib/gcc/arm-none-eabi/12.2.1/thumb/v7-m/nofp/crti.o
 .ARM.attributes
                0x000000000000001d       0x2d c:/vscode/vscodestmtools/arm-none-eabi-gcc/12.2.1-1.2.1/.content/bin/../lib/gcc/arm-none-eabi/12.2.1/thumb/v7-m/nofp/crtbegin.o
 .ARM.attributes
                0x000000000000004a       0x21 build_ICA2D13_ZNT/startup_stm32f103xb.o
 .ARM.attributes
                0x000000000000006b       0x2d build_ICA2D13_ZNT/main.o
 .ARM.attributes
                0x0000000000000098       0x2d build_ICA2D13_ZNT/gpio.o
 .ARM.attributes
                0x00000000000000c5       0x2d build_ICA2D13_ZNT/freertos.o
 .ARM.attributes
                0x00000000000000f2       0x2d build_ICA2D13_ZNT/dma.o
 .ARM.attributes
                0x000000000000011f       0x2d build_ICA2D13_ZNT/spi.o
 .ARM.attributes
                0x000000000000014c       0x2d build_ICA2D13_ZNT/tim.o
 .ARM.attributes
                0x0000000000000179       0x2d build_ICA2D13_ZNT/stm32f1xx_it.o
 .ARM.attributes
                0x00000000000001a6       0x2d build_ICA2D13_ZNT/stm32f1xx_hal_msp.o
 .ARM.attributes
                0x00000000000001d3       0x2d build_ICA2D13_ZNT/stm32f1xx_hal_timebase_tim.o
 .ARM.attributes
                0x0000000000000200       0x2d build_ICA2D13_ZNT/stm32f1xx_ll_gpio.o
 .ARM.attributes
                0x000000000000022d       0x2d build_ICA2D13_ZNT/stm32f1xx_hal.o
 .ARM.attributes
                0x000000000000025a       0x2d build_ICA2D13_ZNT/stm32f1xx_hal_rcc.o
 .ARM.attributes
                0x0000000000000287       0x2d build_ICA2D13_ZNT/stm32f1xx_hal_gpio.o
 .ARM.attributes
                0x00000000000002b4       0x2d build_ICA2D13_ZNT/stm32f1xx_hal_dma.o
 .ARM.attributes
                0x00000000000002e1       0x2d build_ICA2D13_ZNT/stm32f1xx_hal_cortex.o
 .ARM.attributes
                0x000000000000030e       0x2d build_ICA2D13_ZNT/stm32f1xx_ll_exti.o
 .ARM.attributes
                0x000000000000033b       0x2d build_ICA2D13_ZNT/stm32f1xx_hal_spi.o
 .ARM.attributes
                0x0000000000000368       0x2d build_ICA2D13_ZNT/stm32f1xx_hal_tim.o
 .ARM.attributes
                0x0000000000000395       0x2d build_ICA2D13_ZNT/stm32f1xx_hal_tim_ex.o
 .ARM.attributes
                0x00000000000003c2       0x2d build_ICA2D13_ZNT/system_stm32f1xx.o
 .ARM.attributes
                0x00000000000003ef       0x2d build_ICA2D13_ZNT/list.o
 .ARM.attributes
                0x000000000000041c       0x2d build_ICA2D13_ZNT/queue.o
 .ARM.attributes
                0x0000000000000449       0x2d build_ICA2D13_ZNT/tasks.o
 .ARM.attributes
                0x0000000000000476       0x2d build_ICA2D13_ZNT/timers.o
 .ARM.attributes
                0x00000000000004a3       0x2d build_ICA2D13_ZNT/cmsis_os2.o
 .ARM.attributes
                0x00000000000004d0       0x2d build_ICA2D13_ZNT/port.o
 .ARM.attributes
                0x00000000000004fd       0x2d build_ICA2D13_ZNT/stm32f1xx_ll_tim.o
 .ARM.attributes
                0x000000000000052a       0x2d build_ICA2D13_ZNT/heap_2.o
 .ARM.attributes
                0x0000000000000557       0x2d build_ICA2D13_ZNT/usart.o
 .ARM.attributes
                0x0000000000000584       0x2d build_ICA2D13_ZNT/stm32f1xx_hal_uart.o
 .ARM.attributes
                0x00000000000005b1       0x2d build_ICA2D13_ZNT/w5500.o
 .ARM.attributes
                0x00000000000005de       0x2d build_ICA2D13_ZNT/socket.o
 .ARM.attributes
                0x000000000000060b       0x2d build_ICA2D13_ZNT/wizchip_conf.o
 .ARM.attributes
                0x0000000000000638       0x2d build_ICA2D13_ZNT/ModbusSS.o
 .ARM.attributes
                0x0000000000000665       0x2d build_ICA2D13_ZNT/Eth.o
 .ARM.attributes
                0x0000000000000692       0x2d c:/vscode/vscodestmtools/arm-none-eabi-gcc/12.2.1-1.2.1/.content/bin/../lib/gcc/arm-none-eabi/12.2.1/../../../../arm-none-eabi/lib/thumb/v7-m/nofp\libc_nano.a(libc_a-memset.o)
 .ARM.attributes
                0x00000000000006bf       0x2d c:/vscode/vscodestmtools/arm-none-eabi-gcc/12.2.1-1.2.1/.content/bin/../lib/gcc/arm-none-eabi/12.2.1/../../../../arm-none-eabi/lib/thumb/v7-m/nofp\libc_nano.a(libc_a-init.o)
 .ARM.attributes
                0x00000000000006ec       0x2d c:/vscode/vscodestmtools/arm-none-eabi-gcc/12.2.1-1.2.1/.content/bin/../lib/gcc/arm-none-eabi/12.2.1/../../../../arm-none-eabi/lib/thumb/v7-m/nofp\libc_nano.a(libc_a-memcpy-stub.o)
 .ARM.attributes
                0x0000000000000719       0x1d c:/vscode/vscodestmtools/arm-none-eabi-gcc/12.2.1-1.2.1/.content/bin/../lib/gcc/arm-none-eabi/12.2.1/thumb/v7-m/nofp/crtn.o
OUTPUT(build_ICA2D13_ZNT/ICA2D13_ZNT.elf elf32-littlearm)
LOAD linker stubs
LOAD c:/vscode/vscodestmtools/arm-none-eabi-gcc/12.2.1-1.2.1/.content/bin/../lib/gcc/arm-none-eabi/12.2.1/../../../../arm-none-eabi/lib/thumb/v7-m/nofp\libc.a
LOAD c:/vscode/vscodestmtools/arm-none-eabi-gcc/12.2.1-1.2.1/.content/bin/../lib/gcc/arm-none-eabi/12.2.1/../../../../arm-none-eabi/lib/thumb/v7-m/nofp\libm.a
LOAD c:/vscode/vscodestmtools/arm-none-eabi-gcc/12.2.1-1.2.1/.content/bin/../lib/gcc/arm-none-eabi/12.2.1/thumb/v7-m/nofp\libgcc.a

.comment        0x0000000000000000       0x39
 .comment       0x0000000000000000       0x39 c:/vscode/vscodestmtools/arm-none-eabi-gcc/12.2.1-1.2.1/.content/bin/../lib/gcc/arm-none-eabi/12.2.1/thumb/v7-m/nofp/crtbegin.o
                                         0x3a (size before relaxing)
 .comment       0x0000000000000039       0x3a build_ICA2D13_ZNT/main.o
 .comment       0x0000000000000039       0x3a build_ICA2D13_ZNT/gpio.o
 .comment       0x0000000000000039       0x3a build_ICA2D13_ZNT/freertos.o
 .comment       0x0000000000000039       0x3a build_ICA2D13_ZNT/dma.o
 .comment       0x0000000000000039       0x3a build_ICA2D13_ZNT/spi.o
 .comment       0x0000000000000039       0x3a build_ICA2D13_ZNT/tim.o
 .comment       0x0000000000000039       0x3a build_ICA2D13_ZNT/stm32f1xx_it.o
 .comment       0x0000000000000039       0x3a build_ICA2D13_ZNT/stm32f1xx_hal_msp.o
 .comment       0x0000000000000039       0x3a build_ICA2D13_ZNT/stm32f1xx_hal_timebase_tim.o
 .comment       0x0000000000000039       0x3a build_ICA2D13_ZNT/stm32f1xx_ll_gpio.o
 .comment       0x0000000000000039       0x3a build_ICA2D13_ZNT/stm32f1xx_hal.o
 .comment       0x0000000000000039       0x3a build_ICA2D13_ZNT/stm32f1xx_hal_rcc.o
 .comment       0x0000000000000039       0x3a build_ICA2D13_ZNT/stm32f1xx_hal_gpio.o
 .comment       0x0000000000000039       0x3a build_ICA2D13_ZNT/stm32f1xx_hal_dma.o
 .comment       0x0000000000000039       0x3a build_ICA2D13_ZNT/stm32f1xx_hal_cortex.o
 .comment       0x0000000000000039       0x3a build_ICA2D13_ZNT/stm32f1xx_ll_exti.o
 .comment       0x0000000000000039       0x3a build_ICA2D13_ZNT/stm32f1xx_hal_spi.o
 .comment       0x0000000000000039       0x3a build_ICA2D13_ZNT/stm32f1xx_hal_tim.o
 .comment       0x0000000000000039       0x3a build_ICA2D13_ZNT/stm32f1xx_hal_tim_ex.o
 .comment       0x0000000000000039       0x3a build_ICA2D13_ZNT/system_stm32f1xx.o
 .comment       0x0000000000000039       0x3a build_ICA2D13_ZNT/list.o
 .comment       0x0000000000000039       0x3a build_ICA2D13_ZNT/queue.o
 .comment       0x0000000000000039       0x3a build_ICA2D13_ZNT/tasks.o
 .comment       0x0000000000000039       0x3a build_ICA2D13_ZNT/timers.o
 .comment       0x0000000000000039       0x3a build_ICA2D13_ZNT/cmsis_os2.o
 .comment       0x0000000000000039       0x3a build_ICA2D13_ZNT/port.o
 .comment       0x0000000000000039       0x3a build_ICA2D13_ZNT/stm32f1xx_ll_tim.o
 .comment       0x0000000000000039       0x3a build_ICA2D13_ZNT/heap_2.o
 .comment       0x0000000000000039       0x3a build_ICA2D13_ZNT/usart.o
 .comment       0x0000000000000039       0x3a build_ICA2D13_ZNT/stm32f1xx_hal_uart.o
 .comment       0x0000000000000039       0x3a build_ICA2D13_ZNT/w5500.o
 .comment       0x0000000000000039       0x3a build_ICA2D13_ZNT/socket.o
 .comment       0x0000000000000039       0x3a build_ICA2D13_ZNT/wizchip_conf.o
 .comment       0x0000000000000039       0x3a build_ICA2D13_ZNT/ModbusSS.o
 .comment       0x0000000000000039       0x3a build_ICA2D13_ZNT/Eth.o
 .comment       0x0000000000000039       0x3a c:/vscode/vscodestmtools/arm-none-eabi-gcc/12.2.1-1.2.1/.content/bin/../lib/gcc/arm-none-eabi/12.2.1/../../../../arm-none-eabi/lib/thumb/v7-m/nofp\libc_nano.a(libc_a-memset.o)
 .comment       0x0000000000000039       0x3a c:/vscode/vscodestmtools/arm-none-eabi-gcc/12.2.1-1.2.1/.content/bin/../lib/gcc/arm-none-eabi/12.2.1/../../../../arm-none-eabi/lib/thumb/v7-m/nofp\libc_nano.a(libc_a-init.o)
 .comment       0x0000000000000039       0x3a c:/vscode/vscodestmtools/arm-none-eabi-gcc/12.2.1-1.2.1/.content/bin/../lib/gcc/arm-none-eabi/12.2.1/../../../../arm-none-eabi/lib/thumb/v7-m/nofp\libc_nano.a(libc_a-memcpy-stub.o)

.debug_info     0x0000000000000000    0x28014
 .debug_info    0x0000000000000000      0xe3f build_ICA2D13_ZNT/main.o
 .debug_info    0x0000000000000e3f      0xf11 build_ICA2D13_ZNT/gpio.o
 .debug_info    0x0000000000001d50     0x157e build_ICA2D13_ZNT/freertos.o
 .debug_info    0x00000000000032ce      0x40f build_ICA2D13_ZNT/dma.o
 .debug_info    0x00000000000036dd      0xaa8 build_ICA2D13_ZNT/spi.o
 .debug_info    0x0000000000004185      0x601 build_ICA2D13_ZNT/tim.o
 .debug_info    0x0000000000004786      0xcd4 build_ICA2D13_ZNT/stm32f1xx_it.o
 .debug_info    0x000000000000545a      0x473 build_ICA2D13_ZNT/stm32f1xx_hal_msp.o
 .debug_info    0x00000000000058cd      0xb57 build_ICA2D13_ZNT/stm32f1xx_hal_timebase_tim.o
 .debug_info    0x0000000000006424      0x8d3 build_ICA2D13_ZNT/stm32f1xx_ll_gpio.o
 .debug_info    0x0000000000006cf7      0x880 build_ICA2D13_ZNT/stm32f1xx_hal.o
 .debug_info    0x0000000000007577      0xb07 build_ICA2D13_ZNT/stm32f1xx_hal_rcc.o
 .debug_info    0x000000000000807e      0x6d7 build_ICA2D13_ZNT/stm32f1xx_hal_gpio.o
 .debug_info    0x0000000000008755      0x8b8 build_ICA2D13_ZNT/stm32f1xx_hal_dma.o
 .debug_info    0x000000000000900d      0xe13 build_ICA2D13_ZNT/stm32f1xx_hal_cortex.o
 .debug_info    0x0000000000009e20      0x54e build_ICA2D13_ZNT/stm32f1xx_ll_exti.o
 .debug_info    0x000000000000a36e     0x1f0c build_ICA2D13_ZNT/stm32f1xx_hal_spi.o
 .debug_info    0x000000000000c27a     0x3e57 build_ICA2D13_ZNT/stm32f1xx_hal_tim.o
 .debug_info    0x00000000000100d1     0x1c4f build_ICA2D13_ZNT/stm32f1xx_hal_tim_ex.o
 .debug_info    0x0000000000011d20      0x26e build_ICA2D13_ZNT/system_stm32f1xx.o
 .debug_info    0x0000000000011f8e      0x309 build_ICA2D13_ZNT/list.o
 .debug_info    0x0000000000012297     0x2927 build_ICA2D13_ZNT/queue.o
 .debug_info    0x0000000000014bbe     0x320f build_ICA2D13_ZNT/tasks.o
 .debug_info    0x0000000000017dcd     0x1bca build_ICA2D13_ZNT/timers.o
 .debug_info    0x0000000000019997     0x5246 build_ICA2D13_ZNT/cmsis_os2.o
 .debug_info    0x000000000001ebdd      0x563 build_ICA2D13_ZNT/port.o
 .debug_info    0x000000000001f140     0x12e3 build_ICA2D13_ZNT/stm32f1xx_ll_tim.o
 .debug_info    0x0000000000020423      0x3a5 build_ICA2D13_ZNT/heap_2.o
 .debug_info    0x00000000000207c8      0xc25 build_ICA2D13_ZNT/usart.o
 .debug_info    0x00000000000213ed     0x1e4c build_ICA2D13_ZNT/stm32f1xx_hal_uart.o
 .debug_info    0x0000000000023239      0x9de build_ICA2D13_ZNT/w5500.o
 .debug_info    0x0000000000023c17     0x13ef build_ICA2D13_ZNT/socket.o
 .debug_info    0x0000000000025006     0x14f5 build_ICA2D13_ZNT/wizchip_conf.o
 .debug_info    0x00000000000264fb      0x6c6 build_ICA2D13_ZNT/ModbusSS.o
 .debug_info    0x0000000000026bc1     0x1453 build_ICA2D13_ZNT/Eth.o

.debug_abbrev   0x0000000000000000     0x5ca8
 .debug_abbrev  0x0000000000000000      0x2ec build_ICA2D13_ZNT/main.o
 .debug_abbrev  0x00000000000002ec      0x2ff build_ICA2D13_ZNT/gpio.o
 .debug_abbrev  0x00000000000005eb      0x3ec build_ICA2D13_ZNT/freertos.o
 .debug_abbrev  0x00000000000009d7      0x147 build_ICA2D13_ZNT/dma.o
 .debug_abbrev  0x0000000000000b1e      0x228 build_ICA2D13_ZNT/spi.o
 .debug_abbrev  0x0000000000000d46      0x1c2 build_ICA2D13_ZNT/tim.o
 .debug_abbrev  0x0000000000000f08      0x229 build_ICA2D13_ZNT/stm32f1xx_it.o
 .debug_abbrev  0x0000000000001131      0x14e build_ICA2D13_ZNT/stm32f1xx_hal_msp.o
 .debug_abbrev  0x000000000000127f      0x22d build_ICA2D13_ZNT/stm32f1xx_hal_timebase_tim.o
 .debug_abbrev  0x00000000000014ac      0x2df build_ICA2D13_ZNT/stm32f1xx_ll_gpio.o
 .debug_abbrev  0x000000000000178b      0x232 build_ICA2D13_ZNT/stm32f1xx_hal.o
 .debug_abbrev  0x00000000000019bd      0x2b8 build_ICA2D13_ZNT/stm32f1xx_hal_rcc.o
 .debug_abbrev  0x0000000000001c75      0x222 build_ICA2D13_ZNT/stm32f1xx_hal_gpio.o
 .debug_abbrev  0x0000000000001e97      0x261 build_ICA2D13_ZNT/stm32f1xx_hal_dma.o
 .debug_abbrev  0x00000000000020f8      0x3aa build_ICA2D13_ZNT/stm32f1xx_hal_cortex.o
 .debug_abbrev  0x00000000000024a2      0x1d9 build_ICA2D13_ZNT/stm32f1xx_ll_exti.o
 .debug_abbrev  0x000000000000267b      0x2c6 build_ICA2D13_ZNT/stm32f1xx_hal_spi.o
 .debug_abbrev  0x0000000000002941      0x2b6 build_ICA2D13_ZNT/stm32f1xx_hal_tim.o
 .debug_abbrev  0x0000000000002bf7      0x2b0 build_ICA2D13_ZNT/stm32f1xx_hal_tim_ex.o
 .debug_abbrev  0x0000000000002ea7      0x140 build_ICA2D13_ZNT/system_stm32f1xx.o
 .debug_abbrev  0x0000000000002fe7      0x124 build_ICA2D13_ZNT/list.o
 .debug_abbrev  0x000000000000310b      0x454 build_ICA2D13_ZNT/queue.o
 .debug_abbrev  0x000000000000355f      0x400 build_ICA2D13_ZNT/tasks.o
 .debug_abbrev  0x000000000000395f      0x3cb build_ICA2D13_ZNT/timers.o
 .debug_abbrev  0x0000000000003d2a      0x4c6 build_ICA2D13_ZNT/cmsis_os2.o
 .debug_abbrev  0x00000000000041f0      0x2c2 build_ICA2D13_ZNT/port.o
 .debug_abbrev  0x00000000000044b2      0x2c0 build_ICA2D13_ZNT/stm32f1xx_ll_tim.o
 .debug_abbrev  0x0000000000004772      0x1be build_ICA2D13_ZNT/heap_2.o
 .debug_abbrev  0x0000000000004930      0x252 build_ICA2D13_ZNT/usart.o
 .debug_abbrev  0x0000000000004b82      0x2df build_ICA2D13_ZNT/stm32f1xx_hal_uart.o
 .debug_abbrev  0x0000000000004e61      0x287 build_ICA2D13_ZNT/w5500.o
 .debug_abbrev  0x00000000000050e8      0x203 build_ICA2D13_ZNT/socket.o
 .debug_abbrev  0x00000000000052eb      0x35e build_ICA2D13_ZNT/wizchip_conf.o
 .debug_abbrev  0x0000000000005649      0x278 build_ICA2D13_ZNT/ModbusSS.o
 .debug_abbrev  0x00000000000058c1      0x3e7 build_ICA2D13_ZNT/Eth.o

.debug_loc      0x0000000000000000    0x206f4
 .debug_loc     0x0000000000000000      0x11c build_ICA2D13_ZNT/main.o
 .debug_loc     0x000000000000011c      0x41a build_ICA2D13_ZNT/gpio.o
 .debug_loc     0x0000000000000536      0x472 build_ICA2D13_ZNT/freertos.o
 .debug_loc     0x00000000000009a8       0x38 build_ICA2D13_ZNT/dma.o
 .debug_loc     0x00000000000009e0       0xf5 build_ICA2D13_ZNT/spi.o
 .debug_loc     0x0000000000000ad5       0xda build_ICA2D13_ZNT/tim.o
 .debug_loc     0x0000000000000baf       0xe0 build_ICA2D13_ZNT/stm32f1xx_it.o
 .debug_loc     0x0000000000000c8f       0x4d build_ICA2D13_ZNT/stm32f1xx_hal_msp.o
 .debug_loc     0x0000000000000cdc      0x152 build_ICA2D13_ZNT/stm32f1xx_hal_timebase_tim.o
 .debug_loc     0x0000000000000e2e      0x5a4 build_ICA2D13_ZNT/stm32f1xx_ll_gpio.o
 .debug_loc     0x00000000000013d2      0x1e1 build_ICA2D13_ZNT/stm32f1xx_hal.o
 .debug_loc     0x00000000000015b3      0x7ee build_ICA2D13_ZNT/stm32f1xx_hal_rcc.o
 .debug_loc     0x0000000000001da1      0x53c build_ICA2D13_ZNT/stm32f1xx_hal_gpio.o
 .debug_loc     0x00000000000022dd      0x8fb build_ICA2D13_ZNT/stm32f1xx_hal_dma.o
 .debug_loc     0x0000000000002bd8      0x782 build_ICA2D13_ZNT/stm32f1xx_hal_cortex.o
 .debug_loc     0x000000000000335a      0x2eb build_ICA2D13_ZNT/stm32f1xx_ll_exti.o
 .debug_loc     0x0000000000003645     0x247b build_ICA2D13_ZNT/stm32f1xx_hal_spi.o
 .debug_loc     0x0000000000005ac0     0x5358 build_ICA2D13_ZNT/stm32f1xx_hal_tim.o
 .debug_loc     0x000000000000ae18     0x1efa build_ICA2D13_ZNT/stm32f1xx_hal_tim_ex.o
 .debug_loc     0x000000000000cd12       0xff build_ICA2D13_ZNT/system_stm32f1xx.o
 .debug_loc     0x000000000000ce11       0xe5 build_ICA2D13_ZNT/list.o
 .debug_loc     0x000000000000cef6     0x1e5d build_ICA2D13_ZNT/queue.o
 .debug_loc     0x000000000000ed53     0x2919 build_ICA2D13_ZNT/tasks.o
 .debug_loc     0x000000000001166c     0x134d build_ICA2D13_ZNT/timers.o
 .debug_loc     0x00000000000129b9     0x63ed build_ICA2D13_ZNT/cmsis_os2.o
 .debug_loc     0x0000000000018da6      0x16c build_ICA2D13_ZNT/port.o
 .debug_loc     0x0000000000018f12     0x12d7 build_ICA2D13_ZNT/stm32f1xx_ll_tim.o
 .debug_loc     0x000000000001a1e9      0x28d build_ICA2D13_ZNT/heap_2.o
 .debug_loc     0x000000000001a476      0x13d build_ICA2D13_ZNT/usart.o
 .debug_loc     0x000000000001a5b3     0x267e build_ICA2D13_ZNT/stm32f1xx_hal_uart.o
 .debug_loc     0x000000000001cc31      0x745 build_ICA2D13_ZNT/w5500.o
 .debug_loc     0x000000000001d376     0x19ca build_ICA2D13_ZNT/socket.o
 .debug_loc     0x000000000001ed40      0xfbc build_ICA2D13_ZNT/wizchip_conf.o
 .debug_loc     0x000000000001fcfc      0x602 build_ICA2D13_ZNT/ModbusSS.o
 .debug_loc     0x00000000000202fe      0x3f6 build_ICA2D13_ZNT/Eth.o

.debug_aranges  0x0000000000000000     0x19b0
 .debug_aranges
                0x0000000000000000       0x48 build_ICA2D13_ZNT/main.o
 .debug_aranges
                0x0000000000000048       0x30 build_ICA2D13_ZNT/gpio.o
 .debug_aranges
                0x0000000000000078       0x58 build_ICA2D13_ZNT/freertos.o
 .debug_aranges
                0x00000000000000d0       0x20 build_ICA2D13_ZNT/dma.o
 .debug_aranges
                0x00000000000000f0       0x30 build_ICA2D13_ZNT/spi.o
 .debug_aranges
                0x0000000000000120       0x20 build_ICA2D13_ZNT/tim.o
 .debug_aranges
                0x0000000000000140       0x70 build_ICA2D13_ZNT/stm32f1xx_it.o
 .debug_aranges
                0x00000000000001b0       0x20 build_ICA2D13_ZNT/stm32f1xx_hal_msp.o
 .debug_aranges
                0x00000000000001d0       0x30 build_ICA2D13_ZNT/stm32f1xx_hal_timebase_tim.o
 .debug_aranges
                0x0000000000000200       0x48 build_ICA2D13_ZNT/stm32f1xx_ll_gpio.o
 .debug_aranges
                0x0000000000000248       0xe0 build_ICA2D13_ZNT/stm32f1xx_hal.o
 .debug_aranges
                0x0000000000000328       0x90 build_ICA2D13_ZNT/stm32f1xx_hal_rcc.o
 .debug_aranges
                0x00000000000003b8       0x58 build_ICA2D13_ZNT/stm32f1xx_hal_gpio.o
 .debug_aranges
                0x0000000000000410       0x80 build_ICA2D13_ZNT/stm32f1xx_hal_dma.o
 .debug_aranges
                0x0000000000000490       0xc0 build_ICA2D13_ZNT/stm32f1xx_hal_cortex.o
 .debug_aranges
                0x0000000000000550       0x30 build_ICA2D13_ZNT/stm32f1xx_ll_exti.o
 .debug_aranges
                0x0000000000000580      0x1d0 build_ICA2D13_ZNT/stm32f1xx_hal_spi.o
 .debug_aranges
                0x0000000000000750      0x3d0 build_ICA2D13_ZNT/stm32f1xx_hal_tim.o
 .debug_aranges
                0x0000000000000b20      0x168 build_ICA2D13_ZNT/stm32f1xx_hal_tim_ex.o
 .debug_aranges
                0x0000000000000c88       0x28 build_ICA2D13_ZNT/system_stm32f1xx.o
 .debug_aranges
                0x0000000000000cb0       0x40 build_ICA2D13_ZNT/list.o
 .debug_aranges
                0x0000000000000cf0      0x158 build_ICA2D13_ZNT/queue.o
 .debug_aranges
                0x0000000000000e48      0x1f8 build_ICA2D13_ZNT/tasks.o
 .debug_aranges
                0x0000000000001040       0xe0 build_ICA2D13_ZNT/timers.o
 .debug_aranges
                0x0000000000001120      0x228 build_ICA2D13_ZNT/cmsis_os2.o
 .debug_aranges
                0x0000000000001348       0x78 build_ICA2D13_ZNT/port.o
 .debug_aranges
                0x00000000000013c0       0xc0 build_ICA2D13_ZNT/stm32f1xx_ll_tim.o
 .debug_aranges
                0x0000000000001480       0x40 build_ICA2D13_ZNT/heap_2.o
 .debug_aranges
                0x00000000000014c0       0x30 build_ICA2D13_ZNT/usart.o
 .debug_aranges
                0x00000000000014f0      0x200 build_ICA2D13_ZNT/stm32f1xx_hal_uart.o
 .debug_aranges
                0x00000000000016f0       0x60 build_ICA2D13_ZNT/w5500.o
 .debug_aranges
                0x0000000000001750       0x78 build_ICA2D13_ZNT/socket.o
 .debug_aranges
                0x00000000000017c8      0x138 build_ICA2D13_ZNT/wizchip_conf.o
 .debug_aranges
                0x0000000000001900       0x40 build_ICA2D13_ZNT/ModbusSS.o
 .debug_aranges
                0x0000000000001940       0x70 build_ICA2D13_ZNT/Eth.o

.debug_ranges   0x0000000000000000     0x1b78
 .debug_ranges  0x0000000000000000       0x38 build_ICA2D13_ZNT/main.o
 .debug_ranges  0x0000000000000038       0x20 build_ICA2D13_ZNT/gpio.o
 .debug_ranges  0x0000000000000058       0x78 build_ICA2D13_ZNT/freertos.o
 .debug_ranges  0x00000000000000d0       0x10 build_ICA2D13_ZNT/dma.o
 .debug_ranges  0x00000000000000e0       0x20 build_ICA2D13_ZNT/spi.o
 .debug_ranges  0x0000000000000100       0x10 build_ICA2D13_ZNT/tim.o
 .debug_ranges  0x0000000000000110       0x60 build_ICA2D13_ZNT/stm32f1xx_it.o
 .debug_ranges  0x0000000000000170       0x10 build_ICA2D13_ZNT/stm32f1xx_hal_msp.o
 .debug_ranges  0x0000000000000180       0x20 build_ICA2D13_ZNT/stm32f1xx_hal_timebase_tim.o
 .debug_ranges  0x00000000000001a0       0xb0 build_ICA2D13_ZNT/stm32f1xx_ll_gpio.o
 .debug_ranges  0x0000000000000250       0xd0 build_ICA2D13_ZNT/stm32f1xx_hal.o
 .debug_ranges  0x0000000000000320       0xa0 build_ICA2D13_ZNT/stm32f1xx_hal_rcc.o
 .debug_ranges  0x00000000000003c0       0x48 build_ICA2D13_ZNT/stm32f1xx_hal_gpio.o
 .debug_ranges  0x0000000000000408       0x70 build_ICA2D13_ZNT/stm32f1xx_hal_dma.o
 .debug_ranges  0x0000000000000478       0xb0 build_ICA2D13_ZNT/stm32f1xx_hal_cortex.o
 .debug_ranges  0x0000000000000528       0x50 build_ICA2D13_ZNT/stm32f1xx_ll_exti.o
 .debug_ranges  0x0000000000000578      0x1c0 build_ICA2D13_ZNT/stm32f1xx_hal_spi.o
 .debug_ranges  0x0000000000000738      0x3c0 build_ICA2D13_ZNT/stm32f1xx_hal_tim.o
 .debug_ranges  0x0000000000000af8      0x158 build_ICA2D13_ZNT/stm32f1xx_hal_tim_ex.o
 .debug_ranges  0x0000000000000c50       0x18 build_ICA2D13_ZNT/system_stm32f1xx.o
 .debug_ranges  0x0000000000000c68       0x30 build_ICA2D13_ZNT/list.o
 .debug_ranges  0x0000000000000c98      0x218 build_ICA2D13_ZNT/queue.o
 .debug_ranges  0x0000000000000eb0      0x320 build_ICA2D13_ZNT/tasks.o
 .debug_ranges  0x00000000000011d0       0xd0 build_ICA2D13_ZNT/timers.o
 .debug_ranges  0x00000000000012a0      0x218 build_ICA2D13_ZNT/cmsis_os2.o
 .debug_ranges  0x00000000000014b8       0x68 build_ICA2D13_ZNT/port.o
 .debug_ranges  0x0000000000001520      0x110 build_ICA2D13_ZNT/stm32f1xx_ll_tim.o
 .debug_ranges  0x0000000000001630       0x30 build_ICA2D13_ZNT/heap_2.o
 .debug_ranges  0x0000000000001660       0x20 build_ICA2D13_ZNT/usart.o
 .debug_ranges  0x0000000000001680      0x1f0 build_ICA2D13_ZNT/stm32f1xx_hal_uart.o
 .debug_ranges  0x0000000000001870       0x50 build_ICA2D13_ZNT/w5500.o
 .debug_ranges  0x00000000000018c0       0x80 build_ICA2D13_ZNT/socket.o
 .debug_ranges  0x0000000000001940      0x128 build_ICA2D13_ZNT/wizchip_conf.o
 .debug_ranges  0x0000000000001a68       0x98 build_ICA2D13_ZNT/ModbusSS.o
 .debug_ranges  0x0000000000001b00       0x78 build_ICA2D13_ZNT/Eth.o

.debug_line     0x0000000000000000    0x1ce86
 .debug_line    0x0000000000000000      0x44a build_ICA2D13_ZNT/main.o
 .debug_line    0x000000000000044a      0x4eb build_ICA2D13_ZNT/gpio.o
 .debug_line    0x0000000000000935      0x72d build_ICA2D13_ZNT/freertos.o
 .debug_line    0x0000000000001062      0x1cd build_ICA2D13_ZNT/dma.o
 .debug_line    0x000000000000122f      0x3e1 build_ICA2D13_ZNT/spi.o
 .debug_line    0x0000000000001610      0x258 build_ICA2D13_ZNT/tim.o
 .debug_line    0x0000000000001868      0x3c4 build_ICA2D13_ZNT/stm32f1xx_it.o
 .debug_line    0x0000000000001c2c      0x1e5 build_ICA2D13_ZNT/stm32f1xx_hal_msp.o
 .debug_line    0x0000000000001e11      0x307 build_ICA2D13_ZNT/stm32f1xx_hal_timebase_tim.o
 .debug_line    0x0000000000002118      0x59b build_ICA2D13_ZNT/stm32f1xx_ll_gpio.o
 .debug_line    0x00000000000026b3      0x52e build_ICA2D13_ZNT/stm32f1xx_hal.o
 .debug_line    0x0000000000002be1      0xc24 build_ICA2D13_ZNT/stm32f1xx_hal_rcc.o
 .debug_line    0x0000000000003805      0x5ab build_ICA2D13_ZNT/stm32f1xx_hal_gpio.o
 .debug_line    0x0000000000003db0      0xa53 build_ICA2D13_ZNT/stm32f1xx_hal_dma.o
 .debug_line    0x0000000000004803      0x6d1 build_ICA2D13_ZNT/stm32f1xx_hal_cortex.o
 .debug_line    0x0000000000004ed4      0x3cb build_ICA2D13_ZNT/stm32f1xx_ll_exti.o
 .debug_line    0x000000000000529f     0x2483 build_ICA2D13_ZNT/stm32f1xx_hal_spi.o
 .debug_line    0x0000000000007722     0x45ee build_ICA2D13_ZNT/stm32f1xx_hal_tim.o
 .debug_line    0x000000000000bd10     0x1bdb build_ICA2D13_ZNT/stm32f1xx_hal_tim_ex.o
 .debug_line    0x000000000000d8eb      0x246 build_ICA2D13_ZNT/system_stm32f1xx.o
 .debug_line    0x000000000000db31      0x374 build_ICA2D13_ZNT/list.o
 .debug_line    0x000000000000dea5     0x1f6e build_ICA2D13_ZNT/queue.o
 .debug_line    0x000000000000fe13     0x2ab1 build_ICA2D13_ZNT/tasks.o
 .debug_line    0x00000000000128c4      0xda4 build_ICA2D13_ZNT/timers.o
 .debug_line    0x0000000000013668     0x2da6 build_ICA2D13_ZNT/cmsis_os2.o
 .debug_line    0x000000000001640e      0x5f4 build_ICA2D13_ZNT/port.o
 .debug_line    0x0000000000016a02      0xac9 build_ICA2D13_ZNT/stm32f1xx_ll_tim.o
 .debug_line    0x00000000000174cb      0x474 build_ICA2D13_ZNT/heap_2.o
 .debug_line    0x000000000001793f      0x347 build_ICA2D13_ZNT/usart.o
 .debug_line    0x0000000000017c86     0x20c9 build_ICA2D13_ZNT/stm32f1xx_hal_uart.o
 .debug_line    0x0000000000019d4f      0x5cb build_ICA2D13_ZNT/w5500.o
 .debug_line    0x000000000001a31a     0x1175 build_ICA2D13_ZNT/socket.o
 .debug_line    0x000000000001b48f      0xc71 build_ICA2D13_ZNT/wizchip_conf.o
 .debug_line    0x000000000001c100      0x52e build_ICA2D13_ZNT/ModbusSS.o
 .debug_line    0x000000000001c62e      0x858 build_ICA2D13_ZNT/Eth.o

.debug_str      0x0000000000000000     0x8442
 .debug_str     0x0000000000000000      0x9bc build_ICA2D13_ZNT/main.o
                                        0xa9a (size before relaxing)
 .debug_str     0x00000000000009bc      0x5da build_ICA2D13_ZNT/gpio.o
                                        0x841 (size before relaxing)
 .debug_str     0x0000000000000f96      0xb6a build_ICA2D13_ZNT/freertos.o
                                       0x1060 (size before relaxing)
 .debug_str     0x0000000000001b00       0x37 build_ICA2D13_ZNT/dma.o
                                        0x527 (size before relaxing)
 .debug_str     0x0000000000001b37      0x214 build_ICA2D13_ZNT/spi.o
                                        0x6fe (size before relaxing)
 .debug_str     0x0000000000001d4b       0xe0 build_ICA2D13_ZNT/tim.o
                                        0x3af (size before relaxing)
 .debug_str     0x0000000000001e2b      0x17b build_ICA2D13_ZNT/stm32f1xx_it.o
                                        0x9fe (size before relaxing)
 .debug_str     0x0000000000001fa6       0x29 build_ICA2D13_ZNT/stm32f1xx_hal_msp.o
                                        0x550 (size before relaxing)
 .debug_str     0x0000000000001fcf       0xfe build_ICA2D13_ZNT/stm32f1xx_hal_timebase_tim.o
                                        0xae7 (size before relaxing)
 .debug_str     0x00000000000020cd       0xc8 build_ICA2D13_ZNT/stm32f1xx_ll_gpio.o
                                        0x33f (size before relaxing)
 .debug_str     0x0000000000002195      0x2ac build_ICA2D13_ZNT/stm32f1xx_hal.o
                                        0x7f9 (size before relaxing)
 .debug_str     0x0000000000002441      0x1c8 build_ICA2D13_ZNT/stm32f1xx_hal_rcc.o
                                        0x5f6 (size before relaxing)
 .debug_str     0x0000000000002609      0x102 build_ICA2D13_ZNT/stm32f1xx_hal_gpio.o
                                        0x3cb (size before relaxing)
 .debug_str     0x000000000000270b      0x208 build_ICA2D13_ZNT/stm32f1xx_hal_dma.o
                                        0x5c8 (size before relaxing)
 .debug_str     0x0000000000002913      0x24f build_ICA2D13_ZNT/stm32f1xx_hal_cortex.o
                                        0x89e (size before relaxing)
 .debug_str     0x0000000000002b62      0x133 build_ICA2D13_ZNT/stm32f1xx_ll_exti.o
                                        0x34c (size before relaxing)
 .debug_str     0x0000000000002c95      0x520 build_ICA2D13_ZNT/stm32f1xx_hal_spi.o
                                        0xb32 (size before relaxing)
 .debug_str     0x00000000000031b5      0xe9d build_ICA2D13_ZNT/stm32f1xx_hal_tim.o
                                       0x1639 (size before relaxing)
 .debug_str     0x0000000000004052      0x54b build_ICA2D13_ZNT/stm32f1xx_hal_tim_ex.o
                                        0xe55 (size before relaxing)
 .debug_str     0x000000000000459d       0x4f build_ICA2D13_ZNT/system_stm32f1xx.o
                                        0x21f (size before relaxing)
 .debug_str     0x00000000000045ec      0x14d build_ICA2D13_ZNT/list.o
                                        0x2c0 (size before relaxing)
 .debug_str     0x0000000000004739      0x9b7 build_ICA2D13_ZNT/queue.o
                                        0xc4b (size before relaxing)
 .debug_str     0x00000000000050f0      0xc3e build_ICA2D13_ZNT/tasks.o
                                       0x123a (size before relaxing)
 .debug_str     0x0000000000005d2e      0x5a9 build_ICA2D13_ZNT/timers.o
                                        0xbc0 (size before relaxing)
 .debug_str     0x00000000000062d7      0x9ea build_ICA2D13_ZNT/cmsis_os2.o
                                       0x191c (size before relaxing)
 .debug_str     0x0000000000006cc1      0x17d build_ICA2D13_ZNT/port.o
                                        0x42c (size before relaxing)
 .debug_str     0x0000000000006e3e      0x3f3 build_ICA2D13_ZNT/stm32f1xx_ll_tim.o
                                        0x836 (size before relaxing)
 .debug_str     0x0000000000007231      0x156 build_ICA2D13_ZNT/heap_2.o
                                        0x32a (size before relaxing)
 .debug_str     0x0000000000007387       0x4e build_ICA2D13_ZNT/usart.o
                                        0xa1e (size before relaxing)
 .debug_str     0x00000000000073d5      0x55c build_ICA2D13_ZNT/stm32f1xx_hal_uart.o
                                        0xc59 (size before relaxing)
 .debug_str     0x0000000000007931      0x146 build_ICA2D13_ZNT/w5500.o
                                        0x2e2 (size before relaxing)
 .debug_str     0x0000000000007a77      0x264 build_ICA2D13_ZNT/socket.o
                                        0x49f (size before relaxing)